<html>
<body>
<pre>
<h1>µVision Build Log</h1>
<h2>Tool Versions:</h2>
IDE-Version: µVision V5.14.0.0
Copyright (C) 2015 ARM Ltd and ARM Germany GmbH. All rights reserved.
License Information: azzam winuser, Hewlett-Packard, LIC=----
 
Tool Versions:
Toolchain:       MDK-Lite  Version: 5.14.0.0
Toolchain Path:  C:\Keil_v5\ARM\ARMCC\Bin
C Compiler:      Armcc.exe V5.05 update 1 (build 106)
Assembler:       Armasm.exe V5.05 update 1 (build 106)
Linker/Locator:  ArmLink.exe V5.05 update 1 (build 106)
Library Manager: ArmAr.exe V5.05 update 1 (build 106)
Hex Converter:   FromElf.exe V5.05 update 1 (build 106)
CPU DLL:         SARMCM3.DLL V5.14.0.0
Dialog DLL:      DCM.DLL V1.13.1.0
Target DLL:      STLink\ST-LINKIII-KEIL_SWO.dll V2.0.14.0_KEIL
Dialog DLL:      TCM.DLL V1.14.4.0
 
<h2>Project:</h2>
C:\Users\winuser\Documents\GitHub\CannonBall-Nucleo-STM32F401\MBED_RTX.uvprojx
Project File Date:  02/25/2015

<h2>Output:</h2>
Rebuild target 'mbed NUCLEO_F401RE'
compiling main.cpp...
main.cpp(151): warning:  #1-D: last line of file ends without a newline
  }
main.cpp: 1 warning, 0 errors
assembling SVC_Table.s...
compiling rt_Semaphore.c...
compiling rt_Event.c...
compiling rt_List.c...
compiling rt_Mutex.c...
compiling HAL_CM.c...
compiling rt_Task.c...
compiling rt_CMSIS.c...
compiling rt_System.c...
compiling rt_Time.c...
compiling rt_MemBox.c...
compiling rt_Robin.c...
compiling RTX_Conf_CM.c...
compiling rt_Mailbox.c...
compiling HAL_CM4.c...
compiling Thread.cpp...
compiling Semaphore.cpp...
compiling Mutex.cpp...
compiling RtosTimer.cpp...
linking...
Program Size: Code=28996 RO-data=2016 RW-data=368 ZI-data=3908  
After Build - User command #1: fromelf --bin -o build\MBED_RTX_NUCLEO_F401RE.bin build\MBED_RTX.axf
".\build\MBED_RTX.axf" - 0 Error(s), 1 Warning(s).

<h2>Collection of Component include folders:</h2>
  C:\Users\winuser\Documents\GitHub\CannonBall-Nucleo-STM32F401\RTE
  C:\Keil_v5\ARM\PACK\Keil\STM32F4xx_DFP\2.3.0\Drivers\CMSIS\Device\ST\STM32F4xx\Include

<h2>Collection of Component Files used:</h2>
</pre>
</body>
</html>
