<!doctype html public "-//w3c//dtd html 4.0 transitional//en">
<html><head>
<title>Static Call Graph - [.\build\MBED_RTX.axf]</title></head>
<body><HR>
<H1>Static Call Graph for image .\build\MBED_RTX.axf</H1><HR>
<BR><P>#&#060CALLGRAPH&#062# ARM Linker, 5050106: Last Updated: Thu Mar 26 18:17:52 2015
<BR><P>
<H3>Maximum Stack Usage =        248 bytes + Unknown(Cycles, Untraceable Function Pointers)</H3><H3>
Call chain for Maximum Stack Depth:</H3>
__sti___8_main_cpp_usb &rArr; SerialDriver::SerialDriver(PinName, PinName, int, int, unsigned char*, unsigned char*) &rArr; mbed::SerialBase::SerialBase(PinName, PinName) &rArr; serial_init &rArr; pinmap_pinout &rArr; pin_function &rArr; Set_GPIO_Clock &rArr; error &rArr; exit &rArr; mbed_die &rArr; wait_ms &rArr; us_ticker_read &rArr; HAL_InitTick &rArr; NVIC_SetVector &rArr; __aeabi_memmove4
<P>
<H3>
Mutually Recursive functions
</H3> <LI><a href="#[a]">NMI_Handler</a>&nbsp;&nbsp;&nbsp;&rArr;&nbsp;&nbsp;&nbsp;<a href="#[a]">NMI_Handler</a><BR>
 <LI><a href="#[b]">HardFault_Handler</a>&nbsp;&nbsp;&nbsp;&rArr;&nbsp;&nbsp;&nbsp;<a href="#[b]">HardFault_Handler</a><BR>
 <LI><a href="#[c]">MemManage_Handler</a>&nbsp;&nbsp;&nbsp;&rArr;&nbsp;&nbsp;&nbsp;<a href="#[c]">MemManage_Handler</a><BR>
 <LI><a href="#[d]">BusFault_Handler</a>&nbsp;&nbsp;&nbsp;&rArr;&nbsp;&nbsp;&nbsp;<a href="#[d]">BusFault_Handler</a><BR>
 <LI><a href="#[e]">UsageFault_Handler</a>&nbsp;&nbsp;&nbsp;&rArr;&nbsp;&nbsp;&nbsp;<a href="#[e]">UsageFault_Handler</a><BR>
 <LI><a href="#[10]">DebugMon_Handler</a>&nbsp;&nbsp;&nbsp;&rArr;&nbsp;&nbsp;&nbsp;<a href="#[10]">DebugMon_Handler</a><BR>
 <LI><a href="#[25]">ADC_IRQHandler</a>&nbsp;&nbsp;&nbsp;&rArr;&nbsp;&nbsp;&nbsp;<a href="#[25]">ADC_IRQHandler</a><BR>
</UL>
<P>
<H3>
Function Pointers
</H3><UL>
 <LI><a href="#[58]">&lang;Func1&rang;</a> from SerialBase.o(i.<Func1>) referenced from SerialBase.o(i._ZN4mbed10SerialBaseC1E7PinNameS1_)
 <LI><a href="#[25]">ADC_IRQHandler</a> from startup_stm32f401xe.o(.text) referenced from startup_stm32f401xe.o(RESET)
 <LI><a href="#[d]">BusFault_Handler</a> from startup_stm32f401xe.o(.text) referenced from startup_stm32f401xe.o(RESET)
 <LI><a href="#[1e]">DMA1_Stream0_IRQHandler</a> from startup_stm32f401xe.o(.text) referenced from startup_stm32f401xe.o(RESET)
 <LI><a href="#[1f]">DMA1_Stream1_IRQHandler</a> from startup_stm32f401xe.o(.text) referenced from startup_stm32f401xe.o(RESET)
 <LI><a href="#[20]">DMA1_Stream2_IRQHandler</a> from startup_stm32f401xe.o(.text) referenced from startup_stm32f401xe.o(RESET)
 <LI><a href="#[21]">DMA1_Stream3_IRQHandler</a> from startup_stm32f401xe.o(.text) referenced from startup_stm32f401xe.o(RESET)
 <LI><a href="#[22]">DMA1_Stream4_IRQHandler</a> from startup_stm32f401xe.o(.text) referenced from startup_stm32f401xe.o(RESET)
 <LI><a href="#[23]">DMA1_Stream5_IRQHandler</a> from startup_stm32f401xe.o(.text) referenced from startup_stm32f401xe.o(RESET)
 <LI><a href="#[24]">DMA1_Stream6_IRQHandler</a> from startup_stm32f401xe.o(.text) referenced from startup_stm32f401xe.o(RESET)
 <LI><a href="#[39]">DMA1_Stream7_IRQHandler</a> from startup_stm32f401xe.o(.text) referenced from startup_stm32f401xe.o(RESET)
 <LI><a href="#[3d]">DMA2_Stream0_IRQHandler</a> from startup_stm32f401xe.o(.text) referenced from startup_stm32f401xe.o(RESET)
 <LI><a href="#[3e]">DMA2_Stream1_IRQHandler</a> from startup_stm32f401xe.o(.text) referenced from startup_stm32f401xe.o(RESET)
 <LI><a href="#[3f]">DMA2_Stream2_IRQHandler</a> from startup_stm32f401xe.o(.text) referenced from startup_stm32f401xe.o(RESET)
 <LI><a href="#[40]">DMA2_Stream3_IRQHandler</a> from startup_stm32f401xe.o(.text) referenced from startup_stm32f401xe.o(RESET)
 <LI><a href="#[41]">DMA2_Stream4_IRQHandler</a> from startup_stm32f401xe.o(.text) referenced from startup_stm32f401xe.o(RESET)
 <LI><a href="#[43]">DMA2_Stream5_IRQHandler</a> from startup_stm32f401xe.o(.text) referenced from startup_stm32f401xe.o(RESET)
 <LI><a href="#[44]">DMA2_Stream6_IRQHandler</a> from startup_stm32f401xe.o(.text) referenced from startup_stm32f401xe.o(RESET)
 <LI><a href="#[45]">DMA2_Stream7_IRQHandler</a> from startup_stm32f401xe.o(.text) referenced from startup_stm32f401xe.o(RESET)
 <LI><a href="#[10]">DebugMon_Handler</a> from startup_stm32f401xe.o(.text) referenced from startup_stm32f401xe.o(RESET)
 <LI><a href="#[19]">EXTI0_IRQHandler</a> from startup_stm32f401xe.o(.text) referenced from startup_stm32f401xe.o(RESET)
 <LI><a href="#[36]">EXTI15_10_IRQHandler</a> from startup_stm32f401xe.o(.text) referenced from startup_stm32f401xe.o(RESET)
 <LI><a href="#[1a]">EXTI1_IRQHandler</a> from startup_stm32f401xe.o(.text) referenced from startup_stm32f401xe.o(RESET)
 <LI><a href="#[1b]">EXTI2_IRQHandler</a> from startup_stm32f401xe.o(.text) referenced from startup_stm32f401xe.o(RESET)
 <LI><a href="#[1c]">EXTI3_IRQHandler</a> from startup_stm32f401xe.o(.text) referenced from startup_stm32f401xe.o(RESET)
 <LI><a href="#[1d]">EXTI4_IRQHandler</a> from startup_stm32f401xe.o(.text) referenced from startup_stm32f401xe.o(RESET)
 <LI><a href="#[26]">EXTI9_5_IRQHandler</a> from startup_stm32f401xe.o(.text) referenced from startup_stm32f401xe.o(RESET)
 <LI><a href="#[17]">FLASH_IRQHandler</a> from startup_stm32f401xe.o(.text) referenced from startup_stm32f401xe.o(RESET)
 <LI><a href="#[49]">FPU_IRQHandler</a> from startup_stm32f401xe.o(.text) referenced from startup_stm32f401xe.o(RESET)
 <LI><a href="#[b]">HardFault_Handler</a> from startup_stm32f401xe.o(.text) referenced from startup_stm32f401xe.o(RESET)
 <LI><a href="#[2f]">I2C1_ER_IRQHandler</a> from startup_stm32f401xe.o(.text) referenced from startup_stm32f401xe.o(RESET)
 <LI><a href="#[2e]">I2C1_EV_IRQHandler</a> from startup_stm32f401xe.o(.text) referenced from startup_stm32f401xe.o(RESET)
 <LI><a href="#[31]">I2C2_ER_IRQHandler</a> from startup_stm32f401xe.o(.text) referenced from startup_stm32f401xe.o(RESET)
 <LI><a href="#[30]">I2C2_EV_IRQHandler</a> from startup_stm32f401xe.o(.text) referenced from startup_stm32f401xe.o(RESET)
 <LI><a href="#[48]">I2C3_ER_IRQHandler</a> from startup_stm32f401xe.o(.text) referenced from startup_stm32f401xe.o(RESET)
 <LI><a href="#[47]">I2C3_EV_IRQHandler</a> from startup_stm32f401xe.o(.text) referenced from startup_stm32f401xe.o(RESET)
 <LI><a href="#[c]">MemManage_Handler</a> from startup_stm32f401xe.o(.text) referenced from startup_stm32f401xe.o(RESET)
 <LI><a href="#[a]">NMI_Handler</a> from startup_stm32f401xe.o(.text) referenced from startup_stm32f401xe.o(RESET)
 <LI><a href="#[42]">OTG_FS_IRQHandler</a> from startup_stm32f401xe.o(.text) referenced from startup_stm32f401xe.o(RESET)
 <LI><a href="#[38]">OTG_FS_WKUP_IRQHandler</a> from startup_stm32f401xe.o(.text) referenced from startup_stm32f401xe.o(RESET)
 <LI><a href="#[14]">PVD_IRQHandler</a> from startup_stm32f401xe.o(.text) referenced from startup_stm32f401xe.o(RESET)
 <LI><a href="#[11]">PendSV_Handler</a> from hal_cm4.o(.emb_text) referenced from startup_stm32f401xe.o(RESET)
 <LI><a href="#[18]">RCC_IRQHandler</a> from startup_stm32f401xe.o(.text) referenced from startup_stm32f401xe.o(RESET)
 <LI><a href="#[37]">RTC_Alarm_IRQHandler</a> from startup_stm32f401xe.o(.text) referenced from startup_stm32f401xe.o(RESET)
 <LI><a href="#[16]">RTC_WKUP_IRQHandler</a> from startup_stm32f401xe.o(.text) referenced from startup_stm32f401xe.o(RESET)
 <LI><a href="#[9]">Reset_Handler</a> from startup_stm32f401xe.o(.text) referenced from startup_stm32f401xe.o(RESET)
 <LI><a href="#[3a]">SDIO_IRQHandler</a> from startup_stm32f401xe.o(.text) referenced from startup_stm32f401xe.o(RESET)
 <LI><a href="#[32]">SPI1_IRQHandler</a> from startup_stm32f401xe.o(.text) referenced from startup_stm32f401xe.o(RESET)
 <LI><a href="#[33]">SPI2_IRQHandler</a> from startup_stm32f401xe.o(.text) referenced from startup_stm32f401xe.o(RESET)
 <LI><a href="#[3c]">SPI3_IRQHandler</a> from startup_stm32f401xe.o(.text) referenced from startup_stm32f401xe.o(RESET)
 <LI><a href="#[4a]">SPI4_IRQHandler</a> from startup_stm32f401xe.o(.text) referenced from startup_stm32f401xe.o(RESET)
 <LI><a href="#[f]">SVC_Handler</a> from hal_cm4.o(.emb_text) referenced from startup_stm32f401xe.o(RESET)
 <LI><a href="#[12]">SysTick_Handler</a> from hal_cm4.o(.emb_text) referenced from startup_stm32f401xe.o(RESET)
 <LI><a href="#[50]">SystemInit</a> from system_stm32f4xx.o(i.SystemInit) referenced from startup_stm32f401xe.o(.text)
 <LI><a href="#[15]">TAMP_STAMP_IRQHandler</a> from startup_stm32f401xe.o(.text) referenced from startup_stm32f401xe.o(RESET)
 <LI><a href="#[27]">TIM1_BRK_TIM9_IRQHandler</a> from startup_stm32f401xe.o(.text) referenced from startup_stm32f401xe.o(RESET)
 <LI><a href="#[2a]">TIM1_CC_IRQHandler</a> from startup_stm32f401xe.o(.text) referenced from startup_stm32f401xe.o(RESET)
 <LI><a href="#[29]">TIM1_TRG_COM_TIM11_IRQHandler</a> from startup_stm32f401xe.o(.text) referenced from startup_stm32f401xe.o(RESET)
 <LI><a href="#[28]">TIM1_UP_TIM10_IRQHandler</a> from startup_stm32f401xe.o(.text) referenced from startup_stm32f401xe.o(RESET)
 <LI><a href="#[2b]">TIM2_IRQHandler</a> from startup_stm32f401xe.o(.text) referenced from startup_stm32f401xe.o(RESET)
 <LI><a href="#[2c]">TIM3_IRQHandler</a> from startup_stm32f401xe.o(.text) referenced from startup_stm32f401xe.o(RESET)
 <LI><a href="#[2d]">TIM4_IRQHandler</a> from startup_stm32f401xe.o(.text) referenced from startup_stm32f401xe.o(RESET)
 <LI><a href="#[3b]">TIM5_IRQHandler</a> from startup_stm32f401xe.o(.text) referenced from startup_stm32f401xe.o(RESET)
 <LI><a href="#[34]">USART1_IRQHandler</a> from startup_stm32f401xe.o(.text) referenced from startup_stm32f401xe.o(RESET)
 <LI><a href="#[35]">USART2_IRQHandler</a> from startup_stm32f401xe.o(.text) referenced from startup_stm32f401xe.o(RESET)
 <LI><a href="#[46]">USART6_IRQHandler</a> from startup_stm32f401xe.o(.text) referenced from startup_stm32f401xe.o(RESET)
 <LI><a href="#[e]">UsageFault_Handler</a> from startup_stm32f401xe.o(.text) referenced from startup_stm32f401xe.o(RESET)
 <LI><a href="#[13]">WWDG_IRQHandler</a> from startup_stm32f401xe.o(.text) referenced from startup_stm32f401xe.o(RESET)
 <LI><a href="#[5b]">__default_new_handler()</a> from arm_newhandler_noexceptions.o(.text) referenced from new.o(i._Znwj)
 <LI><a href="#[6]">SerialDriver::onRxIrq()</a> from serialdriver.o(.text) referenced 2 times from serialdriver.o(.data)
 <LI><a href="#[5]">SerialDriver::onTxIrq()</a> from serialdriver.o(.text) referenced 2 times from serialdriver.o(.data)
 <LI><a href="#[4d]">SerialDriver::~SerialDriver()</a> from main.o(i._ZN12SerialDriverD1Ev) referenced from main.o(.constdata__ZTV12SerialDriver)
 <LI><a href="#[4d]">SerialDriver::~SerialDriver()</a> from main.o(i._ZN12SerialDriverD1Ev) referenced from main.o(.text)
 <LI><a href="#[56]">[local to arm_exceptions_c]::__default_terminate_handler()</a> from arm_exceptions_globs.o(.text) referenced from arm_exceptions_globs.o(.text)
 <LI><a href="#[59]">mbed::SerialBase::_irq_handler(unsigned, SerialIrq)</a> from SerialBase.o(i._ZN4mbed10SerialBase12_irq_handlerEj9SerialIrq) referenced from SerialBase.o(i._ZN4mbed10SerialBaseC1E7PinNameS1_)
 <LI><a href="#[5a]">mbed::InterruptIn::_irq_handler(unsigned, gpio_irq_event)</a> from InterruptIn.o(i._ZN4mbed11InterruptIn12_irq_handlerEj14gpio_irq_event) referenced from InterruptIn.o(i._ZN4mbed11InterruptInC1E7PinName)
 <LI><a href="#[4e]">mbed::InterruptIn::~InterruptIn()</a> from InterruptIn.o(i._ZN4mbed11InterruptInD1Ev) referenced from InterruptIn.o(.constdata__ZTVN4mbed11InterruptInE)
 <LI><a href="#[4e]">mbed::InterruptIn::~InterruptIn()</a> from InterruptIn.o(i._ZN4mbed11InterruptInD1Ev) referenced from main.o(.text)
 <LI><a href="#[69]">void mbed::FunctionPointer::membercaller&lang;SerialDriver&rang;(void*, char*)</a> from serialdriver.o(t._ZN4mbed15FunctionPointer12membercallerI12SerialDriverEEvPvPc) referenced from serialdriver.o(t._ZN4mbed10SerialBase6attachI12SerialDriverEEvPT_MS3_FvvENS0_7IrqTypeE)
 <LI><a href="#[51]">__main</a> from entry.o(.ARM.Collect$$$$00000000) referenced from startup_stm32f401xe.o(.text)
 <LI><a href="#[6a]">__sti___8_main_cpp_usb</a> from main.o(.text) referenced from main.o(.init_array)
 <LI><a href="#[53]">_sbackspace</a> from _sgetc.o(.text) referenced from __0sscanf.o(.text)
 <LI><a href="#[54]">_scanf_char_input</a> from scanf_char.o(.text) referenced from scanf_char.o(.text)
 <LI><a href="#[52]">_sgetc</a> from _sgetc.o(.text) referenced from __0sscanf.o(.text)
 <LI><a href="#[5d]">_snputc</a> from printfa.o(i._snputc) referenced from printfa.o(i.__0vsnprintf)
 <LI><a href="#[5e]">_sputc</a> from printfa.o(i._sputc) referenced from printfa.o(i.__0vsprintf)
 <LI><a href="#[5c]">fputc</a> from fputc_fp.o(.text) referenced from printfa.o(i.__0fprintf)
 <LI><a href="#[5c]">fputc</a> from fputc_fp.o(.text) referenced from printfa.o(i.__0vfprintf)
 <LI><a href="#[5f]">gpio_irq0</a> from gpio_irq_api.o(i.gpio_irq0) referenced from gpio_irq_api.o(i.gpio_irq_init)
 <LI><a href="#[60]">gpio_irq1</a> from gpio_irq_api.o(i.gpio_irq1) referenced from gpio_irq_api.o(i.gpio_irq_init)
 <LI><a href="#[61]">gpio_irq2</a> from gpio_irq_api.o(i.gpio_irq2) referenced from gpio_irq_api.o(i.gpio_irq_init)
 <LI><a href="#[62]">gpio_irq3</a> from gpio_irq_api.o(i.gpio_irq3) referenced from gpio_irq_api.o(i.gpio_irq_init)
 <LI><a href="#[63]">gpio_irq4</a> from gpio_irq_api.o(i.gpio_irq4) referenced from gpio_irq_api.o(i.gpio_irq_init)
 <LI><a href="#[64]">gpio_irq5</a> from gpio_irq_api.o(i.gpio_irq5) referenced from gpio_irq_api.o(i.gpio_irq_init)
 <LI><a href="#[65]">gpio_irq6</a> from gpio_irq_api.o(i.gpio_irq6) referenced from gpio_irq_api.o(i.gpio_irq_init)
 <LI><a href="#[55]">isspace</a> from isspace_c.o(.text) referenced from scanf_char.o(.text)
 <LI><a href="#[8]">main</a> from retarget.o(i.$Sub$$main) referenced 2 times from rtx_conf_cm.o(.data)
 <LI><a href="#[d4]">osThreadExit</a> from rt_cmsis.o(.text) referenced from rt_cmsis.o(.text)
 <LI><a href="#[7]">osTimerThread</a> from rt_cmsis.o(.text) referenced 2 times from rtx_conf_cm.o(.data)
 <LI><a href="#[4f]">os_idle_demon</a> from rtx_conf_cm.o(.text) referenced from rt_task.o(.text)
 <LI><a href="#[4b]">rt_alloc_box</a> from rt_membox.o(.text) referenced from hal_cm4.o(.emb_text)
 <LI><a href="#[4c]">rt_free_box</a> from rt_membox.o(.text) referenced from hal_cm4.o(.emb_text)
 <LI><a href="#[e4]">svcDelay</a> from rt_cmsis.o(.text) referenced from rt_cmsis.o(.text)
 <LI><a href="#[cc]">svcKernelInitialize</a> from rt_cmsis.o(.text) referenced from rt_cmsis.o(.text)
 <LI><a href="#[db]">svcKernelRunning</a> from rt_cmsis.o(.text) referenced from rt_cmsis.o(.text)
 <LI><a href="#[d7]">svcKernelStart</a> from rt_cmsis.o(.text) referenced from rt_cmsis.o(.text)
 <LI><a href="#[125]">svcMailCreate</a> from rt_cmsis.o(.text) referenced from rt_cmsis.o(.text)
 <LI><a href="#[d5]">svcMessageCreate</a> from rt_cmsis.o(.text) referenced from rt_cmsis.o(.text)
 <LI><a href="#[f8]">svcMessageGet</a> from rt_cmsis.o(.text) referenced from rt_cmsis.o(.text)
 <LI><a href="#[121]">svcMessagePut</a> from rt_cmsis.o(.text) referenced from rt_cmsis.o(.text)
 <LI><a href="#[106]">svcMutexCreate</a> from rt_cmsis.o(.text) referenced from rt_cmsis.o(.text)
 <LI><a href="#[10a]">svcMutexDelete</a> from rt_cmsis.o(.text) referenced from rt_cmsis.o(.text)
 <LI><a href="#[109]">svcMutexRelease</a> from rt_cmsis.o(.text) referenced from rt_cmsis.o(.text)
 <LI><a href="#[108]">svcMutexWait</a> from rt_cmsis.o(.text) referenced from rt_cmsis.o(.text)
 <LI><a href="#[118]">svcPoolCreate</a> from rt_cmsis.o(.text) referenced from rt_cmsis.o(.text)
 <LI><a href="#[10f]">svcSemaphoreCreate</a> from rt_cmsis.o(.text) referenced from rt_cmsis.o(.text)
 <LI><a href="#[113]">svcSemaphoreDelete</a> from rt_cmsis.o(.text) referenced from rt_cmsis.o(.text)
 <LI><a href="#[112]">svcSemaphoreRelease</a> from rt_cmsis.o(.text) referenced from rt_cmsis.o(.text)
 <LI><a href="#[111]">svcSemaphoreWait</a> from rt_cmsis.o(.text) referenced from rt_cmsis.o(.text)
 <LI><a href="#[fe]">svcSignalClear</a> from rt_cmsis.o(.text) referenced from rt_cmsis.o(.text)
 <LI><a href="#[100]">svcSignalGet</a> from rt_cmsis.o(.text) referenced from rt_cmsis.o(.text)
 <LI><a href="#[fd]">svcSignalSet</a> from rt_cmsis.o(.text) referenced from rt_cmsis.o(.text)
 <LI><a href="#[101]">svcSignalWait</a> from rt_cmsis.o(.text) referenced from rt_cmsis.o(.text)
 <LI><a href="#[d2]">svcThreadCreate</a> from rt_cmsis.o(.text) referenced from rt_cmsis.o(.text)
 <LI><a href="#[ce]">svcThreadGetId</a> from rt_cmsis.o(.text) referenced 2 times from rt_cmsis.o(.text)
 <LI><a href="#[de]">svcThreadGetPriority</a> from rt_cmsis.o(.text) referenced from rt_cmsis.o(.text)
 <LI><a href="#[dd]">svcThreadSetPriority</a> from rt_cmsis.o(.text) referenced from rt_cmsis.o(.text)
 <LI><a href="#[d0]">svcThreadTerminate</a> from rt_cmsis.o(.text) referenced 2 times from rt_cmsis.o(.text)
 <LI><a href="#[dc]">svcThreadYield</a> from rt_cmsis.o(.text) referenced from rt_cmsis.o(.text)
 <LI><a href="#[ef]">svcTimerCall</a> from rt_cmsis.o(.text) referenced from rt_cmsis.o(.text)
 <LI><a href="#[e8]">svcTimerCreate</a> from rt_cmsis.o(.text) referenced from rt_cmsis.o(.text)
 <LI><a href="#[ee]">svcTimerDelete</a> from rt_cmsis.o(.text) referenced from rt_cmsis.o(.text)
 <LI><a href="#[e9]">svcTimerStart</a> from rt_cmsis.o(.text) referenced from rt_cmsis.o(.text)
 <LI><a href="#[ed]">svcTimerStop</a> from rt_cmsis.o(.text) referenced from rt_cmsis.o(.text)
 <LI><a href="#[126]">sysMailAlloc</a> from rt_cmsis.o(.text) referenced 2 times from rt_cmsis.o(.text)
 <LI><a href="#[127]">sysMailFree</a> from rt_cmsis.o(.text) referenced from rt_cmsis.o(.text)
 <LI><a href="#[11a]">sysPoolAlloc</a> from rt_cmsis.o(.text) referenced 2 times from rt_cmsis.o(.text)
 <LI><a href="#[11c]">sysPoolFree</a> from rt_cmsis.o(.text) referenced from rt_cmsis.o(.text)
 <LI><a href="#[57]">timer_irq_handler</a> from hal_tick.o(i.timer_irq_handler) referenced from hal_tick.o(i.HAL_InitTick)
 <LI><a href="#[67]">uart1_irq</a> from serial_api.o(i.uart1_irq) referenced from serial_api.o(i.serial_irq_set)
 <LI><a href="#[66]">uart2_irq</a> from serial_api.o(i.uart2_irq) referenced from serial_api.o(i.serial_irq_set)
 <LI><a href="#[68]">uart6_irq</a> from serial_api.o(i.uart6_irq) referenced from serial_api.o(i.serial_irq_set)
</UL>
<P>
<H3>
Global Symbols
</H3>
<P><STRONG><a name="[51]"></a>__main</STRONG> (Thumb, 0 bytes, Stack size unknown bytes, entry.o(.ARM.Collect$$$$00000000))
<BR>[Address Reference Count : 1]<UL><LI> startup_stm32f401xe.o(.text)
</UL>
<P><STRONG><a name="[1b6]"></a>_main_stk</STRONG> (Thumb, 0 bytes, Stack size unknown bytes, entry2.o(.ARM.Collect$$$$00000001))

<P><STRONG><a name="[6c]"></a>_main_scatterload</STRONG> (Thumb, 0 bytes, Stack size unknown bytes, entry5.o(.ARM.Collect$$$$00000004))
<BR><BR>[Calls]<UL><LI><a href="#[6d]">&gt;&gt;</a>&nbsp;&nbsp;&nbsp;__scatterload
</UL>

<P><STRONG><a name="[155]"></a>__main_after_scatterload</STRONG> (Thumb, 0 bytes, Stack size unknown bytes, entry5.o(.ARM.Collect$$$$00000004))
<BR><BR>[Called By]<UL><LI><a href="#[6d]">&gt;&gt;</a>&nbsp;&nbsp;&nbsp;__scatterload
</UL>

<P><STRONG><a name="[6e]"></a>__use_full_stdio</STRONG> (Thumb, 0 bytes, Stack size unknown bytes, entry6b.o(.ARM.Collect$$$$00000006))
<BR><BR>[Stack]<UL><LI>Max Depth = 248 + Unknown Stack Size
<LI>Call Chain = __use_full_stdio &rArr; _initio &rArr; _sys_open &rArr; __0sscanf &rArr; __vfscanf_char &rArr; __vfscanf &rArr; _scanf_int
</UL>
<BR>[Calls]<UL><LI><a href="#[6f]">&gt;&gt;</a>&nbsp;&nbsp;&nbsp;_initio
</UL>

<P><STRONG><a name="[13a]"></a>__main_after_initio</STRONG> (Thumb, 0 bytes, Stack size unknown bytes, entry6b.o(.ARM.Collect$$$$00000006))
<BR><BR>[Called By]<UL><LI><a href="#[6f]">&gt;&gt;</a>&nbsp;&nbsp;&nbsp;_initio
</UL>

<P><STRONG><a name="[1b7]"></a>_main_clock</STRONG> (Thumb, 0 bytes, Stack size unknown bytes, entry7b.o(.ARM.Collect$$$$00000008))

<P><STRONG><a name="[70]"></a>_main_cpp_init$empty</STRONG> (Thumb, 0 bytes, Stack size unknown bytes, entry8a.o(.ARM.Collect$$$$00000009))
<BR><BR>[Stack]<UL><LI>Max Depth = 16 + Unknown Stack Size
<LI>Call Chain = _main_cpp_init$empty &rArr; __cpp_initialize__aeabi_
</UL>
<BR>[Calls]<UL><LI><a href="#[6b]">&gt;&gt;</a>&nbsp;&nbsp;&nbsp;__cpp_initialize__aeabi_
</UL>

<P><STRONG><a name="[1b8]"></a>__rt_final_cpp</STRONG> (Thumb, 0 bytes, Stack size 0 bytes, entry10a.o(.ARM.Collect$$$$0000000D))

<P><STRONG><a name="[1b9]"></a>__rt_final_exit</STRONG> (Thumb, 0 bytes, Stack size 0 bytes, entry11a.o(.ARM.Collect$$$$0000000F))

<P><STRONG><a name="[1ba]"></a>_main_cpp_init</STRONG> (Thumb, 0 bytes, Stack size 0 bytes, entry8b.o(.ARM.Collect$$$$0000000A))

<P><STRONG><a name="[71]"></a>_main_init</STRONG> (Thumb, 22 bytes, Stack size 0 bytes, rtx_conf_cm.o(.ARM.Collect$$$$000000FF))
<BR><BR>[Stack]<UL><LI>Max Depth = 120<LI>Call Chain = _main_init &rArr; osThreadCreate &rArr; svcThreadCreate &rArr; sysThreadError &rArr; mbed_die &rArr; wait_ms &rArr; us_ticker_read &rArr; HAL_InitTick &rArr; NVIC_SetVector &rArr; __aeabi_memmove4
</UL>
<BR>[Calls]<UL><LI><a href="#[73]">&gt;&gt;</a>&nbsp;&nbsp;&nbsp;set_main_stack
<LI><a href="#[74]">&gt;&gt;</a>&nbsp;&nbsp;&nbsp;osThreadCreate
<LI><a href="#[75]">&gt;&gt;</a>&nbsp;&nbsp;&nbsp;osKernelStart
<LI><a href="#[72]">&gt;&gt;</a>&nbsp;&nbsp;&nbsp;osKernelInitialize
</UL>

<P><STRONG><a name="[1bb]"></a>rt_set_PSP</STRONG> (Thumb, 6 bytes, Stack size 0 bytes, hal_cm4.o(.emb_text), UNUSED)

<P><STRONG><a name="[c7]"></a>rt_get_PSP</STRONG> (Thumb, 6 bytes, Stack size 0 bytes, hal_cm4.o(.emb_text))
<BR><BR>[Called By]<UL><LI><a href="#[c6]">&gt;&gt;</a>&nbsp;&nbsp;&nbsp;rt_tsk_delete
</UL>

<P><STRONG><a name="[1bc]"></a>os_set_env</STRONG> (Thumb, 24 bytes, Stack size 0 bytes, hal_cm4.o(.emb_text), UNUSED)

<P><STRONG><a name="[136]"></a>_alloc_box</STRONG> (Thumb, 28 bytes, Stack size 0 bytes, hal_cm4.o(.emb_text), UNUSED)
<BR><BR>[Called By]<UL><LI><a href="#[135]">&gt;&gt;</a>&nbsp;&nbsp;&nbsp;_calloc_box
</UL>

<P><STRONG><a name="[1bd]"></a>_free_box</STRONG> (Thumb, 28 bytes, Stack size 0 bytes, hal_cm4.o(.emb_text), UNUSED)

<P><STRONG><a name="[f]"></a>SVC_Handler</STRONG> (Thumb, 148 bytes, Stack size 0 bytes, hal_cm4.o(.emb_text))
<BR><BR>[Stack]<UL><LI>Max Depth = 80<LI>Call Chain = SVC_Handler &rArr; rt_stk_check &rArr; os_error &rArr; mbed_die &rArr; wait_ms &rArr; us_ticker_read &rArr; HAL_InitTick &rArr; NVIC_SetVector &rArr; __aeabi_memmove4
</UL>
<BR>[Calls]<UL><LI><a href="#[76]">&gt;&gt;</a>&nbsp;&nbsp;&nbsp;rt_stk_check
</UL>
<BR>[Address Reference Count : 1]<UL><LI> startup_stm32f401xe.o(RESET)
</UL>
<P><STRONG><a name="[11]"></a>PendSV_Handler</STRONG> (Thumb, 96 bytes, Stack size 0 bytes, hal_cm4.o(.emb_text))
<BR><BR>[Stack]<UL><LI>Max Depth = 112<LI>Call Chain = PendSV_Handler &rArr; rt_pop_req &rArr; rt_mbx_psh &rArr; os_error &rArr; mbed_die &rArr; wait_ms &rArr; us_ticker_read &rArr; HAL_InitTick &rArr; NVIC_SetVector &rArr; __aeabi_memmove4
</UL>
<BR>[Calls]<UL><LI><a href="#[77]">&gt;&gt;</a>&nbsp;&nbsp;&nbsp;rt_pop_req
<LI><a href="#[76]">&gt;&gt;</a>&nbsp;&nbsp;&nbsp;rt_stk_check
</UL>
<BR>[Address Reference Count : 1]<UL><LI> startup_stm32f401xe.o(RESET)
</UL>
<P><STRONG><a name="[12]"></a>SysTick_Handler</STRONG> (Thumb, 8 bytes, Stack size 0 bytes, hal_cm4.o(.emb_text))
<BR><BR>[Stack]<UL><LI>Max Depth = 152<LI>Call Chain = SysTick_Handler &rArr; rt_systick &rArr; sysTimerTick &rArr; isrMessagePut &rArr; isr_mbx_send &rArr; rt_psq_enq &rArr; os_error &rArr; mbed_die &rArr; wait_ms &rArr; us_ticker_read &rArr; HAL_InitTick &rArr; NVIC_SetVector &rArr; __aeabi_memmove4
</UL>
<BR>[Calls]<UL><LI><a href="#[78]">&gt;&gt;</a>&nbsp;&nbsp;&nbsp;rt_systick
</UL>
<BR>[Address Reference Count : 1]<UL><LI> startup_stm32f401xe.o(RESET)
</UL>
<P><STRONG><a name="[79]"></a>OS_Tick_Handler</STRONG> (Thumb, 12 bytes, Stack size 0 bytes, hal_cm4.o(.emb_text), UNUSED)
<BR><BR>[Calls]<UL><LI><a href="#[7a]">&gt;&gt;</a>&nbsp;&nbsp;&nbsp;os_tick_irqack
<LI><a href="#[78]">&gt;&gt;</a>&nbsp;&nbsp;&nbsp;rt_systick
</UL>

<P><STRONG><a name="[7b]"></a>$Super$$main</STRONG> (Thumb, 260 bytes, Stack size 8 bytes, main.o(.text))
<BR><BR>[Stack]<UL><LI>Max Depth = 176<LI>Call Chain = $Super$$main &rArr; SerialDriver::putc(int, unsigned) &rArr; SerialDriver::onTxIrq() &rArr; rtos::Semaphore::release() &rArr; osSemaphoreRelease &rArr; isr_sem_send &rArr; rt_psq_enq &rArr; os_error &rArr; mbed_die &rArr; wait_ms &rArr; us_ticker_read &rArr; HAL_InitTick &rArr; NVIC_SetVector &rArr; __aeabi_memmove4
</UL>
<BR>[Calls]<UL><LI><a href="#[7e]">&gt;&gt;</a>&nbsp;&nbsp;&nbsp;mbed::PwmOut::write(float)
<LI><a href="#[7c]">&gt;&gt;</a>&nbsp;&nbsp;&nbsp;mbed::DigitalOut::operator =(int)
<LI><a href="#[80]">&gt;&gt;</a>&nbsp;&nbsp;&nbsp;mbed::Timer::read_us()
<LI><a href="#[81]">&gt;&gt;</a>&nbsp;&nbsp;&nbsp;mbed::Timer::read_ms()
<LI><a href="#[7f]">&gt;&gt;</a>&nbsp;&nbsp;&nbsp;mbed::Timer::start()
<LI><a href="#[7d]">&gt;&gt;</a>&nbsp;&nbsp;&nbsp;mbed::SerialBase::baud(int)
<LI><a href="#[83]">&gt;&gt;</a>&nbsp;&nbsp;&nbsp;SerialDriver::putc(int, unsigned)
<LI><a href="#[82]">&gt;&gt;</a>&nbsp;&nbsp;&nbsp;SerialDriver::getc(unsigned)
</UL>
<BR>[Called By]<UL><LI><a href="#[8]">&gt;&gt;</a>&nbsp;&nbsp;&nbsp;main
</UL>

<P><STRONG><a name="[84]"></a>SerialDriver::SerialDriver(PinName, PinName, int, int, unsigned char*, unsigned char*)</STRONG> (Thumb, 206 bytes, Stack size 40 bytes, serialdriver.o(.text))
<BR><BR>[Stack]<UL><LI>Max Depth = 224<LI>Call Chain = SerialDriver::SerialDriver(PinName, PinName, int, int, unsigned char*, unsigned char*) &rArr; mbed::SerialBase::SerialBase(PinName, PinName) &rArr; serial_init &rArr; pinmap_pinout &rArr; pin_function &rArr; Set_GPIO_Clock &rArr; error &rArr; exit &rArr; mbed_die &rArr; wait_ms &rArr; us_ticker_read &rArr; HAL_InitTick &rArr; NVIC_SetVector &rArr; __aeabi_memmove4
</UL>
<BR>[Calls]<UL><LI><a href="#[8f]">&gt;&gt;</a>&nbsp;&nbsp;&nbsp;void mbed::SerialBase::attach&lang;SerialDriver&rang;(T1*, void(T1::*)(), mbed::SerialBase::IrqType)
<LI><a href="#[8d]">&gt;&gt;</a>&nbsp;&nbsp;&nbsp;error
<LI><a href="#[8c]">&gt;&gt;</a>&nbsp;&nbsp;&nbsp;rtos::Semaphore::Semaphore(int)
<LI><a href="#[8b]">&gt;&gt;</a>&nbsp;&nbsp;&nbsp;mbed::SerialBase::SerialBase(PinName, PinName)
<LI><a href="#[8e]">&gt;&gt;</a>&nbsp;&nbsp;&nbsp;operator new[] (unsigned)
</UL>
<BR>[Called By]<UL><LI><a href="#[6a]">&gt;&gt;</a>&nbsp;&nbsp;&nbsp;__sti___8_main_cpp_usb
</UL>

<P><STRONG><a name="[1be]"></a>SerialDriver::SerialDriver__sub_object(PinName, PinName, int, int, unsigned char*, unsigned char*)</STRONG> (Thumb, 0 bytes, Stack size 40 bytes, serialdriver.o(.text), UNUSED)

<P><STRONG><a name="[5]"></a>SerialDriver::onTxIrq()</STRONG> (Thumb, 104 bytes, Stack size 16 bytes, serialdriver.o(.text))
<BR><BR>[Stack]<UL><LI>Max Depth = 152<LI>Call Chain = SerialDriver::onTxIrq() &rArr; rtos::Semaphore::release() &rArr; osSemaphoreRelease &rArr; isr_sem_send &rArr; rt_psq_enq &rArr; os_error &rArr; mbed_die &rArr; wait_ms &rArr; us_ticker_read &rArr; HAL_InitTick &rArr; NVIC_SetVector &rArr; __aeabi_memmove4
</UL>
<BR>[Calls]<UL><LI><a href="#[90]">&gt;&gt;</a>&nbsp;&nbsp;&nbsp;SerialDriver::disableTxInterrupt()
<LI><a href="#[95]">&gt;&gt;</a>&nbsp;&nbsp;&nbsp;SerialDriver::enableTxInterrupt()
<LI><a href="#[91]">&gt;&gt;</a>&nbsp;&nbsp;&nbsp;SerialDriver::isTxBufferFull()
<LI><a href="#[94]">&gt;&gt;</a>&nbsp;&nbsp;&nbsp;rtos::Semaphore::release()
<LI><a href="#[93]">&gt;&gt;</a>&nbsp;&nbsp;&nbsp;mbed::SerialBase::writeable()
<LI><a href="#[92]">&gt;&gt;</a>&nbsp;&nbsp;&nbsp;mbed::SerialBase::_base_putc(int)
</UL>
<BR>[Called By]<UL><LI><a href="#[83]">&gt;&gt;</a>&nbsp;&nbsp;&nbsp;SerialDriver::putc(int, unsigned)
</UL>
<BR>[Address Reference Count : 1]<UL><LI> serialdriver.o(.data)
</UL>
<P><STRONG><a name="[83]"></a>SerialDriver::putc(int, unsigned)</STRONG> (Thumb, 132 bytes, Stack size 16 bytes, serialdriver.o(.text))
<BR><BR>[Stack]<UL><LI>Max Depth = 168<LI>Call Chain = SerialDriver::putc(int, unsigned) &rArr; SerialDriver::onTxIrq() &rArr; rtos::Semaphore::release() &rArr; osSemaphoreRelease &rArr; isr_sem_send &rArr; rt_psq_enq &rArr; os_error &rArr; mbed_die &rArr; wait_ms &rArr; us_ticker_read &rArr; HAL_InitTick &rArr; NVIC_SetVector &rArr; __aeabi_memmove4
</UL>
<BR>[Calls]<UL><LI><a href="#[90]">&gt;&gt;</a>&nbsp;&nbsp;&nbsp;SerialDriver::disableTxInterrupt()
<LI><a href="#[95]">&gt;&gt;</a>&nbsp;&nbsp;&nbsp;SerialDriver::enableTxInterrupt()
<LI><a href="#[91]">&gt;&gt;</a>&nbsp;&nbsp;&nbsp;SerialDriver::isTxBufferFull()
<LI><a href="#[96]">&gt;&gt;</a>&nbsp;&nbsp;&nbsp;rtos::Semaphore::wait(unsigned)
<LI><a href="#[5]">&gt;&gt;</a>&nbsp;&nbsp;&nbsp;SerialDriver::onTxIrq()
</UL>
<BR>[Called By]<UL><LI><a href="#[7b]">&gt;&gt;</a>&nbsp;&nbsp;&nbsp;$Super$$main
<LI><a href="#[9c]">&gt;&gt;</a>&nbsp;&nbsp;&nbsp;SerialDriver::write(const unsigned char*, unsigned, bool)
</UL>

<P><STRONG><a name="[6]"></a>SerialDriver::onRxIrq()</STRONG> (Thumb, 130 bytes, Stack size 16 bytes, serialdriver.o(.text))
<BR><BR>[Stack]<UL><LI>Max Depth = 152<LI>Call Chain = SerialDriver::onRxIrq() &rArr; rtos::Semaphore::release() &rArr; osSemaphoreRelease &rArr; isr_sem_send &rArr; rt_psq_enq &rArr; os_error &rArr; mbed_die &rArr; wait_ms &rArr; us_ticker_read &rArr; HAL_InitTick &rArr; NVIC_SetVector &rArr; __aeabi_memmove4
</UL>
<BR>[Calls]<UL><LI><a href="#[97]">&gt;&gt;</a>&nbsp;&nbsp;&nbsp;SerialDriver::disableRxInterrupt()
<LI><a href="#[9b]">&gt;&gt;</a>&nbsp;&nbsp;&nbsp;SerialDriver::enableRxInterrupt()
<LI><a href="#[98]">&gt;&gt;</a>&nbsp;&nbsp;&nbsp;SerialDriver::isRxBufferEmpty()
<LI><a href="#[94]">&gt;&gt;</a>&nbsp;&nbsp;&nbsp;rtos::Semaphore::release()
<LI><a href="#[9a]">&gt;&gt;</a>&nbsp;&nbsp;&nbsp;mbed::SerialBase::readable()
<LI><a href="#[99]">&gt;&gt;</a>&nbsp;&nbsp;&nbsp;mbed::SerialBase::_base_getc()
</UL>
<BR>[Called By]<UL><LI><a href="#[82]">&gt;&gt;</a>&nbsp;&nbsp;&nbsp;SerialDriver::getc(unsigned)
</UL>
<BR>[Address Reference Count : 1]<UL><LI> serialdriver.o(.data)
</UL>
<P><STRONG><a name="[82]"></a>SerialDriver::getc(unsigned)</STRONG> (Thumb, 126 bytes, Stack size 16 bytes, serialdriver.o(.text))
<BR><BR>[Stack]<UL><LI>Max Depth = 168<LI>Call Chain = SerialDriver::getc(unsigned) &rArr; SerialDriver::onRxIrq() &rArr; rtos::Semaphore::release() &rArr; osSemaphoreRelease &rArr; isr_sem_send &rArr; rt_psq_enq &rArr; os_error &rArr; mbed_die &rArr; wait_ms &rArr; us_ticker_read &rArr; HAL_InitTick &rArr; NVIC_SetVector &rArr; __aeabi_memmove4
</UL>
<BR>[Calls]<UL><LI><a href="#[97]">&gt;&gt;</a>&nbsp;&nbsp;&nbsp;SerialDriver::disableRxInterrupt()
<LI><a href="#[9b]">&gt;&gt;</a>&nbsp;&nbsp;&nbsp;SerialDriver::enableRxInterrupt()
<LI><a href="#[98]">&gt;&gt;</a>&nbsp;&nbsp;&nbsp;SerialDriver::isRxBufferEmpty()
<LI><a href="#[96]">&gt;&gt;</a>&nbsp;&nbsp;&nbsp;rtos::Semaphore::wait(unsigned)
<LI><a href="#[6]">&gt;&gt;</a>&nbsp;&nbsp;&nbsp;SerialDriver::onRxIrq()
</UL>
<BR>[Called By]<UL><LI><a href="#[7b]">&gt;&gt;</a>&nbsp;&nbsp;&nbsp;$Super$$main
<LI><a href="#[9d]">&gt;&gt;</a>&nbsp;&nbsp;&nbsp;SerialDriver::read(unsigned char*, unsigned, bool)
</UL>

<P><STRONG><a name="[9c]"></a>SerialDriver::write(const unsigned char*, unsigned, bool)</STRONG> (Thumb, 54 bytes, Stack size 24 bytes, serialdriver.o(.text), UNUSED)
<BR><BR>[Calls]<UL><LI><a href="#[83]">&gt;&gt;</a>&nbsp;&nbsp;&nbsp;SerialDriver::putc(int, unsigned)
</UL>
<BR>[Called By]<UL><LI><a href="#[9e]">&gt;&gt;</a>&nbsp;&nbsp;&nbsp;SerialDriver::puts(const char*, bool)
</UL>

<P><STRONG><a name="[9d]"></a>SerialDriver::read(unsigned char*, unsigned, bool)</STRONG> (Thumb, 62 bytes, Stack size 32 bytes, serialdriver.o(.text), UNUSED)
<BR><BR>[Calls]<UL><LI><a href="#[82]">&gt;&gt;</a>&nbsp;&nbsp;&nbsp;SerialDriver::getc(unsigned)
</UL>

<P><STRONG><a name="[9e]"></a>SerialDriver::puts(const char*, bool)</STRONG> (Thumb, 34 bytes, Stack size 24 bytes, serialdriver.o(.text), UNUSED)
<BR><BR>[Calls]<UL><LI><a href="#[9c]">&gt;&gt;</a>&nbsp;&nbsp;&nbsp;SerialDriver::write(const unsigned char*, unsigned, bool)
<LI><a href="#[9f]">&gt;&gt;</a>&nbsp;&nbsp;&nbsp;strlen
</UL>
<BR>[Called By]<UL><LI><a href="#[a0]">&gt;&gt;</a>&nbsp;&nbsp;&nbsp;SerialDriver::printf(const char*, ...)
</UL>

<P><STRONG><a name="[a0]"></a>SerialDriver::printf(const char*, ...)</STRONG> (Thumb, 70 bytes, Stack size 40 bytes, serialdriver.o(.text), UNUSED)
<BR><BR>[Calls]<UL><LI><a href="#[9e]">&gt;&gt;</a>&nbsp;&nbsp;&nbsp;SerialDriver::puts(const char*, bool)
<LI><a href="#[8e]">&gt;&gt;</a>&nbsp;&nbsp;&nbsp;operator new[] (unsigned)
<LI><a href="#[a3]">&gt;&gt;</a>&nbsp;&nbsp;&nbsp;operator delete[] (void*)
<LI><a href="#[a2]">&gt;&gt;</a>&nbsp;&nbsp;&nbsp;__c89vsprintf
<LI><a href="#[a1]">&gt;&gt;</a>&nbsp;&nbsp;&nbsp;__c89vsnprintf
</UL>

<P><STRONG><a name="[110]"></a>rt_sem_init</STRONG> (Thumb, 16 bytes, Stack size 0 bytes, rt_semaphore.o(.text))
<BR><BR>[Called By]<UL><LI><a href="#[10f]">&gt;&gt;</a>&nbsp;&nbsp;&nbsp;svcSemaphoreCreate
</UL>

<P><STRONG><a name="[a4]"></a>rt_sem_delete</STRONG> (Thumb, 100 bytes, Stack size 16 bytes, rt_semaphore.o(.text))
<BR><BR>[Stack]<UL><LI>Max Depth = 36<LI>Call Chain = rt_sem_delete &rArr; rt_dispatch &rArr; rt_put_prio
</UL>
<BR>[Calls]<UL><LI><a href="#[a7]">&gt;&gt;</a>&nbsp;&nbsp;&nbsp;rt_rmv_dly
<LI><a href="#[a6]">&gt;&gt;</a>&nbsp;&nbsp;&nbsp;rt_ret_val
<LI><a href="#[a8]">&gt;&gt;</a>&nbsp;&nbsp;&nbsp;rt_put_prio
<LI><a href="#[a5]">&gt;&gt;</a>&nbsp;&nbsp;&nbsp;rt_get_first
<LI><a href="#[a9]">&gt;&gt;</a>&nbsp;&nbsp;&nbsp;rt_dispatch
</UL>
<BR>[Called By]<UL><LI><a href="#[113]">&gt;&gt;</a>&nbsp;&nbsp;&nbsp;svcSemaphoreDelete
</UL>

<P><STRONG><a name="[aa]"></a>rt_sem_send</STRONG> (Thumb, 50 bytes, Stack size 16 bytes, rt_semaphore.o(.text))
<BR><BR>[Stack]<UL><LI>Max Depth = 36<LI>Call Chain = rt_sem_send &rArr; rt_dispatch &rArr; rt_put_prio
</UL>
<BR>[Calls]<UL><LI><a href="#[a7]">&gt;&gt;</a>&nbsp;&nbsp;&nbsp;rt_rmv_dly
<LI><a href="#[a6]">&gt;&gt;</a>&nbsp;&nbsp;&nbsp;rt_ret_val
<LI><a href="#[a5]">&gt;&gt;</a>&nbsp;&nbsp;&nbsp;rt_get_first
<LI><a href="#[a9]">&gt;&gt;</a>&nbsp;&nbsp;&nbsp;rt_dispatch
</UL>
<BR>[Called By]<UL><LI><a href="#[112]">&gt;&gt;</a>&nbsp;&nbsp;&nbsp;svcSemaphoreRelease
</UL>

<P><STRONG><a name="[ab]"></a>rt_sem_wait</STRONG> (Thumb, 76 bytes, Stack size 16 bytes, rt_semaphore.o(.text))
<BR><BR>[Stack]<UL><LI>Max Depth = 48<LI>Call Chain = rt_sem_wait &rArr; rt_block &rArr; rt_put_dly
</UL>
<BR>[Calls]<UL><LI><a href="#[a8]">&gt;&gt;</a>&nbsp;&nbsp;&nbsp;rt_put_prio
<LI><a href="#[ac]">&gt;&gt;</a>&nbsp;&nbsp;&nbsp;rt_block
</UL>
<BR>[Called By]<UL><LI><a href="#[111]">&gt;&gt;</a>&nbsp;&nbsp;&nbsp;svcSemaphoreWait
</UL>

<P><STRONG><a name="[ad]"></a>isr_sem_send</STRONG> (Thumb, 20 bytes, Stack size 16 bytes, rt_semaphore.o(.text))
<BR><BR>[Stack]<UL><LI>Max Depth = 112<LI>Call Chain = isr_sem_send &rArr; rt_psq_enq &rArr; os_error &rArr; mbed_die &rArr; wait_ms &rArr; us_ticker_read &rArr; HAL_InitTick &rArr; NVIC_SetVector &rArr; __aeabi_memmove4
</UL>
<BR>[Calls]<UL><LI><a href="#[ae]">&gt;&gt;</a>&nbsp;&nbsp;&nbsp;rt_psq_enq
<LI><a href="#[af]">&gt;&gt;</a>&nbsp;&nbsp;&nbsp;rt_psh_req
</UL>
<BR>[Called By]<UL><LI><a href="#[116]">&gt;&gt;</a>&nbsp;&nbsp;&nbsp;osSemaphoreRelease
</UL>

<P><STRONG><a name="[b0]"></a>rt_sem_psh</STRONG> (Thumb, 52 bytes, Stack size 16 bytes, rt_semaphore.o(.text))
<BR><BR>[Stack]<UL><LI>Max Depth = 32<LI>Call Chain = rt_sem_psh &rArr; rt_ret_val
</UL>
<BR>[Calls]<UL><LI><a href="#[a7]">&gt;&gt;</a>&nbsp;&nbsp;&nbsp;rt_rmv_dly
<LI><a href="#[a6]">&gt;&gt;</a>&nbsp;&nbsp;&nbsp;rt_ret_val
<LI><a href="#[a8]">&gt;&gt;</a>&nbsp;&nbsp;&nbsp;rt_put_prio
<LI><a href="#[a5]">&gt;&gt;</a>&nbsp;&nbsp;&nbsp;rt_get_first
</UL>
<BR>[Called By]<UL><LI><a href="#[77]">&gt;&gt;</a>&nbsp;&nbsp;&nbsp;rt_pop_req
</UL>

<P><STRONG><a name="[b1]"></a>rt_evt_wait</STRONG> (Thumb, 110 bytes, Stack size 24 bytes, rt_event.o(.text))
<BR><BR>[Stack]<UL><LI>Max Depth = 56<LI>Call Chain = rt_evt_wait &rArr; rt_block &rArr; rt_put_dly
</UL>
<BR>[Calls]<UL><LI><a href="#[ac]">&gt;&gt;</a>&nbsp;&nbsp;&nbsp;rt_block
</UL>
<BR>[Called By]<UL><LI><a href="#[101]">&gt;&gt;</a>&nbsp;&nbsp;&nbsp;svcSignalWait
</UL>

<P><STRONG><a name="[b2]"></a>rt_evt_set</STRONG> (Thumb, 100 bytes, Stack size 16 bytes, rt_event.o(.text))
<BR><BR>[Stack]<UL><LI>Max Depth = 40<LI>Call Chain = rt_evt_set &rArr; rt_ret_val2
</UL>
<BR>[Calls]<UL><LI><a href="#[b3]">&gt;&gt;</a>&nbsp;&nbsp;&nbsp;rt_ret_val2
<LI><a href="#[a7]">&gt;&gt;</a>&nbsp;&nbsp;&nbsp;rt_rmv_dly
<LI><a href="#[a9]">&gt;&gt;</a>&nbsp;&nbsp;&nbsp;rt_dispatch
</UL>
<BR>[Called By]<UL><LI><a href="#[fd]">&gt;&gt;</a>&nbsp;&nbsp;&nbsp;svcSignalSet
</UL>

<P><STRONG><a name="[ff]"></a>rt_evt_clr</STRONG> (Thumb, 26 bytes, Stack size 8 bytes, rt_event.o(.text))
<BR><BR>[Stack]<UL><LI>Max Depth = 8<LI>Call Chain = rt_evt_clr
</UL>
<BR>[Called By]<UL><LI><a href="#[fe]">&gt;&gt;</a>&nbsp;&nbsp;&nbsp;svcSignalClear
</UL>

<P><STRONG><a name="[b4]"></a>isr_evt_set</STRONG> (Thumb, 34 bytes, Stack size 16 bytes, rt_event.o(.text), UNUSED)
<BR><BR>[Calls]<UL><LI><a href="#[ae]">&gt;&gt;</a>&nbsp;&nbsp;&nbsp;rt_psq_enq
<LI><a href="#[af]">&gt;&gt;</a>&nbsp;&nbsp;&nbsp;rt_psh_req
</UL>
<BR>[Called By]<UL><LI><a href="#[102]">&gt;&gt;</a>&nbsp;&nbsp;&nbsp;osSignalSet
</UL>

<P><STRONG><a name="[1bf]"></a>rt_evt_get</STRONG> (Thumb, 8 bytes, Stack size 0 bytes, rt_event.o(.text), UNUSED)

<P><STRONG><a name="[b5]"></a>rt_evt_psh</STRONG> (Thumb, 88 bytes, Stack size 16 bytes, rt_event.o(.text))
<BR><BR>[Stack]<UL><LI>Max Depth = 40<LI>Call Chain = rt_evt_psh &rArr; rt_ret_val2
</UL>
<BR>[Calls]<UL><LI><a href="#[b3]">&gt;&gt;</a>&nbsp;&nbsp;&nbsp;rt_ret_val2
<LI><a href="#[a7]">&gt;&gt;</a>&nbsp;&nbsp;&nbsp;rt_rmv_dly
<LI><a href="#[a8]">&gt;&gt;</a>&nbsp;&nbsp;&nbsp;rt_put_prio
</UL>
<BR>[Called By]<UL><LI><a href="#[77]">&gt;&gt;</a>&nbsp;&nbsp;&nbsp;rt_pop_req
</UL>

<P><STRONG><a name="[a8]"></a>rt_put_prio</STRONG> (Thumb, 64 bytes, Stack size 12 bytes, rt_list.o(.text))
<BR><BR>[Stack]<UL><LI>Max Depth = 12<LI>Call Chain = rt_put_prio
</UL>
<BR>[Called By]<UL><LI><a href="#[132]">&gt;&gt;</a>&nbsp;&nbsp;&nbsp;rt_mbx_psh
<LI><a href="#[133]">&gt;&gt;</a>&nbsp;&nbsp;&nbsp;rt_chk_robin
<LI><a href="#[f9]">&gt;&gt;</a>&nbsp;&nbsp;&nbsp;rt_mbx_wait
<LI><a href="#[122]">&gt;&gt;</a>&nbsp;&nbsp;&nbsp;rt_mbx_send
<LI><a href="#[126]">&gt;&gt;</a>&nbsp;&nbsp;&nbsp;sysMailAlloc
<LI><a href="#[c5]">&gt;&gt;</a>&nbsp;&nbsp;&nbsp;rt_tsk_prio
<LI><a href="#[c3]">&gt;&gt;</a>&nbsp;&nbsp;&nbsp;rt_tsk_pass
<LI><a href="#[bc]">&gt;&gt;</a>&nbsp;&nbsp;&nbsp;rt_mut_wait
<LI><a href="#[bb]">&gt;&gt;</a>&nbsp;&nbsp;&nbsp;rt_mut_release
<LI><a href="#[ba]">&gt;&gt;</a>&nbsp;&nbsp;&nbsp;rt_mut_delete
<LI><a href="#[b8]">&gt;&gt;</a>&nbsp;&nbsp;&nbsp;rt_dec_dly
<LI><a href="#[b6]">&gt;&gt;</a>&nbsp;&nbsp;&nbsp;rt_resort_prio
<LI><a href="#[b5]">&gt;&gt;</a>&nbsp;&nbsp;&nbsp;rt_evt_psh
<LI><a href="#[a9]">&gt;&gt;</a>&nbsp;&nbsp;&nbsp;rt_dispatch
<LI><a href="#[b0]">&gt;&gt;</a>&nbsp;&nbsp;&nbsp;rt_sem_psh
<LI><a href="#[ab]">&gt;&gt;</a>&nbsp;&nbsp;&nbsp;rt_sem_wait
<LI><a href="#[a4]">&gt;&gt;</a>&nbsp;&nbsp;&nbsp;rt_sem_delete
</UL>

<P><STRONG><a name="[a5]"></a>rt_get_first</STRONG> (Thumb, 50 bytes, Stack size 0 bytes, rt_list.o(.text))
<BR><BR>[Called By]<UL><LI><a href="#[132]">&gt;&gt;</a>&nbsp;&nbsp;&nbsp;rt_mbx_psh
<LI><a href="#[133]">&gt;&gt;</a>&nbsp;&nbsp;&nbsp;rt_chk_robin
<LI><a href="#[78]">&gt;&gt;</a>&nbsp;&nbsp;&nbsp;rt_systick
<LI><a href="#[77]">&gt;&gt;</a>&nbsp;&nbsp;&nbsp;rt_pop_req
<LI><a href="#[130]">&gt;&gt;</a>&nbsp;&nbsp;&nbsp;rt_resume
<LI><a href="#[f9]">&gt;&gt;</a>&nbsp;&nbsp;&nbsp;rt_mbx_wait
<LI><a href="#[122]">&gt;&gt;</a>&nbsp;&nbsp;&nbsp;rt_mbx_send
<LI><a href="#[127]">&gt;&gt;</a>&nbsp;&nbsp;&nbsp;sysMailFree
<LI><a href="#[c5]">&gt;&gt;</a>&nbsp;&nbsp;&nbsp;rt_tsk_prio
<LI><a href="#[bb]">&gt;&gt;</a>&nbsp;&nbsp;&nbsp;rt_mut_release
<LI><a href="#[ba]">&gt;&gt;</a>&nbsp;&nbsp;&nbsp;rt_mut_delete
<LI><a href="#[a9]">&gt;&gt;</a>&nbsp;&nbsp;&nbsp;rt_dispatch
<LI><a href="#[ac]">&gt;&gt;</a>&nbsp;&nbsp;&nbsp;rt_block
<LI><a href="#[b0]">&gt;&gt;</a>&nbsp;&nbsp;&nbsp;rt_sem_psh
<LI><a href="#[aa]">&gt;&gt;</a>&nbsp;&nbsp;&nbsp;rt_sem_send
<LI><a href="#[a4]">&gt;&gt;</a>&nbsp;&nbsp;&nbsp;rt_sem_delete
</UL>

<P><STRONG><a name="[c1]"></a>rt_put_rdy_first</STRONG> (Thumb, 16 bytes, Stack size 0 bytes, rt_list.o(.text))
<BR><BR>[Called By]<UL><LI><a href="#[78]">&gt;&gt;</a>&nbsp;&nbsp;&nbsp;rt_systick
<LI><a href="#[77]">&gt;&gt;</a>&nbsp;&nbsp;&nbsp;rt_pop_req
<LI><a href="#[130]">&gt;&gt;</a>&nbsp;&nbsp;&nbsp;rt_resume
<LI><a href="#[a9]">&gt;&gt;</a>&nbsp;&nbsp;&nbsp;rt_dispatch
</UL>

<P><STRONG><a name="[c4]"></a>rt_get_same_rdy_prio</STRONG> (Thumb, 34 bytes, Stack size 0 bytes, rt_list.o(.text))
<BR><BR>[Called By]<UL><LI><a href="#[c3]">&gt;&gt;</a>&nbsp;&nbsp;&nbsp;rt_tsk_pass
</UL>

<P><STRONG><a name="[b7]"></a>rt_rmv_list</STRONG> (Thumb, 48 bytes, Stack size 0 bytes, rt_list.o(.text))
<BR><BR>[Called By]<UL><LI><a href="#[c6]">&gt;&gt;</a>&nbsp;&nbsp;&nbsp;rt_tsk_delete
<LI><a href="#[b6]">&gt;&gt;</a>&nbsp;&nbsp;&nbsp;rt_resort_prio
</UL>

<P><STRONG><a name="[b6]"></a>rt_resort_prio</STRONG> (Thumb, 48 bytes, Stack size 12 bytes, rt_list.o(.text))
<BR><BR>[Stack]<UL><LI>Max Depth = 24<LI>Call Chain = rt_resort_prio &rArr; rt_put_prio
</UL>
<BR>[Calls]<UL><LI><a href="#[b7]">&gt;&gt;</a>&nbsp;&nbsp;&nbsp;rt_rmv_list
<LI><a href="#[a8]">&gt;&gt;</a>&nbsp;&nbsp;&nbsp;rt_put_prio
</UL>
<BR>[Called By]<UL><LI><a href="#[c5]">&gt;&gt;</a>&nbsp;&nbsp;&nbsp;rt_tsk_prio
<LI><a href="#[bc]">&gt;&gt;</a>&nbsp;&nbsp;&nbsp;rt_mut_wait
<LI><a href="#[ba]">&gt;&gt;</a>&nbsp;&nbsp;&nbsp;rt_mut_delete
</UL>

<P><STRONG><a name="[c2]"></a>rt_put_dly</STRONG> (Thumb, 88 bytes, Stack size 16 bytes, rt_list.o(.text))
<BR><BR>[Stack]<UL><LI>Max Depth = 16<LI>Call Chain = rt_put_dly
</UL>
<BR>[Called By]<UL><LI><a href="#[ac]">&gt;&gt;</a>&nbsp;&nbsp;&nbsp;rt_block
</UL>

<P><STRONG><a name="[b8]"></a>rt_dec_dly</STRONG> (Thumb, 130 bytes, Stack size 8 bytes, rt_list.o(.text))
<BR><BR>[Stack]<UL><LI>Max Depth = 20<LI>Call Chain = rt_dec_dly &rArr; rt_put_prio
</UL>
<BR>[Calls]<UL><LI><a href="#[a8]">&gt;&gt;</a>&nbsp;&nbsp;&nbsp;rt_put_prio
</UL>
<BR>[Called By]<UL><LI><a href="#[78]">&gt;&gt;</a>&nbsp;&nbsp;&nbsp;rt_systick
<LI><a href="#[130]">&gt;&gt;</a>&nbsp;&nbsp;&nbsp;rt_resume
</UL>

<P><STRONG><a name="[a7]"></a>rt_rmv_dly</STRONG> (Thumb, 40 bytes, Stack size 0 bytes, rt_list.o(.text))
<BR><BR>[Called By]<UL><LI><a href="#[132]">&gt;&gt;</a>&nbsp;&nbsp;&nbsp;rt_mbx_psh
<LI><a href="#[f9]">&gt;&gt;</a>&nbsp;&nbsp;&nbsp;rt_mbx_wait
<LI><a href="#[122]">&gt;&gt;</a>&nbsp;&nbsp;&nbsp;rt_mbx_send
<LI><a href="#[127]">&gt;&gt;</a>&nbsp;&nbsp;&nbsp;sysMailFree
<LI><a href="#[c6]">&gt;&gt;</a>&nbsp;&nbsp;&nbsp;rt_tsk_delete
<LI><a href="#[bb]">&gt;&gt;</a>&nbsp;&nbsp;&nbsp;rt_mut_release
<LI><a href="#[ba]">&gt;&gt;</a>&nbsp;&nbsp;&nbsp;rt_mut_delete
<LI><a href="#[b5]">&gt;&gt;</a>&nbsp;&nbsp;&nbsp;rt_evt_psh
<LI><a href="#[b2]">&gt;&gt;</a>&nbsp;&nbsp;&nbsp;rt_evt_set
<LI><a href="#[b0]">&gt;&gt;</a>&nbsp;&nbsp;&nbsp;rt_sem_psh
<LI><a href="#[aa]">&gt;&gt;</a>&nbsp;&nbsp;&nbsp;rt_sem_send
<LI><a href="#[a4]">&gt;&gt;</a>&nbsp;&nbsp;&nbsp;rt_sem_delete
</UL>

<P><STRONG><a name="[ae]"></a>rt_psq_enq</STRONG> (Thumb, 120 bytes, Stack size 24 bytes, rt_list.o(.text))
<BR><BR>[Stack]<UL><LI>Max Depth = 96<LI>Call Chain = rt_psq_enq &rArr; os_error &rArr; mbed_die &rArr; wait_ms &rArr; us_ticker_read &rArr; HAL_InitTick &rArr; NVIC_SetVector &rArr; __aeabi_memmove4
</UL>
<BR>[Calls]<UL><LI><a href="#[b9]">&gt;&gt;</a>&nbsp;&nbsp;&nbsp;os_error
</UL>
<BR>[Called By]<UL><LI><a href="#[f2]">&gt;&gt;</a>&nbsp;&nbsp;&nbsp;isr_mbx_send
<LI><a href="#[fb]">&gt;&gt;</a>&nbsp;&nbsp;&nbsp;isr_mbx_receive
<LI><a href="#[127]">&gt;&gt;</a>&nbsp;&nbsp;&nbsp;sysMailFree
<LI><a href="#[b4]">&gt;&gt;</a>&nbsp;&nbsp;&nbsp;isr_evt_set
<LI><a href="#[ad]">&gt;&gt;</a>&nbsp;&nbsp;&nbsp;isr_sem_send
</UL>

<P><STRONG><a name="[107]"></a>rt_mut_init</STRONG> (Thumb, 18 bytes, Stack size 0 bytes, rt_mutex.o(.text))
<BR><BR>[Called By]<UL><LI><a href="#[106]">&gt;&gt;</a>&nbsp;&nbsp;&nbsp;svcMutexCreate
</UL>

<P><STRONG><a name="[ba]"></a>rt_mut_delete</STRONG> (Thumb, 126 bytes, Stack size 16 bytes, rt_mutex.o(.text))
<BR><BR>[Stack]<UL><LI>Max Depth = 40<LI>Call Chain = rt_mut_delete &rArr; rt_resort_prio &rArr; rt_put_prio
</UL>
<BR>[Calls]<UL><LI><a href="#[b6]">&gt;&gt;</a>&nbsp;&nbsp;&nbsp;rt_resort_prio
<LI><a href="#[a7]">&gt;&gt;</a>&nbsp;&nbsp;&nbsp;rt_rmv_dly
<LI><a href="#[a6]">&gt;&gt;</a>&nbsp;&nbsp;&nbsp;rt_ret_val
<LI><a href="#[a8]">&gt;&gt;</a>&nbsp;&nbsp;&nbsp;rt_put_prio
<LI><a href="#[a5]">&gt;&gt;</a>&nbsp;&nbsp;&nbsp;rt_get_first
<LI><a href="#[a9]">&gt;&gt;</a>&nbsp;&nbsp;&nbsp;rt_dispatch
</UL>
<BR>[Called By]<UL><LI><a href="#[10a]">&gt;&gt;</a>&nbsp;&nbsp;&nbsp;svcMutexDelete
</UL>

<P><STRONG><a name="[bb]"></a>rt_mut_release</STRONG> (Thumb, 186 bytes, Stack size 16 bytes, rt_mutex.o(.text))
<BR><BR>[Stack]<UL><LI>Max Depth = 36<LI>Call Chain = rt_mut_release &rArr; rt_dispatch &rArr; rt_put_prio
</UL>
<BR>[Calls]<UL><LI><a href="#[a7]">&gt;&gt;</a>&nbsp;&nbsp;&nbsp;rt_rmv_dly
<LI><a href="#[a6]">&gt;&gt;</a>&nbsp;&nbsp;&nbsp;rt_ret_val
<LI><a href="#[a8]">&gt;&gt;</a>&nbsp;&nbsp;&nbsp;rt_put_prio
<LI><a href="#[a5]">&gt;&gt;</a>&nbsp;&nbsp;&nbsp;rt_get_first
<LI><a href="#[a9]">&gt;&gt;</a>&nbsp;&nbsp;&nbsp;rt_dispatch
</UL>
<BR>[Called By]<UL><LI><a href="#[109]">&gt;&gt;</a>&nbsp;&nbsp;&nbsp;svcMutexRelease
</UL>

<P><STRONG><a name="[bc]"></a>rt_mut_wait</STRONG> (Thumb, 132 bytes, Stack size 16 bytes, rt_mutex.o(.text))
<BR><BR>[Stack]<UL><LI>Max Depth = 48<LI>Call Chain = rt_mut_wait &rArr; rt_block &rArr; rt_put_dly
</UL>
<BR>[Calls]<UL><LI><a href="#[b6]">&gt;&gt;</a>&nbsp;&nbsp;&nbsp;rt_resort_prio
<LI><a href="#[a8]">&gt;&gt;</a>&nbsp;&nbsp;&nbsp;rt_put_prio
<LI><a href="#[ac]">&gt;&gt;</a>&nbsp;&nbsp;&nbsp;rt_block
</UL>
<BR>[Called By]<UL><LI><a href="#[108]">&gt;&gt;</a>&nbsp;&nbsp;&nbsp;svcMutexWait
</UL>

<P><STRONG><a name="[bf]"></a>rt_init_stack</STRONG> (Thumb, 70 bytes, Stack size 16 bytes, hal_cm.o(.text))
<BR><BR>[Stack]<UL><LI>Max Depth = 16<LI>Call Chain = rt_init_stack
</UL>
<BR>[Called By]<UL><LI><a href="#[be]">&gt;&gt;</a>&nbsp;&nbsp;&nbsp;rt_init_context
</UL>

<P><STRONG><a name="[a6]"></a>rt_ret_val</STRONG> (Thumb, 18 bytes, Stack size 16 bytes, hal_cm.o(.text))
<BR><BR>[Stack]<UL><LI>Max Depth = 16<LI>Call Chain = rt_ret_val
</UL>
<BR>[Calls]<UL><LI><a href="#[bd]">&gt;&gt;</a>&nbsp;&nbsp;&nbsp;rt_ret_regs
</UL>
<BR>[Called By]<UL><LI><a href="#[132]">&gt;&gt;</a>&nbsp;&nbsp;&nbsp;rt_mbx_psh
<LI><a href="#[f9]">&gt;&gt;</a>&nbsp;&nbsp;&nbsp;rt_mbx_wait
<LI><a href="#[127]">&gt;&gt;</a>&nbsp;&nbsp;&nbsp;sysMailFree
<LI><a href="#[bb]">&gt;&gt;</a>&nbsp;&nbsp;&nbsp;rt_mut_release
<LI><a href="#[ba]">&gt;&gt;</a>&nbsp;&nbsp;&nbsp;rt_mut_delete
<LI><a href="#[b0]">&gt;&gt;</a>&nbsp;&nbsp;&nbsp;rt_sem_psh
<LI><a href="#[aa]">&gt;&gt;</a>&nbsp;&nbsp;&nbsp;rt_sem_send
<LI><a href="#[a4]">&gt;&gt;</a>&nbsp;&nbsp;&nbsp;rt_sem_delete
</UL>

<P><STRONG><a name="[b3]"></a>rt_ret_val2</STRONG> (Thumb, 26 bytes, Stack size 24 bytes, hal_cm.o(.text))
<BR><BR>[Stack]<UL><LI>Max Depth = 24<LI>Call Chain = rt_ret_val2
</UL>
<BR>[Calls]<UL><LI><a href="#[bd]">&gt;&gt;</a>&nbsp;&nbsp;&nbsp;rt_ret_regs
</UL>
<BR>[Called By]<UL><LI><a href="#[132]">&gt;&gt;</a>&nbsp;&nbsp;&nbsp;rt_mbx_psh
<LI><a href="#[122]">&gt;&gt;</a>&nbsp;&nbsp;&nbsp;rt_mbx_send
<LI><a href="#[b5]">&gt;&gt;</a>&nbsp;&nbsp;&nbsp;rt_evt_psh
<LI><a href="#[b2]">&gt;&gt;</a>&nbsp;&nbsp;&nbsp;rt_evt_set
</UL>

<P><STRONG><a name="[d3]"></a>rt_get_TID</STRONG> (Thumb, 32 bytes, Stack size 0 bytes, rt_task.o(.text))
<BR><BR>[Called By]<UL><LI><a href="#[d2]">&gt;&gt;</a>&nbsp;&nbsp;&nbsp;svcThreadCreate
</UL>

<P><STRONG><a name="[be]"></a>rt_init_context</STRONG> (Thumb, 50 bytes, Stack size 16 bytes, rt_task.o(.text))
<BR><BR>[Stack]<UL><LI>Max Depth = 32<LI>Call Chain = rt_init_context &rArr; rt_init_stack
</UL>
<BR>[Calls]<UL><LI><a href="#[bf]">&gt;&gt;</a>&nbsp;&nbsp;&nbsp;rt_init_stack
</UL>
<BR>[Called By]<UL><LI><a href="#[d2]">&gt;&gt;</a>&nbsp;&nbsp;&nbsp;svcThreadCreate
<LI><a href="#[c8]">&gt;&gt;</a>&nbsp;&nbsp;&nbsp;rt_sys_init
</UL>

<P><STRONG><a name="[c0]"></a>rt_switch_req</STRONG> (Thumb, 10 bytes, Stack size 0 bytes, rt_task.o(.text))
<BR><BR>[Called By]<UL><LI><a href="#[78]">&gt;&gt;</a>&nbsp;&nbsp;&nbsp;rt_systick
<LI><a href="#[77]">&gt;&gt;</a>&nbsp;&nbsp;&nbsp;rt_pop_req
<LI><a href="#[130]">&gt;&gt;</a>&nbsp;&nbsp;&nbsp;rt_resume
<LI><a href="#[c3]">&gt;&gt;</a>&nbsp;&nbsp;&nbsp;rt_tsk_pass
<LI><a href="#[a9]">&gt;&gt;</a>&nbsp;&nbsp;&nbsp;rt_dispatch
<LI><a href="#[ac]">&gt;&gt;</a>&nbsp;&nbsp;&nbsp;rt_block
</UL>

<P><STRONG><a name="[a9]"></a>rt_dispatch</STRONG> (Thumb, 72 bytes, Stack size 8 bytes, rt_task.o(.text))
<BR><BR>[Stack]<UL><LI>Max Depth = 20<LI>Call Chain = rt_dispatch &rArr; rt_put_prio
</UL>
<BR>[Calls]<UL><LI><a href="#[c0]">&gt;&gt;</a>&nbsp;&nbsp;&nbsp;rt_switch_req
<LI><a href="#[c1]">&gt;&gt;</a>&nbsp;&nbsp;&nbsp;rt_put_rdy_first
<LI><a href="#[a8]">&gt;&gt;</a>&nbsp;&nbsp;&nbsp;rt_put_prio
<LI><a href="#[a5]">&gt;&gt;</a>&nbsp;&nbsp;&nbsp;rt_get_first
</UL>
<BR>[Called By]<UL><LI><a href="#[f9]">&gt;&gt;</a>&nbsp;&nbsp;&nbsp;rt_mbx_wait
<LI><a href="#[122]">&gt;&gt;</a>&nbsp;&nbsp;&nbsp;rt_mbx_send
<LI><a href="#[127]">&gt;&gt;</a>&nbsp;&nbsp;&nbsp;sysMailFree
<LI><a href="#[d2]">&gt;&gt;</a>&nbsp;&nbsp;&nbsp;svcThreadCreate
<LI><a href="#[c6]">&gt;&gt;</a>&nbsp;&nbsp;&nbsp;rt_tsk_delete
<LI><a href="#[c5]">&gt;&gt;</a>&nbsp;&nbsp;&nbsp;rt_tsk_prio
<LI><a href="#[bb]">&gt;&gt;</a>&nbsp;&nbsp;&nbsp;rt_mut_release
<LI><a href="#[ba]">&gt;&gt;</a>&nbsp;&nbsp;&nbsp;rt_mut_delete
<LI><a href="#[b2]">&gt;&gt;</a>&nbsp;&nbsp;&nbsp;rt_evt_set
<LI><a href="#[aa]">&gt;&gt;</a>&nbsp;&nbsp;&nbsp;rt_sem_send
<LI><a href="#[a4]">&gt;&gt;</a>&nbsp;&nbsp;&nbsp;rt_sem_delete
</UL>

<P><STRONG><a name="[ac]"></a>rt_block</STRONG> (Thumb, 48 bytes, Stack size 16 bytes, rt_task.o(.text))
<BR><BR>[Stack]<UL><LI>Max Depth = 32<LI>Call Chain = rt_block &rArr; rt_put_dly
</UL>
<BR>[Calls]<UL><LI><a href="#[c0]">&gt;&gt;</a>&nbsp;&nbsp;&nbsp;rt_switch_req
<LI><a href="#[c2]">&gt;&gt;</a>&nbsp;&nbsp;&nbsp;rt_put_dly
<LI><a href="#[a5]">&gt;&gt;</a>&nbsp;&nbsp;&nbsp;rt_get_first
</UL>
<BR>[Called By]<UL><LI><a href="#[134]">&gt;&gt;</a>&nbsp;&nbsp;&nbsp;rt_itv_wait
<LI><a href="#[f9]">&gt;&gt;</a>&nbsp;&nbsp;&nbsp;rt_mbx_wait
<LI><a href="#[122]">&gt;&gt;</a>&nbsp;&nbsp;&nbsp;rt_mbx_send
<LI><a href="#[e6]">&gt;&gt;</a>&nbsp;&nbsp;&nbsp;rt_dly_wait
<LI><a href="#[126]">&gt;&gt;</a>&nbsp;&nbsp;&nbsp;sysMailAlloc
<LI><a href="#[bc]">&gt;&gt;</a>&nbsp;&nbsp;&nbsp;rt_mut_wait
<LI><a href="#[b1]">&gt;&gt;</a>&nbsp;&nbsp;&nbsp;rt_evt_wait
<LI><a href="#[ab]">&gt;&gt;</a>&nbsp;&nbsp;&nbsp;rt_sem_wait
</UL>

<P><STRONG><a name="[c3]"></a>rt_tsk_pass</STRONG> (Thumb, 36 bytes, Stack size 8 bytes, rt_task.o(.text))
<BR><BR>[Stack]<UL><LI>Max Depth = 20<LI>Call Chain = rt_tsk_pass &rArr; rt_put_prio
</UL>
<BR>[Calls]<UL><LI><a href="#[c0]">&gt;&gt;</a>&nbsp;&nbsp;&nbsp;rt_switch_req
<LI><a href="#[c4]">&gt;&gt;</a>&nbsp;&nbsp;&nbsp;rt_get_same_rdy_prio
<LI><a href="#[a8]">&gt;&gt;</a>&nbsp;&nbsp;&nbsp;rt_put_prio
</UL>
<BR>[Called By]<UL><LI><a href="#[dc]">&gt;&gt;</a>&nbsp;&nbsp;&nbsp;svcThreadYield
</UL>

<P><STRONG><a name="[cf]"></a>rt_tsk_self</STRONG> (Thumb, 18 bytes, Stack size 0 bytes, rt_task.o(.text))
<BR><BR>[Called By]<UL><LI><a href="#[ce]">&gt;&gt;</a>&nbsp;&nbsp;&nbsp;svcThreadGetId
</UL>

<P><STRONG><a name="[c5]"></a>rt_tsk_prio</STRONG> (Thumb, 126 bytes, Stack size 16 bytes, rt_task.o(.text))
<BR><BR>[Stack]<UL><LI>Max Depth = 40<LI>Call Chain = rt_tsk_prio &rArr; rt_resort_prio &rArr; rt_put_prio
</UL>
<BR>[Calls]<UL><LI><a href="#[b6]">&gt;&gt;</a>&nbsp;&nbsp;&nbsp;rt_resort_prio
<LI><a href="#[a8]">&gt;&gt;</a>&nbsp;&nbsp;&nbsp;rt_put_prio
<LI><a href="#[a5]">&gt;&gt;</a>&nbsp;&nbsp;&nbsp;rt_get_first
<LI><a href="#[a9]">&gt;&gt;</a>&nbsp;&nbsp;&nbsp;rt_dispatch
</UL>
<BR>[Called By]<UL><LI><a href="#[dd]">&gt;&gt;</a>&nbsp;&nbsp;&nbsp;svcThreadSetPriority
<LI><a href="#[d7]">&gt;&gt;</a>&nbsp;&nbsp;&nbsp;svcKernelStart
</UL>

<P><STRONG><a name="[c6]"></a>rt_tsk_delete</STRONG> (Thumb, 132 bytes, Stack size 16 bytes, rt_task.o(.text))
<BR><BR>[Stack]<UL><LI>Max Depth = 96<LI>Call Chain = rt_tsk_delete &rArr; rt_stk_check &rArr; os_error &rArr; mbed_die &rArr; wait_ms &rArr; us_ticker_read &rArr; HAL_InitTick &rArr; NVIC_SetVector &rArr; __aeabi_memmove4
</UL>
<BR>[Calls]<UL><LI><a href="#[76]">&gt;&gt;</a>&nbsp;&nbsp;&nbsp;rt_stk_check
<LI><a href="#[c7]">&gt;&gt;</a>&nbsp;&nbsp;&nbsp;rt_get_PSP
<LI><a href="#[b7]">&gt;&gt;</a>&nbsp;&nbsp;&nbsp;rt_rmv_list
<LI><a href="#[a7]">&gt;&gt;</a>&nbsp;&nbsp;&nbsp;rt_rmv_dly
<LI><a href="#[a9]">&gt;&gt;</a>&nbsp;&nbsp;&nbsp;rt_dispatch
</UL>
<BR>[Called By]<UL><LI><a href="#[d0]">&gt;&gt;</a>&nbsp;&nbsp;&nbsp;svcThreadTerminate
</UL>

<P><STRONG><a name="[c8]"></a>rt_sys_init</STRONG> (Thumb, 182 bytes, Stack size 8 bytes, rt_task.o(.text))
<BR><BR>[Stack]<UL><LI>Max Depth = 40<LI>Call Chain = rt_sys_init &rArr; rt_init_context &rArr; rt_init_stack
</UL>
<BR>[Calls]<UL><LI><a href="#[c9]">&gt;&gt;</a>&nbsp;&nbsp;&nbsp;rt_init_robin
<LI><a href="#[be]">&gt;&gt;</a>&nbsp;&nbsp;&nbsp;rt_init_context
</UL>
<BR>[Called By]<UL><LI><a href="#[cc]">&gt;&gt;</a>&nbsp;&nbsp;&nbsp;svcKernelInitialize
</UL>

<P><STRONG><a name="[ca]"></a>rt_sys_start</STRONG> (Thumb, 62 bytes, Stack size 8 bytes, rt_task.o(.text))
<BR><BR>[Stack]<UL><LI>Max Depth = 8<LI>Call Chain = rt_sys_start
</UL>
<BR>[Calls]<UL><LI><a href="#[cb]">&gt;&gt;</a>&nbsp;&nbsp;&nbsp;os_tick_init
</UL>
<BR>[Called By]<UL><LI><a href="#[d7]">&gt;&gt;</a>&nbsp;&nbsp;&nbsp;svcKernelStart
</UL>

<P><STRONG><a name="[cc]"></a>svcKernelInitialize</STRONG> (Thumb, 40 bytes, Stack size 8 bytes, rt_cmsis.o(.text))
<BR><BR>[Stack]<UL><LI>Max Depth = 80<LI>Call Chain = svcKernelInitialize &rArr; sysThreadError &rArr; mbed_die &rArr; wait_ms &rArr; us_ticker_read &rArr; HAL_InitTick &rArr; NVIC_SetVector &rArr; __aeabi_memmove4
</UL>
<BR>[Calls]<UL><LI><a href="#[cd]">&gt;&gt;</a>&nbsp;&nbsp;&nbsp;sysThreadError
<LI><a href="#[c8]">&gt;&gt;</a>&nbsp;&nbsp;&nbsp;rt_sys_init
</UL>
<BR>[Called By]<UL><LI><a href="#[72]">&gt;&gt;</a>&nbsp;&nbsp;&nbsp;osKernelInitialize
</UL>
<BR>[Address Reference Count : 1]<UL><LI> rt_cmsis.o(.text)
</UL>
<P><STRONG><a name="[ce]"></a>svcThreadGetId</STRONG> (Thumb, 24 bytes, Stack size 8 bytes, rt_cmsis.o(.text))
<BR><BR>[Stack]<UL><LI>Max Depth = 8<LI>Call Chain = svcThreadGetId
</UL>
<BR>[Calls]<UL><LI><a href="#[cf]">&gt;&gt;</a>&nbsp;&nbsp;&nbsp;rt_tsk_self
</UL>
<BR>[Address Reference Count : 1]<UL><LI> rt_cmsis.o(.text)
</UL>
<P><STRONG><a name="[d0]"></a>svcThreadTerminate</STRONG> (Thumb, 38 bytes, Stack size 16 bytes, rt_cmsis.o(.text))
<BR><BR>[Stack]<UL><LI>Max Depth = 112<LI>Call Chain = svcThreadTerminate &rArr; rt_tsk_delete &rArr; rt_stk_check &rArr; os_error &rArr; mbed_die &rArr; wait_ms &rArr; us_ticker_read &rArr; HAL_InitTick &rArr; NVIC_SetVector &rArr; __aeabi_memmove4
</UL>
<BR>[Calls]<UL><LI><a href="#[d1]">&gt;&gt;</a>&nbsp;&nbsp;&nbsp;rt_tid2ptcb
<LI><a href="#[c6]">&gt;&gt;</a>&nbsp;&nbsp;&nbsp;rt_tsk_delete
</UL>
<BR>[Address Reference Count : 1]<UL><LI> rt_cmsis.o(.text)
</UL>
<P><STRONG><a name="[d4]"></a>osThreadExit</STRONG> (Thumb, 22 bytes, Stack size 0 bytes, rt_cmsis.o(.text))
<BR>[Address Reference Count : 1]<UL><LI> rt_cmsis.o(.text)
</UL>
<P><STRONG><a name="[d2]"></a>svcThreadCreate</STRONG> (Thumb, 128 bytes, Stack size 32 bytes, rt_cmsis.o(.text))
<BR><BR>[Stack]<UL><LI>Max Depth = 104<LI>Call Chain = svcThreadCreate &rArr; sysThreadError &rArr; mbed_die &rArr; wait_ms &rArr; us_ticker_read &rArr; HAL_InitTick &rArr; NVIC_SetVector &rArr; __aeabi_memmove4
</UL>
<BR>[Calls]<UL><LI><a href="#[cd]">&gt;&gt;</a>&nbsp;&nbsp;&nbsp;sysThreadError
<LI><a href="#[be]">&gt;&gt;</a>&nbsp;&nbsp;&nbsp;rt_init_context
<LI><a href="#[d3]">&gt;&gt;</a>&nbsp;&nbsp;&nbsp;rt_get_TID
<LI><a href="#[a9]">&gt;&gt;</a>&nbsp;&nbsp;&nbsp;rt_dispatch
</UL>
<BR>[Called By]<UL><LI><a href="#[74]">&gt;&gt;</a>&nbsp;&nbsp;&nbsp;osThreadCreate
<LI><a href="#[d7]">&gt;&gt;</a>&nbsp;&nbsp;&nbsp;svcKernelStart
</UL>
<BR>[Address Reference Count : 1]<UL><LI> rt_cmsis.o(.text)
</UL>
<P><STRONG><a name="[d5]"></a>svcMessageCreate</STRONG> (Thumb, 60 bytes, Stack size 16 bytes, rt_cmsis.o(.text))
<BR><BR>[Stack]<UL><LI>Max Depth = 88<LI>Call Chain = svcMessageCreate &rArr; sysThreadError &rArr; mbed_die &rArr; wait_ms &rArr; us_ticker_read &rArr; HAL_InitTick &rArr; NVIC_SetVector &rArr; __aeabi_memmove4
</UL>
<BR>[Calls]<UL><LI><a href="#[cd]">&gt;&gt;</a>&nbsp;&nbsp;&nbsp;sysThreadError
<LI><a href="#[d6]">&gt;&gt;</a>&nbsp;&nbsp;&nbsp;rt_mbx_init
</UL>
<BR>[Called By]<UL><LI><a href="#[123]">&gt;&gt;</a>&nbsp;&nbsp;&nbsp;osMessageCreate
<LI><a href="#[d7]">&gt;&gt;</a>&nbsp;&nbsp;&nbsp;svcKernelStart
</UL>
<BR>[Address Reference Count : 1]<UL><LI> rt_cmsis.o(.text)
</UL>
<P><STRONG><a name="[d7]"></a>svcKernelStart</STRONG> (Thumb, 80 bytes, Stack size 8 bytes, rt_cmsis.o(.text))
<BR><BR>[Stack]<UL><LI>Max Depth = 112<LI>Call Chain = svcKernelStart &rArr; svcThreadCreate &rArr; sysThreadError &rArr; mbed_die &rArr; wait_ms &rArr; us_ticker_read &rArr; HAL_InitTick &rArr; NVIC_SetVector &rArr; __aeabi_memmove4
</UL>
<BR>[Calls]<UL><LI><a href="#[d5]">&gt;&gt;</a>&nbsp;&nbsp;&nbsp;svcMessageCreate
<LI><a href="#[d2]">&gt;&gt;</a>&nbsp;&nbsp;&nbsp;svcThreadCreate
<LI><a href="#[ca]">&gt;&gt;</a>&nbsp;&nbsp;&nbsp;rt_sys_start
<LI><a href="#[c5]">&gt;&gt;</a>&nbsp;&nbsp;&nbsp;rt_tsk_prio
</UL>
<BR>[Address Reference Count : 1]<UL><LI> rt_cmsis.o(.text)
</UL>
<P><STRONG><a name="[db]"></a>svcKernelRunning</STRONG> (Thumb, 6 bytes, Stack size 0 bytes, rt_cmsis.o(.text))
<BR>[Address Reference Count : 1]<UL><LI> rt_cmsis.o(.text)
</UL>
<P><STRONG><a name="[72]"></a>osKernelInitialize</STRONG> (Thumb, 40 bytes, Stack size 8 bytes, rt_cmsis.o(.text))
<BR><BR>[Stack]<UL><LI>Max Depth = 88<LI>Call Chain = osKernelInitialize &rArr; svcKernelInitialize &rArr; sysThreadError &rArr; mbed_die &rArr; wait_ms &rArr; us_ticker_read &rArr; HAL_InitTick &rArr; NVIC_SetVector &rArr; __aeabi_memmove4
</UL>
<BR>[Calls]<UL><LI><a href="#[cc]">&gt;&gt;</a>&nbsp;&nbsp;&nbsp;svcKernelInitialize
<LI><a href="#[d8]">&gt;&gt;</a>&nbsp;&nbsp;&nbsp;__get_IPSR
<LI><a href="#[d9]">&gt;&gt;</a>&nbsp;&nbsp;&nbsp;__get_CONTROL
</UL>
<BR>[Called By]<UL><LI><a href="#[71]">&gt;&gt;</a>&nbsp;&nbsp;&nbsp;_main_init
</UL>

<P><STRONG><a name="[75]"></a>osKernelStart</STRONG> (Thumb, 150 bytes, Stack size 40 bytes, rt_cmsis.o(.text))
<BR><BR>[Stack]<UL><LI>Max Depth = 40<LI>Call Chain = osKernelStart
</UL>
<BR>[Calls]<UL><LI><a href="#[d8]">&gt;&gt;</a>&nbsp;&nbsp;&nbsp;__get_IPSR
<LI><a href="#[d9]">&gt;&gt;</a>&nbsp;&nbsp;&nbsp;__get_CONTROL
</UL>
<BR>[Called By]<UL><LI><a href="#[71]">&gt;&gt;</a>&nbsp;&nbsp;&nbsp;_main_init
</UL>

<P><STRONG><a name="[da]"></a>osKernelRunning</STRONG> (Thumb, 36 bytes, Stack size 8 bytes, rt_cmsis.o(.text), UNUSED)
<BR><BR>[Calls]<UL><LI><a href="#[d8]">&gt;&gt;</a>&nbsp;&nbsp;&nbsp;__get_IPSR
<LI><a href="#[d9]">&gt;&gt;</a>&nbsp;&nbsp;&nbsp;__get_CONTROL
</UL>

<P><STRONG><a name="[dc]"></a>svcThreadYield</STRONG> (Thumb, 10 bytes, Stack size 8 bytes, rt_cmsis.o(.text))
<BR><BR>[Stack]<UL><LI>Max Depth = 28<LI>Call Chain = svcThreadYield &rArr; rt_tsk_pass &rArr; rt_put_prio
</UL>
<BR>[Calls]<UL><LI><a href="#[c3]">&gt;&gt;</a>&nbsp;&nbsp;&nbsp;rt_tsk_pass
</UL>
<BR>[Address Reference Count : 1]<UL><LI> rt_cmsis.o(.text)
</UL>
<P><STRONG><a name="[dd]"></a>svcThreadSetPriority</STRONG> (Thumb, 62 bytes, Stack size 24 bytes, rt_cmsis.o(.text))
<BR><BR>[Stack]<UL><LI>Max Depth = 64<LI>Call Chain = svcThreadSetPriority &rArr; rt_tsk_prio &rArr; rt_resort_prio &rArr; rt_put_prio
</UL>
<BR>[Calls]<UL><LI><a href="#[d1]">&gt;&gt;</a>&nbsp;&nbsp;&nbsp;rt_tid2ptcb
<LI><a href="#[c5]">&gt;&gt;</a>&nbsp;&nbsp;&nbsp;rt_tsk_prio
</UL>
<BR>[Address Reference Count : 1]<UL><LI> rt_cmsis.o(.text)
</UL>
<P><STRONG><a name="[de]"></a>svcThreadGetPriority</STRONG> (Thumb, 24 bytes, Stack size 16 bytes, rt_cmsis.o(.text))
<BR><BR>[Stack]<UL><LI>Max Depth = 16<LI>Call Chain = svcThreadGetPriority
</UL>
<BR>[Calls]<UL><LI><a href="#[d1]">&gt;&gt;</a>&nbsp;&nbsp;&nbsp;rt_tid2ptcb
</UL>
<BR>[Address Reference Count : 1]<UL><LI> rt_cmsis.o(.text)
</UL>
<P><STRONG><a name="[74]"></a>osThreadCreate</STRONG> (Thumb, 58 bytes, Stack size 16 bytes, rt_cmsis.o(.text))
<BR><BR>[Stack]<UL><LI>Max Depth = 120<LI>Call Chain = osThreadCreate &rArr; svcThreadCreate &rArr; sysThreadError &rArr; mbed_die &rArr; wait_ms &rArr; us_ticker_read &rArr; HAL_InitTick &rArr; NVIC_SetVector &rArr; __aeabi_memmove4
</UL>
<BR>[Calls]<UL><LI><a href="#[d2]">&gt;&gt;</a>&nbsp;&nbsp;&nbsp;svcThreadCreate
<LI><a href="#[d8]">&gt;&gt;</a>&nbsp;&nbsp;&nbsp;__get_IPSR
<LI><a href="#[d9]">&gt;&gt;</a>&nbsp;&nbsp;&nbsp;__get_CONTROL
</UL>
<BR>[Called By]<UL><LI><a href="#[71]">&gt;&gt;</a>&nbsp;&nbsp;&nbsp;_main_init
</UL>

<P><STRONG><a name="[df]"></a>osThreadGetId</STRONG> (Thumb, 24 bytes, Stack size 8 bytes, rt_cmsis.o(.text), UNUSED)
<BR><BR>[Calls]<UL><LI><a href="#[d8]">&gt;&gt;</a>&nbsp;&nbsp;&nbsp;__get_IPSR
</UL>

<P><STRONG><a name="[e0]"></a>osThreadTerminate</STRONG> (Thumb, 28 bytes, Stack size 8 bytes, rt_cmsis.o(.text), UNUSED)
<BR><BR>[Calls]<UL><LI><a href="#[d8]">&gt;&gt;</a>&nbsp;&nbsp;&nbsp;__get_IPSR
</UL>

<P><STRONG><a name="[e1]"></a>osThreadYield</STRONG> (Thumb, 24 bytes, Stack size 8 bytes, rt_cmsis.o(.text), UNUSED)
<BR><BR>[Calls]<UL><LI><a href="#[d8]">&gt;&gt;</a>&nbsp;&nbsp;&nbsp;__get_IPSR
</UL>

<P><STRONG><a name="[e2]"></a>osThreadSetPriority</STRONG> (Thumb, 32 bytes, Stack size 16 bytes, rt_cmsis.o(.text), UNUSED)
<BR><BR>[Calls]<UL><LI><a href="#[d8]">&gt;&gt;</a>&nbsp;&nbsp;&nbsp;__get_IPSR
</UL>

<P><STRONG><a name="[e3]"></a>osThreadGetPriority</STRONG> (Thumb, 72 bytes, Stack size 8 bytes, rt_cmsis.o(.text), UNUSED)
<BR><BR>[Calls]<UL><LI><a href="#[d8]">&gt;&gt;</a>&nbsp;&nbsp;&nbsp;__get_IPSR
</UL>

<P><STRONG><a name="[e4]"></a>svcDelay</STRONG> (Thumb, 28 bytes, Stack size 16 bytes, rt_cmsis.o(.text))
<BR><BR>[Stack]<UL><LI>Max Depth = 56<LI>Call Chain = svcDelay &rArr; rt_dly_wait &rArr; rt_block &rArr; rt_put_dly
</UL>
<BR>[Calls]<UL><LI><a href="#[e6]">&gt;&gt;</a>&nbsp;&nbsp;&nbsp;rt_dly_wait
<LI><a href="#[e5]">&gt;&gt;</a>&nbsp;&nbsp;&nbsp;rt_ms2tick
</UL>
<BR>[Address Reference Count : 1]<UL><LI> rt_cmsis.o(.text)
</UL>
<P><STRONG><a name="[e7]"></a>osDelay</STRONG> (Thumb, 28 bytes, Stack size 8 bytes, rt_cmsis.o(.text), UNUSED)
<BR><BR>[Calls]<UL><LI><a href="#[d8]">&gt;&gt;</a>&nbsp;&nbsp;&nbsp;__get_IPSR
</UL>

<P><STRONG><a name="[1c0]"></a>osWait</STRONG> (Thumb, 16 bytes, Stack size 16 bytes, rt_cmsis.o(.text), UNUSED)

<P><STRONG><a name="[e8]"></a>svcTimerCreate</STRONG> (Thumb, 102 bytes, Stack size 24 bytes, rt_cmsis.o(.text))
<BR><BR>[Stack]<UL><LI>Max Depth = 96<LI>Call Chain = svcTimerCreate &rArr; sysThreadError &rArr; mbed_die &rArr; wait_ms &rArr; us_ticker_read &rArr; HAL_InitTick &rArr; NVIC_SetVector &rArr; __aeabi_memmove4
</UL>
<BR>[Calls]<UL><LI><a href="#[cd]">&gt;&gt;</a>&nbsp;&nbsp;&nbsp;sysThreadError
</UL>
<BR>[Called By]<UL><LI><a href="#[f4]">&gt;&gt;</a>&nbsp;&nbsp;&nbsp;osTimerCreate
</UL>
<BR>[Address Reference Count : 1]<UL><LI> rt_cmsis.o(.text)
</UL>
<P><STRONG><a name="[e9]"></a>svcTimerStart</STRONG> (Thumb, 88 bytes, Stack size 24 bytes, rt_cmsis.o(.text))
<BR><BR>[Stack]<UL><LI>Max Depth = 36<LI>Call Chain = svcTimerStart &rArr; rt_timer_insert
</UL>
<BR>[Calls]<UL><LI><a href="#[eb]">&gt;&gt;</a>&nbsp;&nbsp;&nbsp;rt_timer_remove
<LI><a href="#[ec]">&gt;&gt;</a>&nbsp;&nbsp;&nbsp;rt_timer_insert
<LI><a href="#[ea]">&gt;&gt;</a>&nbsp;&nbsp;&nbsp;rt_id2obj
<LI><a href="#[e5]">&gt;&gt;</a>&nbsp;&nbsp;&nbsp;rt_ms2tick
</UL>
<BR>[Address Reference Count : 1]<UL><LI> rt_cmsis.o(.text)
</UL>
<P><STRONG><a name="[ed]"></a>svcTimerStop</STRONG> (Thumb, 48 bytes, Stack size 16 bytes, rt_cmsis.o(.text))
<BR><BR>[Stack]<UL><LI>Max Depth = 24<LI>Call Chain = svcTimerStop &rArr; rt_timer_remove
</UL>
<BR>[Calls]<UL><LI><a href="#[eb]">&gt;&gt;</a>&nbsp;&nbsp;&nbsp;rt_timer_remove
<LI><a href="#[ea]">&gt;&gt;</a>&nbsp;&nbsp;&nbsp;rt_id2obj
</UL>
<BR>[Address Reference Count : 1]<UL><LI> rt_cmsis.o(.text)
</UL>
<P><STRONG><a name="[ee]"></a>svcTimerDelete</STRONG> (Thumb, 52 bytes, Stack size 16 bytes, rt_cmsis.o(.text))
<BR><BR>[Stack]<UL><LI>Max Depth = 24<LI>Call Chain = svcTimerDelete &rArr; rt_timer_remove
</UL>
<BR>[Calls]<UL><LI><a href="#[eb]">&gt;&gt;</a>&nbsp;&nbsp;&nbsp;rt_timer_remove
<LI><a href="#[ea]">&gt;&gt;</a>&nbsp;&nbsp;&nbsp;rt_id2obj
</UL>
<BR>[Address Reference Count : 1]<UL><LI> rt_cmsis.o(.text)
</UL>
<P><STRONG><a name="[ef]"></a>svcTimerCall</STRONG> (Thumb, 42 bytes, Stack size 24 bytes, rt_cmsis.o(.text))
<BR><BR>[Stack]<UL><LI>Max Depth = 24<LI>Call Chain = svcTimerCall
</UL>
<BR>[Calls]<UL><LI><a href="#[ea]">&gt;&gt;</a>&nbsp;&nbsp;&nbsp;rt_id2obj
</UL>
<BR>[Address Reference Count : 1]<UL><LI> rt_cmsis.o(.text)
</UL>
<P><STRONG><a name="[f3]"></a>sysTimerTick</STRONG> (Thumb, 70 bytes, Stack size 16 bytes, rt_cmsis.o(.text))
<BR><BR>[Stack]<UL><LI>Max Depth = 144<LI>Call Chain = sysTimerTick &rArr; isrMessagePut &rArr; isr_mbx_send &rArr; rt_psq_enq &rArr; os_error &rArr; mbed_die &rArr; wait_ms &rArr; us_ticker_read &rArr; HAL_InitTick &rArr; NVIC_SetVector &rArr; __aeabi_memmove4
</UL>
<BR>[Calls]<UL><LI><a href="#[f0]">&gt;&gt;</a>&nbsp;&nbsp;&nbsp;isrMessagePut
<LI><a href="#[ec]">&gt;&gt;</a>&nbsp;&nbsp;&nbsp;rt_timer_insert
</UL>
<BR>[Called By]<UL><LI><a href="#[78]">&gt;&gt;</a>&nbsp;&nbsp;&nbsp;rt_systick
</UL>

<P><STRONG><a name="[f4]"></a>osTimerCreate</STRONG> (Thumb, 64 bytes, Stack size 16 bytes, rt_cmsis.o(.text), UNUSED)
<BR><BR>[Calls]<UL><LI><a href="#[e8]">&gt;&gt;</a>&nbsp;&nbsp;&nbsp;svcTimerCreate
<LI><a href="#[d8]">&gt;&gt;</a>&nbsp;&nbsp;&nbsp;__get_IPSR
<LI><a href="#[d9]">&gt;&gt;</a>&nbsp;&nbsp;&nbsp;__get_CONTROL
</UL>

<P><STRONG><a name="[f5]"></a>osTimerStart</STRONG> (Thumb, 32 bytes, Stack size 16 bytes, rt_cmsis.o(.text), UNUSED)
<BR><BR>[Calls]<UL><LI><a href="#[d8]">&gt;&gt;</a>&nbsp;&nbsp;&nbsp;__get_IPSR
</UL>

<P><STRONG><a name="[f6]"></a>osTimerStop</STRONG> (Thumb, 28 bytes, Stack size 8 bytes, rt_cmsis.o(.text), UNUSED)
<BR><BR>[Calls]<UL><LI><a href="#[d8]">&gt;&gt;</a>&nbsp;&nbsp;&nbsp;__get_IPSR
</UL>

<P><STRONG><a name="[f7]"></a>osTimerDelete</STRONG> (Thumb, 28 bytes, Stack size 8 bytes, rt_cmsis.o(.text), UNUSED)
<BR><BR>[Calls]<UL><LI><a href="#[d8]">&gt;&gt;</a>&nbsp;&nbsp;&nbsp;__get_IPSR
</UL>

<P><STRONG><a name="[fc]"></a>osTimerCall</STRONG> (Thumb, 26 bytes, Stack size 24 bytes, rt_cmsis.o(.text))
<BR><BR>[Stack]<UL><LI>Max Depth = 24<LI>Call Chain = osTimerCall
</UL>
<BR>[Called By]<UL><LI><a href="#[7]">&gt;&gt;</a>&nbsp;&nbsp;&nbsp;osTimerThread
</UL>

<P><STRONG><a name="[f8]"></a>svcMessageGet</STRONG> (Thumb, 86 bytes, Stack size 32 bytes, rt_cmsis.o(.text))
<BR><BR>[Stack]<UL><LI>Max Depth = 88<LI>Call Chain = svcMessageGet &rArr; rt_mbx_wait &rArr; rt_block &rArr; rt_put_dly
</UL>
<BR>[Calls]<UL><LI><a href="#[f9]">&gt;&gt;</a>&nbsp;&nbsp;&nbsp;rt_mbx_wait
<LI><a href="#[e5]">&gt;&gt;</a>&nbsp;&nbsp;&nbsp;rt_ms2tick
</UL>
<BR>[Address Reference Count : 1]<UL><LI> rt_cmsis.o(.text)
</UL>
<P><STRONG><a name="[fa]"></a>osMessageGet</STRONG> (Thumb, 118 bytes, Stack size 64 bytes, rt_cmsis.o(.text))
<BR><BR>[Stack]<UL><LI>Max Depth = 176<LI>Call Chain = osMessageGet &rArr; isr_mbx_receive &rArr; rt_psq_enq &rArr; os_error &rArr; mbed_die &rArr; wait_ms &rArr; us_ticker_read &rArr; HAL_InitTick &rArr; NVIC_SetVector &rArr; __aeabi_memmove4
</UL>
<BR>[Calls]<UL><LI><a href="#[fb]">&gt;&gt;</a>&nbsp;&nbsp;&nbsp;isr_mbx_receive
<LI><a href="#[d8]">&gt;&gt;</a>&nbsp;&nbsp;&nbsp;__get_IPSR
</UL>
<BR>[Called By]<UL><LI><a href="#[12d]">&gt;&gt;</a>&nbsp;&nbsp;&nbsp;osMailGet
<LI><a href="#[7]">&gt;&gt;</a>&nbsp;&nbsp;&nbsp;osTimerThread
</UL>

<P><STRONG><a name="[7]"></a>osTimerThread</STRONG> (Thumb, 66 bytes, Stack size 24 bytes, rt_cmsis.o(.text))
<BR><BR>[Stack]<UL><LI>Max Depth = 200<LI>Call Chain = osTimerThread &rArr; osMessageGet &rArr; isr_mbx_receive &rArr; rt_psq_enq &rArr; os_error &rArr; mbed_die &rArr; wait_ms &rArr; us_ticker_read &rArr; HAL_InitTick &rArr; NVIC_SetVector &rArr; __aeabi_memmove4
</UL>
<BR>[Calls]<UL><LI><a href="#[fa]">&gt;&gt;</a>&nbsp;&nbsp;&nbsp;osMessageGet
<LI><a href="#[fc]">&gt;&gt;</a>&nbsp;&nbsp;&nbsp;osTimerCall
</UL>
<BR>[Address Reference Count : 1]<UL><LI> rtx_conf_cm.o(.data)
</UL>
<P><STRONG><a name="[fd]"></a>svcSignalSet</STRONG> (Thumb, 52 bytes, Stack size 24 bytes, rt_cmsis.o(.text))
<BR><BR>[Stack]<UL><LI>Max Depth = 64<LI>Call Chain = svcSignalSet &rArr; rt_evt_set &rArr; rt_ret_val2
</UL>
<BR>[Calls]<UL><LI><a href="#[d1]">&gt;&gt;</a>&nbsp;&nbsp;&nbsp;rt_tid2ptcb
<LI><a href="#[b2]">&gt;&gt;</a>&nbsp;&nbsp;&nbsp;rt_evt_set
</UL>
<BR>[Address Reference Count : 1]<UL><LI> rt_cmsis.o(.text)
</UL>
<P><STRONG><a name="[fe]"></a>svcSignalClear</STRONG> (Thumb, 52 bytes, Stack size 24 bytes, rt_cmsis.o(.text))
<BR><BR>[Stack]<UL><LI>Max Depth = 32<LI>Call Chain = svcSignalClear &rArr; rt_evt_clr
</UL>
<BR>[Calls]<UL><LI><a href="#[d1]">&gt;&gt;</a>&nbsp;&nbsp;&nbsp;rt_tid2ptcb
<LI><a href="#[ff]">&gt;&gt;</a>&nbsp;&nbsp;&nbsp;rt_evt_clr
</UL>
<BR>[Address Reference Count : 1]<UL><LI> rt_cmsis.o(.text)
</UL>
<P><STRONG><a name="[100]"></a>svcSignalGet</STRONG> (Thumb, 24 bytes, Stack size 16 bytes, rt_cmsis.o(.text))
<BR><BR>[Stack]<UL><LI>Max Depth = 16<LI>Call Chain = svcSignalGet
</UL>
<BR>[Calls]<UL><LI><a href="#[d1]">&gt;&gt;</a>&nbsp;&nbsp;&nbsp;rt_tid2ptcb
</UL>
<BR>[Address Reference Count : 1]<UL><LI> rt_cmsis.o(.text)
</UL>
<P><STRONG><a name="[101]"></a>svcSignalWait</STRONG> (Thumb, 114 bytes, Stack size 32 bytes, rt_cmsis.o(.text))
<BR><BR>[Stack]<UL><LI>Max Depth = 88<LI>Call Chain = svcSignalWait &rArr; rt_evt_wait &rArr; rt_block &rArr; rt_put_dly
</UL>
<BR>[Calls]<UL><LI><a href="#[e5]">&gt;&gt;</a>&nbsp;&nbsp;&nbsp;rt_ms2tick
<LI><a href="#[b1]">&gt;&gt;</a>&nbsp;&nbsp;&nbsp;rt_evt_wait
</UL>
<BR>[Address Reference Count : 1]<UL><LI> rt_cmsis.o(.text)
</UL>
<P><STRONG><a name="[102]"></a>osSignalSet</STRONG> (Thumb, 80 bytes, Stack size 32 bytes, rt_cmsis.o(.text), UNUSED)
<BR><BR>[Calls]<UL><LI><a href="#[d8]">&gt;&gt;</a>&nbsp;&nbsp;&nbsp;__get_IPSR
<LI><a href="#[d1]">&gt;&gt;</a>&nbsp;&nbsp;&nbsp;rt_tid2ptcb
<LI><a href="#[b4]">&gt;&gt;</a>&nbsp;&nbsp;&nbsp;isr_evt_set
</UL>

<P><STRONG><a name="[103]"></a>osSignalClear</STRONG> (Thumb, 32 bytes, Stack size 16 bytes, rt_cmsis.o(.text), UNUSED)
<BR><BR>[Calls]<UL><LI><a href="#[d8]">&gt;&gt;</a>&nbsp;&nbsp;&nbsp;__get_IPSR
</UL>

<P><STRONG><a name="[104]"></a>osSignalGet</STRONG> (Thumb, 28 bytes, Stack size 8 bytes, rt_cmsis.o(.text), UNUSED)
<BR><BR>[Calls]<UL><LI><a href="#[d8]">&gt;&gt;</a>&nbsp;&nbsp;&nbsp;__get_IPSR
</UL>

<P><STRONG><a name="[105]"></a>osSignalWait</STRONG> (Thumb, 48 bytes, Stack size 48 bytes, rt_cmsis.o(.text), UNUSED)
<BR><BR>[Calls]<UL><LI><a href="#[d8]">&gt;&gt;</a>&nbsp;&nbsp;&nbsp;__get_IPSR
</UL>

<P><STRONG><a name="[106]"></a>svcMutexCreate</STRONG> (Thumb, 54 bytes, Stack size 16 bytes, rt_cmsis.o(.text))
<BR><BR>[Stack]<UL><LI>Max Depth = 88<LI>Call Chain = svcMutexCreate &rArr; sysThreadError &rArr; mbed_die &rArr; wait_ms &rArr; us_ticker_read &rArr; HAL_InitTick &rArr; NVIC_SetVector &rArr; __aeabi_memmove4
</UL>
<BR>[Calls]<UL><LI><a href="#[cd]">&gt;&gt;</a>&nbsp;&nbsp;&nbsp;sysThreadError
<LI><a href="#[107]">&gt;&gt;</a>&nbsp;&nbsp;&nbsp;rt_mut_init
</UL>
<BR>[Called By]<UL><LI><a href="#[10b]">&gt;&gt;</a>&nbsp;&nbsp;&nbsp;osMutexCreate
</UL>
<BR>[Address Reference Count : 1]<UL><LI> rt_cmsis.o(.text)
</UL>
<P><STRONG><a name="[108]"></a>svcMutexWait</STRONG> (Thumb, 72 bytes, Stack size 24 bytes, rt_cmsis.o(.text))
<BR><BR>[Stack]<UL><LI>Max Depth = 72<LI>Call Chain = svcMutexWait &rArr; rt_mut_wait &rArr; rt_block &rArr; rt_put_dly
</UL>
<BR>[Calls]<UL><LI><a href="#[ea]">&gt;&gt;</a>&nbsp;&nbsp;&nbsp;rt_id2obj
<LI><a href="#[e5]">&gt;&gt;</a>&nbsp;&nbsp;&nbsp;rt_ms2tick
<LI><a href="#[bc]">&gt;&gt;</a>&nbsp;&nbsp;&nbsp;rt_mut_wait
</UL>
<BR>[Address Reference Count : 1]<UL><LI> rt_cmsis.o(.text)
</UL>
<P><STRONG><a name="[109]"></a>svcMutexRelease</STRONG> (Thumb, 48 bytes, Stack size 16 bytes, rt_cmsis.o(.text))
<BR><BR>[Stack]<UL><LI>Max Depth = 52<LI>Call Chain = svcMutexRelease &rArr; rt_mut_release &rArr; rt_dispatch &rArr; rt_put_prio
</UL>
<BR>[Calls]<UL><LI><a href="#[ea]">&gt;&gt;</a>&nbsp;&nbsp;&nbsp;rt_id2obj
<LI><a href="#[bb]">&gt;&gt;</a>&nbsp;&nbsp;&nbsp;rt_mut_release
</UL>
<BR>[Address Reference Count : 1]<UL><LI> rt_cmsis.o(.text)
</UL>
<P><STRONG><a name="[10a]"></a>svcMutexDelete</STRONG> (Thumb, 38 bytes, Stack size 16 bytes, rt_cmsis.o(.text))
<BR><BR>[Stack]<UL><LI>Max Depth = 56<LI>Call Chain = svcMutexDelete &rArr; rt_mut_delete &rArr; rt_resort_prio &rArr; rt_put_prio
</UL>
<BR>[Calls]<UL><LI><a href="#[ea]">&gt;&gt;</a>&nbsp;&nbsp;&nbsp;rt_id2obj
<LI><a href="#[ba]">&gt;&gt;</a>&nbsp;&nbsp;&nbsp;rt_mut_delete
</UL>
<BR>[Address Reference Count : 1]<UL><LI> rt_cmsis.o(.text)
</UL>
<P><STRONG><a name="[10b]"></a>osMutexCreate</STRONG> (Thumb, 52 bytes, Stack size 8 bytes, rt_cmsis.o(.text), UNUSED)
<BR><BR>[Calls]<UL><LI><a href="#[106]">&gt;&gt;</a>&nbsp;&nbsp;&nbsp;svcMutexCreate
<LI><a href="#[d8]">&gt;&gt;</a>&nbsp;&nbsp;&nbsp;__get_IPSR
<LI><a href="#[d9]">&gt;&gt;</a>&nbsp;&nbsp;&nbsp;__get_CONTROL
</UL>

<P><STRONG><a name="[10c]"></a>osMutexWait</STRONG> (Thumb, 32 bytes, Stack size 16 bytes, rt_cmsis.o(.text), UNUSED)
<BR><BR>[Calls]<UL><LI><a href="#[d8]">&gt;&gt;</a>&nbsp;&nbsp;&nbsp;__get_IPSR
</UL>

<P><STRONG><a name="[10d]"></a>osMutexRelease</STRONG> (Thumb, 28 bytes, Stack size 8 bytes, rt_cmsis.o(.text), UNUSED)
<BR><BR>[Calls]<UL><LI><a href="#[d8]">&gt;&gt;</a>&nbsp;&nbsp;&nbsp;__get_IPSR
</UL>

<P><STRONG><a name="[10e]"></a>osMutexDelete</STRONG> (Thumb, 28 bytes, Stack size 8 bytes, rt_cmsis.o(.text), UNUSED)
<BR><BR>[Calls]<UL><LI><a href="#[d8]">&gt;&gt;</a>&nbsp;&nbsp;&nbsp;__get_IPSR
</UL>

<P><STRONG><a name="[10f]"></a>svcSemaphoreCreate</STRONG> (Thumb, 74 bytes, Stack size 16 bytes, rt_cmsis.o(.text))
<BR><BR>[Stack]<UL><LI>Max Depth = 88<LI>Call Chain = svcSemaphoreCreate &rArr; sysThreadError &rArr; mbed_die &rArr; wait_ms &rArr; us_ticker_read &rArr; HAL_InitTick &rArr; NVIC_SetVector &rArr; __aeabi_memmove4
</UL>
<BR>[Calls]<UL><LI><a href="#[cd]">&gt;&gt;</a>&nbsp;&nbsp;&nbsp;sysThreadError
<LI><a href="#[110]">&gt;&gt;</a>&nbsp;&nbsp;&nbsp;rt_sem_init
</UL>
<BR>[Called By]<UL><LI><a href="#[114]">&gt;&gt;</a>&nbsp;&nbsp;&nbsp;osSemaphoreCreate
</UL>
<BR>[Address Reference Count : 1]<UL><LI> rt_cmsis.o(.text)
</UL>
<P><STRONG><a name="[111]"></a>svcSemaphoreWait</STRONG> (Thumb, 72 bytes, Stack size 24 bytes, rt_cmsis.o(.text))
<BR><BR>[Stack]<UL><LI>Max Depth = 72<LI>Call Chain = svcSemaphoreWait &rArr; rt_sem_wait &rArr; rt_block &rArr; rt_put_dly
</UL>
<BR>[Calls]<UL><LI><a href="#[ea]">&gt;&gt;</a>&nbsp;&nbsp;&nbsp;rt_id2obj
<LI><a href="#[e5]">&gt;&gt;</a>&nbsp;&nbsp;&nbsp;rt_ms2tick
<LI><a href="#[ab]">&gt;&gt;</a>&nbsp;&nbsp;&nbsp;rt_sem_wait
</UL>
<BR>[Address Reference Count : 1]<UL><LI> rt_cmsis.o(.text)
</UL>
<P><STRONG><a name="[112]"></a>svcSemaphoreRelease</STRONG> (Thumb, 52 bytes, Stack size 16 bytes, rt_cmsis.o(.text))
<BR><BR>[Stack]<UL><LI>Max Depth = 52<LI>Call Chain = svcSemaphoreRelease &rArr; rt_sem_send &rArr; rt_dispatch &rArr; rt_put_prio
</UL>
<BR>[Calls]<UL><LI><a href="#[ea]">&gt;&gt;</a>&nbsp;&nbsp;&nbsp;rt_id2obj
<LI><a href="#[aa]">&gt;&gt;</a>&nbsp;&nbsp;&nbsp;rt_sem_send
</UL>
<BR>[Address Reference Count : 1]<UL><LI> rt_cmsis.o(.text)
</UL>
<P><STRONG><a name="[113]"></a>svcSemaphoreDelete</STRONG> (Thumb, 38 bytes, Stack size 16 bytes, rt_cmsis.o(.text))
<BR><BR>[Stack]<UL><LI>Max Depth = 52<LI>Call Chain = svcSemaphoreDelete &rArr; rt_sem_delete &rArr; rt_dispatch &rArr; rt_put_prio
</UL>
<BR>[Calls]<UL><LI><a href="#[ea]">&gt;&gt;</a>&nbsp;&nbsp;&nbsp;rt_id2obj
<LI><a href="#[a4]">&gt;&gt;</a>&nbsp;&nbsp;&nbsp;rt_sem_delete
</UL>
<BR>[Address Reference Count : 1]<UL><LI> rt_cmsis.o(.text)
</UL>
<P><STRONG><a name="[114]"></a>osSemaphoreCreate</STRONG> (Thumb, 58 bytes, Stack size 16 bytes, rt_cmsis.o(.text))
<BR><BR>[Stack]<UL><LI>Max Depth = 104<LI>Call Chain = osSemaphoreCreate &rArr; svcSemaphoreCreate &rArr; sysThreadError &rArr; mbed_die &rArr; wait_ms &rArr; us_ticker_read &rArr; HAL_InitTick &rArr; NVIC_SetVector &rArr; __aeabi_memmove4
</UL>
<BR>[Calls]<UL><LI><a href="#[10f]">&gt;&gt;</a>&nbsp;&nbsp;&nbsp;svcSemaphoreCreate
<LI><a href="#[d8]">&gt;&gt;</a>&nbsp;&nbsp;&nbsp;__get_IPSR
<LI><a href="#[d9]">&gt;&gt;</a>&nbsp;&nbsp;&nbsp;__get_CONTROL
</UL>
<BR>[Called By]<UL><LI><a href="#[8c]">&gt;&gt;</a>&nbsp;&nbsp;&nbsp;rtos::Semaphore::Semaphore(int)
</UL>

<P><STRONG><a name="[115]"></a>osSemaphoreWait</STRONG> (Thumb, 34 bytes, Stack size 16 bytes, rt_cmsis.o(.text))
<BR><BR>[Stack]<UL><LI>Max Depth = 16<LI>Call Chain = osSemaphoreWait
</UL>
<BR>[Calls]<UL><LI><a href="#[d8]">&gt;&gt;</a>&nbsp;&nbsp;&nbsp;__get_IPSR
</UL>
<BR>[Called By]<UL><LI><a href="#[96]">&gt;&gt;</a>&nbsp;&nbsp;&nbsp;rtos::Semaphore::wait(unsigned)
</UL>

<P><STRONG><a name="[116]"></a>osSemaphoreRelease</STRONG> (Thumb, 74 bytes, Stack size 16 bytes, rt_cmsis.o(.text))
<BR><BR>[Stack]<UL><LI>Max Depth = 128<LI>Call Chain = osSemaphoreRelease &rArr; isr_sem_send &rArr; rt_psq_enq &rArr; os_error &rArr; mbed_die &rArr; wait_ms &rArr; us_ticker_read &rArr; HAL_InitTick &rArr; NVIC_SetVector &rArr; __aeabi_memmove4
</UL>
<BR>[Calls]<UL><LI><a href="#[d8]">&gt;&gt;</a>&nbsp;&nbsp;&nbsp;__get_IPSR
<LI><a href="#[ea]">&gt;&gt;</a>&nbsp;&nbsp;&nbsp;rt_id2obj
<LI><a href="#[ad]">&gt;&gt;</a>&nbsp;&nbsp;&nbsp;isr_sem_send
</UL>
<BR>[Called By]<UL><LI><a href="#[94]">&gt;&gt;</a>&nbsp;&nbsp;&nbsp;rtos::Semaphore::release()
</UL>

<P><STRONG><a name="[117]"></a>osSemaphoreDelete</STRONG> (Thumb, 36 bytes, Stack size 8 bytes, rt_cmsis.o(.text))
<BR><BR>[Stack]<UL><LI>Max Depth = 8<LI>Call Chain = osSemaphoreDelete
</UL>
<BR>[Calls]<UL><LI><a href="#[d8]">&gt;&gt;</a>&nbsp;&nbsp;&nbsp;__get_IPSR
</UL>
<BR>[Called By]<UL><LI><a href="#[138]">&gt;&gt;</a>&nbsp;&nbsp;&nbsp;rtos::Semaphore::~Semaphore()
</UL>

<P><STRONG><a name="[118]"></a>svcPoolCreate</STRONG> (Thumb, 56 bytes, Stack size 16 bytes, rt_cmsis.o(.text))
<BR><BR>[Stack]<UL><LI>Max Depth = 88<LI>Call Chain = svcPoolCreate &rArr; sysThreadError &rArr; mbed_die &rArr; wait_ms &rArr; us_ticker_read &rArr; HAL_InitTick &rArr; NVIC_SetVector &rArr; __aeabi_memmove4
</UL>
<BR>[Calls]<UL><LI><a href="#[cd]">&gt;&gt;</a>&nbsp;&nbsp;&nbsp;sysThreadError
<LI><a href="#[119]">&gt;&gt;</a>&nbsp;&nbsp;&nbsp;_init_box
</UL>
<BR>[Called By]<UL><LI><a href="#[11d]">&gt;&gt;</a>&nbsp;&nbsp;&nbsp;osPoolCreate
</UL>
<BR>[Address Reference Count : 1]<UL><LI> rt_cmsis.o(.text)
</UL>
<P><STRONG><a name="[11a]"></a>sysPoolAlloc</STRONG> (Thumb, 34 bytes, Stack size 16 bytes, rt_cmsis.o(.text))
<BR><BR>[Stack]<UL><LI>Max Depth = 24<LI>Call Chain = sysPoolAlloc &rArr; rt_clr_box
</UL>
<BR>[Calls]<UL><LI><a href="#[4b]">&gt;&gt;</a>&nbsp;&nbsp;&nbsp;rt_alloc_box
<LI><a href="#[11b]">&gt;&gt;</a>&nbsp;&nbsp;&nbsp;rt_clr_box
</UL>
<BR>[Called By]<UL><LI><a href="#[11f]">&gt;&gt;</a>&nbsp;&nbsp;&nbsp;osPoolCAlloc
[...]
<LI><a href="#[1b4]">&gt;&gt;</a>&nbsp;&nbsp;&nbsp;us_ticker_disable_interrupt
<LI><a href="#[1b3]">&gt;&gt;</a>&nbsp;&nbsp;&nbsp;us_ticker_clear_interrupt
<LI><a href="#[180]">&gt;&gt;</a>&nbsp;&nbsp;&nbsp;us_ticker_read
</UL>
<BR>[Called By]<UL><LI><a href="#[57]">&gt;&gt;</a>&nbsp;&nbsp;&nbsp;timer_irq_handler
</UL>

<P><STRONG><a name="[180]"></a>us_ticker_read</STRONG> (Thumb, 30 bytes, Stack size 8 bytes, us_ticker.o(i.us_ticker_read))
<BR><BR>[Stack]<UL><LI>Max Depth = 48<LI>Call Chain = us_ticker_read &rArr; HAL_InitTick &rArr; NVIC_SetVector &rArr; __aeabi_memmove4
</UL>
<BR>[Calls]<UL><LI><a href="#[15c]">&gt;&gt;</a>&nbsp;&nbsp;&nbsp;HAL_InitTick
</UL>
<BR>[Called By]<UL><LI><a href="#[8a]">&gt;&gt;</a>&nbsp;&nbsp;&nbsp;mbed::Timer::Timer()
<LI><a href="#[80]">&gt;&gt;</a>&nbsp;&nbsp;&nbsp;mbed::Timer::read_us()
<LI><a href="#[81]">&gt;&gt;</a>&nbsp;&nbsp;&nbsp;mbed::Timer::read_ms()
<LI><a href="#[7f]">&gt;&gt;</a>&nbsp;&nbsp;&nbsp;mbed::Timer::start()
<LI><a href="#[1a8]">&gt;&gt;</a>&nbsp;&nbsp;&nbsp;wait_ms
<LI><a href="#[1b1]">&gt;&gt;</a>&nbsp;&nbsp;&nbsp;us_ticker_irq_handler
</UL>

<P><STRONG><a name="[1b5]"></a>us_ticker_set_interrupt</STRONG> (Thumb, 16 bytes, Stack size 0 bytes, us_ticker.o(i.us_ticker_set_interrupt))
<BR><BR>[Called By]<UL><LI><a href="#[1b1]">&gt;&gt;</a>&nbsp;&nbsp;&nbsp;us_ticker_irq_handler
</UL>

<P><STRONG><a name="[1a8]"></a>wait_ms</STRONG> (Thumb, 28 bytes, Stack size 16 bytes, wait_api.o(i.wait_ms))
<BR><BR>[Stack]<UL><LI>Max Depth = 64<LI>Call Chain = wait_ms &rArr; us_ticker_read &rArr; HAL_InitTick &rArr; NVIC_SetVector &rArr; __aeabi_memmove4
</UL>
<BR>[Calls]<UL><LI><a href="#[180]">&gt;&gt;</a>&nbsp;&nbsp;&nbsp;us_ticker_read
</UL>
<BR>[Called By]<UL><LI><a href="#[137]">&gt;&gt;</a>&nbsp;&nbsp;&nbsp;mbed_die
</UL>

<P><STRONG><a name="[8f]"></a>void mbed::SerialBase::attach&lang;SerialDriver&rang;(T1*, void(T1::*)(), mbed::SerialBase::IrqType)</STRONG> (Thumb, 106 bytes, Stack size 56 bytes, serialdriver.o(t._ZN4mbed10SerialBase6attachI12SerialDriverEEvPT_MS3_FvvENS0_7IrqTypeE))
<BR><BR>[Stack]<UL><LI>Max Depth = 104<LI>Call Chain = void mbed::SerialBase::attach&lang;SerialDriver&rang;(T1*, void(T1::*)(), mbed::SerialBase::IrqType) &rArr; serial_irq_set &rArr; NVIC_SetVector &rArr; __aeabi_memmove4
</UL>
<BR>[Calls]<UL><LI><a href="#[172]">&gt;&gt;</a>&nbsp;&nbsp;&nbsp;serial_irq_set
</UL>
<BR>[Called By]<UL><LI><a href="#[84]">&gt;&gt;</a>&nbsp;&nbsp;&nbsp;SerialDriver::SerialDriver(PinName, PinName, int, int, unsigned char*, unsigned char*)
</UL>

<P><STRONG><a name="[69]"></a>void mbed::FunctionPointer::membercaller&lang;SerialDriver&rang;(void*, char*)</STRONG> (Thumb, 78 bytes, Stack size 72 bytes, serialdriver.o(t._ZN4mbed15FunctionPointer12membercallerI12SerialDriverEEvPvPc))
<BR><BR>[Stack]<UL><LI>Max Depth = 72<LI>Call Chain = void mbed::FunctionPointer::membercaller&lang;SerialDriver&rang;(void*, char*)
</UL>
<BR>[Address Reference Count : 1]<UL><LI> serialdriver.o(t._ZN4mbed10SerialBase6attachI12SerialDriverEEvPT_MS3_FvvENS0_7IrqTypeE)
</UL><P>
<H3>
Local Symbols
</H3>
<P><STRONG><a name="[6a]"></a>__sti___8_main_cpp_usb</STRONG> (Thumb, 148 bytes, Stack size 24 bytes, main.o(.text))
<BR><BR>[Stack]<UL><LI>Max Depth = 248<LI>Call Chain = __sti___8_main_cpp_usb &rArr; SerialDriver::SerialDriver(PinName, PinName, int, int, unsigned char*, unsigned char*) &rArr; mbed::SerialBase::SerialBase(PinName, PinName) &rArr; serial_init &rArr; pinmap_pinout &rArr; pin_function &rArr; Set_GPIO_Clock &rArr; error &rArr; exit &rArr; mbed_die &rArr; wait_ms &rArr; us_ticker_read &rArr; HAL_InitTick &rArr; NVIC_SetVector &rArr; __aeabi_memmove4
</UL>
<BR>[Calls]<UL><LI><a href="#[87]">&gt;&gt;</a>&nbsp;&nbsp;&nbsp;mbed::PwmOut::PwmOut(PinName)
<LI><a href="#[89]">&gt;&gt;</a>&nbsp;&nbsp;&nbsp;gpio_init_out
<LI><a href="#[8a]">&gt;&gt;</a>&nbsp;&nbsp;&nbsp;mbed::Timer::Timer()
<LI><a href="#[86]">&gt;&gt;</a>&nbsp;&nbsp;&nbsp;mbed::InterruptIn::InterruptIn(PinName)
<LI><a href="#[84]">&gt;&gt;</a>&nbsp;&nbsp;&nbsp;SerialDriver::SerialDriver(PinName, PinName, int, int, unsigned char*, unsigned char*)
<LI><a href="#[88]">&gt;&gt;</a>&nbsp;&nbsp;&nbsp;__aeabi_memclr4
<LI><a href="#[85]">&gt;&gt;</a>&nbsp;&nbsp;&nbsp;__aeabi_atexit
</UL>
<BR>[Address Reference Count : 1]<UL><LI> main.o(.init_array)
</UL>
<P><STRONG><a name="[bd]"></a>rt_ret_regs</STRONG> (Thumb, 20 bytes, Stack size 0 bytes, hal_cm.o(.text))
<BR><BR>[Called By]<UL><LI><a href="#[b3]">&gt;&gt;</a>&nbsp;&nbsp;&nbsp;rt_ret_val2
<LI><a href="#[a6]">&gt;&gt;</a>&nbsp;&nbsp;&nbsp;rt_ret_val
</UL>

<P><STRONG><a name="[e5]"></a>rt_ms2tick</STRONG> (Thumb, 60 bytes, Stack size 0 bytes, rt_cmsis.o(.text))
<BR><BR>[Called By]<UL><LI><a href="#[126]">&gt;&gt;</a>&nbsp;&nbsp;&nbsp;sysMailAlloc
<LI><a href="#[121]">&gt;&gt;</a>&nbsp;&nbsp;&nbsp;svcMessagePut
<LI><a href="#[111]">&gt;&gt;</a>&nbsp;&nbsp;&nbsp;svcSemaphoreWait
<LI><a href="#[108]">&gt;&gt;</a>&nbsp;&nbsp;&nbsp;svcMutexWait
<LI><a href="#[101]">&gt;&gt;</a>&nbsp;&nbsp;&nbsp;svcSignalWait
<LI><a href="#[f8]">&gt;&gt;</a>&nbsp;&nbsp;&nbsp;svcMessageGet
<LI><a href="#[e9]">&gt;&gt;</a>&nbsp;&nbsp;&nbsp;svcTimerStart
<LI><a href="#[e4]">&gt;&gt;</a>&nbsp;&nbsp;&nbsp;svcDelay
</UL>

<P><STRONG><a name="[d1]"></a>rt_tid2ptcb</STRONG> (Thumb, 32 bytes, Stack size 0 bytes, rt_cmsis.o(.text))
<BR><BR>[Called By]<UL><LI><a href="#[102]">&gt;&gt;</a>&nbsp;&nbsp;&nbsp;osSignalSet
<LI><a href="#[100]">&gt;&gt;</a>&nbsp;&nbsp;&nbsp;svcSignalGet
<LI><a href="#[fe]">&gt;&gt;</a>&nbsp;&nbsp;&nbsp;svcSignalClear
<LI><a href="#[fd]">&gt;&gt;</a>&nbsp;&nbsp;&nbsp;svcSignalSet
<LI><a href="#[de]">&gt;&gt;</a>&nbsp;&nbsp;&nbsp;svcThreadGetPriority
<LI><a href="#[dd]">&gt;&gt;</a>&nbsp;&nbsp;&nbsp;svcThreadSetPriority
<LI><a href="#[d0]">&gt;&gt;</a>&nbsp;&nbsp;&nbsp;svcThreadTerminate
</UL>

<P><STRONG><a name="[ea]"></a>rt_id2obj</STRONG> (Thumb, 16 bytes, Stack size 0 bytes, rt_cmsis.o(.text))
<BR><BR>[Called By]<UL><LI><a href="#[116]">&gt;&gt;</a>&nbsp;&nbsp;&nbsp;osSemaphoreRelease
<LI><a href="#[113]">&gt;&gt;</a>&nbsp;&nbsp;&nbsp;svcSemaphoreDelete
<LI><a href="#[112]">&gt;&gt;</a>&nbsp;&nbsp;&nbsp;svcSemaphoreRelease
<LI><a href="#[111]">&gt;&gt;</a>&nbsp;&nbsp;&nbsp;svcSemaphoreWait
<LI><a href="#[10a]">&gt;&gt;</a>&nbsp;&nbsp;&nbsp;svcMutexDelete
<LI><a href="#[109]">&gt;&gt;</a>&nbsp;&nbsp;&nbsp;svcMutexRelease
<LI><a href="#[108]">&gt;&gt;</a>&nbsp;&nbsp;&nbsp;svcMutexWait
<LI><a href="#[ef]">&gt;&gt;</a>&nbsp;&nbsp;&nbsp;svcTimerCall
<LI><a href="#[ee]">&gt;&gt;</a>&nbsp;&nbsp;&nbsp;svcTimerDelete
<LI><a href="#[ed]">&gt;&gt;</a>&nbsp;&nbsp;&nbsp;svcTimerStop
<LI><a href="#[e9]">&gt;&gt;</a>&nbsp;&nbsp;&nbsp;svcTimerStart
</UL>

<P><STRONG><a name="[ec]"></a>rt_timer_insert</STRONG> (Thumb, 60 bytes, Stack size 12 bytes, rt_cmsis.o(.text))
<BR><BR>[Stack]<UL><LI>Max Depth = 12<LI>Call Chain = rt_timer_insert
</UL>
<BR>[Called By]<UL><LI><a href="#[f3]">&gt;&gt;</a>&nbsp;&nbsp;&nbsp;sysTimerTick
<LI><a href="#[e9]">&gt;&gt;</a>&nbsp;&nbsp;&nbsp;svcTimerStart
</UL>

<P><STRONG><a name="[eb]"></a>rt_timer_remove</STRONG> (Thumb, 70 bytes, Stack size 8 bytes, rt_cmsis.o(.text))
<BR><BR>[Stack]<UL><LI>Max Depth = 8<LI>Call Chain = rt_timer_remove
</UL>
<BR>[Called By]<UL><LI><a href="#[ee]">&gt;&gt;</a>&nbsp;&nbsp;&nbsp;svcTimerDelete
<LI><a href="#[ed]">&gt;&gt;</a>&nbsp;&nbsp;&nbsp;svcTimerStop
<LI><a href="#[e9]">&gt;&gt;</a>&nbsp;&nbsp;&nbsp;svcTimerStart
</UL>

<P><STRONG><a name="[f0]"></a>isrMessagePut</STRONG> (Thumb, 50 bytes, Stack size 16 bytes, rt_cmsis.o(.text))
<BR><BR>[Stack]<UL><LI>Max Depth = 128<LI>Call Chain = isrMessagePut &rArr; isr_mbx_send &rArr; rt_psq_enq &rArr; os_error &rArr; mbed_die &rArr; wait_ms &rArr; us_ticker_read &rArr; HAL_InitTick &rArr; NVIC_SetVector &rArr; __aeabi_memmove4
</UL>
<BR>[Calls]<UL><LI><a href="#[f1]">&gt;&gt;</a>&nbsp;&nbsp;&nbsp;rt_mbx_check
<LI><a href="#[f2]">&gt;&gt;</a>&nbsp;&nbsp;&nbsp;isr_mbx_send
</UL>
<BR>[Called By]<UL><LI><a href="#[124]">&gt;&gt;</a>&nbsp;&nbsp;&nbsp;osMessagePut
<LI><a href="#[f3]">&gt;&gt;</a>&nbsp;&nbsp;&nbsp;sysTimerTick
</UL>

<P><STRONG><a name="[11b]"></a>rt_clr_box</STRONG> (Thumb, 24 bytes, Stack size 8 bytes, rt_cmsis.o(.text))
<BR><BR>[Stack]<UL><LI>Max Depth = 8<LI>Call Chain = rt_clr_box
</UL>
<BR>[Called By]<UL><LI><a href="#[126]">&gt;&gt;</a>&nbsp;&nbsp;&nbsp;sysMailAlloc
<LI><a href="#[11a]">&gt;&gt;</a>&nbsp;&nbsp;&nbsp;sysPoolAlloc
</UL>

<P><STRONG><a name="[d9]"></a>__get_CONTROL</STRONG> (Thumb, 6 bytes, Stack size 0 bytes, rt_cmsis.o(.text))
<BR><BR>[Called By]<UL><LI><a href="#[128]">&gt;&gt;</a>&nbsp;&nbsp;&nbsp;osMailCreate
<LI><a href="#[123]">&gt;&gt;</a>&nbsp;&nbsp;&nbsp;osMessageCreate
<LI><a href="#[120]">&gt;&gt;</a>&nbsp;&nbsp;&nbsp;osPoolFree
<LI><a href="#[11f]">&gt;&gt;</a>&nbsp;&nbsp;&nbsp;osPoolCAlloc
<LI><a href="#[11e]">&gt;&gt;</a>&nbsp;&nbsp;&nbsp;osPoolAlloc
<LI><a href="#[11d]">&gt;&gt;</a>&nbsp;&nbsp;&nbsp;osPoolCreate
<LI><a href="#[114]">&gt;&gt;</a>&nbsp;&nbsp;&nbsp;osSemaphoreCreate
<LI><a href="#[10b]">&gt;&gt;</a>&nbsp;&nbsp;&nbsp;osMutexCreate
<LI><a href="#[f4]">&gt;&gt;</a>&nbsp;&nbsp;&nbsp;osTimerCreate
<LI><a href="#[74]">&gt;&gt;</a>&nbsp;&nbsp;&nbsp;osThreadCreate
<LI><a href="#[da]">&gt;&gt;</a>&nbsp;&nbsp;&nbsp;osKernelRunning
<LI><a href="#[75]">&gt;&gt;</a>&nbsp;&nbsp;&nbsp;osKernelStart
<LI><a href="#[72]">&gt;&gt;</a>&nbsp;&nbsp;&nbsp;osKernelInitialize
</UL>

<P><STRONG><a name="[d8]"></a>__get_IPSR</STRONG> (Thumb, 6 bytes, Stack size 0 bytes, rt_cmsis.o(.text))
<BR><BR>[Called By]<UL><LI><a href="#[12b]">&gt;&gt;</a>&nbsp;&nbsp;&nbsp;osMailFree
<LI><a href="#[12a]">&gt;&gt;</a>&nbsp;&nbsp;&nbsp;osMailCAlloc
<LI><a href="#[129]">&gt;&gt;</a>&nbsp;&nbsp;&nbsp;osMailAlloc
<LI><a href="#[128]">&gt;&gt;</a>&nbsp;&nbsp;&nbsp;osMailCreate
<LI><a href="#[124]">&gt;&gt;</a>&nbsp;&nbsp;&nbsp;osMessagePut
<LI><a href="#[123]">&gt;&gt;</a>&nbsp;&nbsp;&nbsp;osMessageCreate
<LI><a href="#[120]">&gt;&gt;</a>&nbsp;&nbsp;&nbsp;osPoolFree
<LI><a href="#[11f]">&gt;&gt;</a>&nbsp;&nbsp;&nbsp;osPoolCAlloc
<LI><a href="#[11e]">&gt;&gt;</a>&nbsp;&nbsp;&nbsp;osPoolAlloc
<LI><a href="#[11d]">&gt;&gt;</a>&nbsp;&nbsp;&nbsp;osPoolCreate
<LI><a href="#[117]">&gt;&gt;</a>&nbsp;&nbsp;&nbsp;osSemaphoreDelete
<LI><a href="#[116]">&gt;&gt;</a>&nbsp;&nbsp;&nbsp;osSemaphoreRelease
<LI><a href="#[115]">&gt;&gt;</a>&nbsp;&nbsp;&nbsp;osSemaphoreWait
<LI><a href="#[114]">&gt;&gt;</a>&nbsp;&nbsp;&nbsp;osSemaphoreCreate
<LI><a href="#[10e]">&gt;&gt;</a>&nbsp;&nbsp;&nbsp;osMutexDelete
<LI><a href="#[10d]">&gt;&gt;</a>&nbsp;&nbsp;&nbsp;osMutexRelease
<LI><a href="#[10c]">&gt;&gt;</a>&nbsp;&nbsp;&nbsp;osMutexWait
<LI><a href="#[10b]">&gt;&gt;</a>&nbsp;&nbsp;&nbsp;osMutexCreate
<LI><a href="#[105]">&gt;&gt;</a>&nbsp;&nbsp;&nbsp;osSignalWait
<LI><a href="#[104]">&gt;&gt;</a>&nbsp;&nbsp;&nbsp;osSignalGet
<LI><a href="#[103]">&gt;&gt;</a>&nbsp;&nbsp;&nbsp;osSignalClear
<LI><a href="#[102]">&gt;&gt;</a>&nbsp;&nbsp;&nbsp;osSignalSet
<LI><a href="#[fa]">&gt;&gt;</a>&nbsp;&nbsp;&nbsp;osMessageGet
<LI><a href="#[f7]">&gt;&gt;</a>&nbsp;&nbsp;&nbsp;osTimerDelete
<LI><a href="#[f6]">&gt;&gt;</a>&nbsp;&nbsp;&nbsp;osTimerStop
<LI><a href="#[f5]">&gt;&gt;</a>&nbsp;&nbsp;&nbsp;osTimerStart
<LI><a href="#[f4]">&gt;&gt;</a>&nbsp;&nbsp;&nbsp;osTimerCreate
<LI><a href="#[e7]">&gt;&gt;</a>&nbsp;&nbsp;&nbsp;osDelay
<LI><a href="#[e3]">&gt;&gt;</a>&nbsp;&nbsp;&nbsp;osThreadGetPriority
<LI><a href="#[e2]">&gt;&gt;</a>&nbsp;&nbsp;&nbsp;osThreadSetPriority
<LI><a href="#[e1]">&gt;&gt;</a>&nbsp;&nbsp;&nbsp;osThreadYield
<LI><a href="#[e0]">&gt;&gt;</a>&nbsp;&nbsp;&nbsp;osThreadTerminate
<LI><a href="#[df]">&gt;&gt;</a>&nbsp;&nbsp;&nbsp;osThreadGetId
<LI><a href="#[74]">&gt;&gt;</a>&nbsp;&nbsp;&nbsp;osThreadCreate
<LI><a href="#[da]">&gt;&gt;</a>&nbsp;&nbsp;&nbsp;osKernelRunning
<LI><a href="#[75]">&gt;&gt;</a>&nbsp;&nbsp;&nbsp;osKernelStart
<LI><a href="#[72]">&gt;&gt;</a>&nbsp;&nbsp;&nbsp;osKernelInitialize
</UL>

<P><STRONG><a name="[16e]"></a>UART_SetConfig</STRONG> (Thumb, 522 bytes, Stack size 24 bytes, stm32f4xx_hal_uart.o(i.UART_SetConfig))
<BR><BR>[Stack]<UL><LI>Max Depth = 36<LI>Call Chain = UART_SetConfig &rArr; HAL_RCC_GetPCLK2Freq &rArr; HAL_RCC_GetHCLKFreq
</UL>
<BR>[Calls]<UL><LI><a href="#[166]">&gt;&gt;</a>&nbsp;&nbsp;&nbsp;HAL_RCC_GetPCLK2Freq
<LI><a href="#[164]">&gt;&gt;</a>&nbsp;&nbsp;&nbsp;HAL_RCC_GetPCLK1Freq
</UL>
<BR>[Called By]<UL><LI><a href="#[16c]">&gt;&gt;</a>&nbsp;&nbsp;&nbsp;HAL_UART_Init
</UL>

<P><STRONG><a name="[67]"></a>uart1_irq</STRONG> (Thumb, 74 bytes, Stack size 16 bytes, serial_api.o(i.uart1_irq))
<BR><BR>[Stack]<UL><LI>Max Depth = 16<LI>Call Chain = uart1_irq
</UL>
<BR>[Address Reference Count : 1]<UL><LI> serial_api.o(i.serial_irq_set)
</UL>
<P><STRONG><a name="[66]"></a>uart2_irq</STRONG> (Thumb, 74 bytes, Stack size 16 bytes, serial_api.o(i.uart2_irq))
<BR><BR>[Stack]<UL><LI>Max Depth = 16<LI>Call Chain = uart2_irq
</UL>
<BR>[Address Reference Count : 1]<UL><LI> serial_api.o(i.serial_irq_set)
</UL>
<P><STRONG><a name="[68]"></a>uart6_irq</STRONG> (Thumb, 74 bytes, Stack size 16 bytes, serial_api.o(i.uart6_irq))
<BR><BR>[Stack]<UL><LI>Max Depth = 16<LI>Call Chain = uart6_irq
</UL>
<BR>[Address Reference Count : 1]<UL><LI> serial_api.o(i.serial_irq_set)
</UL>
<P><STRONG><a name="[58]"></a>&lang;Func1&rang;</STRONG> (Thumb, 6 bytes, Stack size 0 bytes, SerialBase.o(i.<Func1>))
<BR><BR>[Calls]<UL><LI><a href="#[159]">&gt;&gt;</a>&nbsp;&nbsp;&nbsp;mbed::FunctionPointer::FunctionPointer(void(*)())
</UL>
<BR>[Address Reference Count : 1]<UL><LI> SerialBase.o(i._ZN4mbed10SerialBaseC1E7PinNameS1_)
</UL>
<P><STRONG><a name="[5f]"></a>gpio_irq0</STRONG> (Thumb, 8 bytes, Stack size 0 bytes, gpio_irq_api.o(i.gpio_irq0))
<BR><BR>[Stack]<UL><LI>Max Depth = 32<LI>Call Chain = gpio_irq0 &rArr; handle_interrupt_in
</UL>
<BR>[Calls]<UL><LI><a href="#[1a5]">&gt;&gt;</a>&nbsp;&nbsp;&nbsp;handle_interrupt_in
</UL>
<BR>[Address Reference Count : 1]<UL><LI> gpio_irq_api.o(i.gpio_irq_init)
</UL>
<P><STRONG><a name="[60]"></a>gpio_irq1</STRONG> (Thumb, 8 bytes, Stack size 0 bytes, gpio_irq_api.o(i.gpio_irq1))
<BR><BR>[Stack]<UL><LI>Max Depth = 32<LI>Call Chain = gpio_irq1 &rArr; handle_interrupt_in
</UL>
<BR>[Calls]<UL><LI><a href="#[1a5]">&gt;&gt;</a>&nbsp;&nbsp;&nbsp;handle_interrupt_in
</UL>
<BR>[Address Reference Count : 1]<UL><LI> gpio_irq_api.o(i.gpio_irq_init)
</UL>
<P><STRONG><a name="[61]"></a>gpio_irq2</STRONG> (Thumb, 8 bytes, Stack size 0 bytes, gpio_irq_api.o(i.gpio_irq2))
<BR><BR>[Stack]<UL><LI>Max Depth = 32<LI>Call Chain = gpio_irq2 &rArr; handle_interrupt_in
</UL>
<BR>[Calls]<UL><LI><a href="#[1a5]">&gt;&gt;</a>&nbsp;&nbsp;&nbsp;handle_interrupt_in
</UL>
<BR>[Address Reference Count : 1]<UL><LI> gpio_irq_api.o(i.gpio_irq_init)
</UL>
<P><STRONG><a name="[62]"></a>gpio_irq3</STRONG> (Thumb, 8 bytes, Stack size 0 bytes, gpio_irq_api.o(i.gpio_irq3))
<BR><BR>[Stack]<UL><LI>Max Depth = 32<LI>Call Chain = gpio_irq3 &rArr; handle_interrupt_in
</UL>
<BR>[Calls]<UL><LI><a href="#[1a5]">&gt;&gt;</a>&nbsp;&nbsp;&nbsp;handle_interrupt_in
</UL>
<BR>[Address Reference Count : 1]<UL><LI> gpio_irq_api.o(i.gpio_irq_init)
</UL>
<P><STRONG><a name="[63]"></a>gpio_irq4</STRONG> (Thumb, 8 bytes, Stack size 0 bytes, gpio_irq_api.o(i.gpio_irq4))
<BR><BR>[Stack]<UL><LI>Max Depth = 32<LI>Call Chain = gpio_irq4 &rArr; handle_interrupt_in
</UL>
<BR>[Calls]<UL><LI><a href="#[1a5]">&gt;&gt;</a>&nbsp;&nbsp;&nbsp;handle_interrupt_in
</UL>
<BR>[Address Reference Count : 1]<UL><LI> gpio_irq_api.o(i.gpio_irq_init)
</UL>
<P><STRONG><a name="[64]"></a>gpio_irq5</STRONG> (Thumb, 8 bytes, Stack size 0 bytes, gpio_irq_api.o(i.gpio_irq5))
<BR><BR>[Stack]<UL><LI>Max Depth = 32<LI>Call Chain = gpio_irq5 &rArr; handle_interrupt_in
</UL>
<BR>[Calls]<UL><LI><a href="#[1a5]">&gt;&gt;</a>&nbsp;&nbsp;&nbsp;handle_interrupt_in
</UL>
<BR>[Address Reference Count : 1]<UL><LI> gpio_irq_api.o(i.gpio_irq_init)
</UL>
<P><STRONG><a name="[65]"></a>gpio_irq6</STRONG> (Thumb, 8 bytes, Stack size 0 bytes, gpio_irq_api.o(i.gpio_irq6))
<BR><BR>[Stack]<UL><LI>Max Depth = 32<LI>Call Chain = gpio_irq6 &rArr; handle_interrupt_in
</UL>
<BR>[Calls]<UL><LI><a href="#[1a5]">&gt;&gt;</a>&nbsp;&nbsp;&nbsp;handle_interrupt_in
</UL>
<BR>[Address Reference Count : 1]<UL><LI> gpio_irq_api.o(i.gpio_irq_init)
</UL>
<P><STRONG><a name="[1a5]"></a>handle_interrupt_in</STRONG> (Thumb, 114 bytes, Stack size 32 bytes, gpio_irq_api.o(i.handle_interrupt_in))
<BR><BR>[Stack]<UL><LI>Max Depth = 32<LI>Call Chain = handle_interrupt_in
</UL>
<BR>[Called By]<UL><LI><a href="#[65]">&gt;&gt;</a>&nbsp;&nbsp;&nbsp;gpio_irq6
<LI><a href="#[64]">&gt;&gt;</a>&nbsp;&nbsp;&nbsp;gpio_irq5
<LI><a href="#[63]">&gt;&gt;</a>&nbsp;&nbsp;&nbsp;gpio_irq4
<LI><a href="#[62]">&gt;&gt;</a>&nbsp;&nbsp;&nbsp;gpio_irq3
<LI><a href="#[61]">&gt;&gt;</a>&nbsp;&nbsp;&nbsp;gpio_irq2
<LI><a href="#[60]">&gt;&gt;</a>&nbsp;&nbsp;&nbsp;gpio_irq1
<LI><a href="#[5f]">&gt;&gt;</a>&nbsp;&nbsp;&nbsp;gpio_irq0
</UL>

<P><STRONG><a name="[197]"></a>_fp_digits</STRONG> (Thumb, 334 bytes, Stack size 56 bytes, printfa.o(i._fp_digits), UNUSED)
<BR><BR>[Calls]<UL><LI><a href="#[144]">&gt;&gt;</a>&nbsp;&nbsp;&nbsp;__aeabi_uldivmod
<LI><a href="#[14e]">&gt;&gt;</a>&nbsp;&nbsp;&nbsp;__aeabi_dmul
<LI><a href="#[14f]">&gt;&gt;</a>&nbsp;&nbsp;&nbsp;__aeabi_ddiv
<LI><a href="#[148]">&gt;&gt;</a>&nbsp;&nbsp;&nbsp;__aeabi_dadd
<LI><a href="#[150]">&gt;&gt;</a>&nbsp;&nbsp;&nbsp;__aeabi_d2ulz
<LI><a href="#[198]">&gt;&gt;</a>&nbsp;&nbsp;&nbsp;__aeabi_cdrcmple
</UL>
<BR>[Called By]<UL><LI><a href="#[18f]">&gt;&gt;</a>&nbsp;&nbsp;&nbsp;_printf_core
</UL>

<P><STRONG><a name="[18f]"></a>_printf_core</STRONG> (Thumb, 1744 bytes, Stack size 136 bytes, printfa.o(i._printf_core), UNUSED)
<BR><BR>[Calls]<UL><LI><a href="#[144]">&gt;&gt;</a>&nbsp;&nbsp;&nbsp;__aeabi_uldivmod
<LI><a href="#[19b]">&gt;&gt;</a>&nbsp;&nbsp;&nbsp;__aeabi_uidivmod
<LI><a href="#[199]">&gt;&gt;</a>&nbsp;&nbsp;&nbsp;_printf_pre_padding
<LI><a href="#[19a]">&gt;&gt;</a>&nbsp;&nbsp;&nbsp;_printf_post_padding
<LI><a href="#[197]">&gt;&gt;</a>&nbsp;&nbsp;&nbsp;_fp_digits
</UL>
<BR>[Called By]<UL><LI><a href="#[192]">&gt;&gt;</a>&nbsp;&nbsp;&nbsp;__0vsprintf
<LI><a href="#[191]">&gt;&gt;</a>&nbsp;&nbsp;&nbsp;__0vsnprintf
<LI><a href="#[190]">&gt;&gt;</a>&nbsp;&nbsp;&nbsp;__0vfprintf
<LI><a href="#[18e]">&gt;&gt;</a>&nbsp;&nbsp;&nbsp;__0fprintf
</UL>

<P><STRONG><a name="[19a]"></a>_printf_post_padding</STRONG> (Thumb, 36 bytes, Stack size 24 bytes, printfa.o(i._printf_post_padding), UNUSED)
<BR><BR>[Called By]<UL><LI><a href="#[18f]">&gt;&gt;</a>&nbsp;&nbsp;&nbsp;_printf_core
</UL>

<P><STRONG><a name="[199]"></a>_printf_pre_padding</STRONG> (Thumb, 46 bytes, Stack size 24 bytes, printfa.o(i._printf_pre_padding), UNUSED)
<BR><BR>[Called By]<UL><LI><a href="#[18f]">&gt;&gt;</a>&nbsp;&nbsp;&nbsp;_printf_core
</UL>

<P><STRONG><a name="[5d]"></a>_snputc</STRONG> (Thumb, 22 bytes, Stack size 0 bytes, printfa.o(i._snputc))
<BR>[Address Reference Count : 1]<UL><LI> printfa.o(i.__0vsnprintf)
</UL>
<P><STRONG><a name="[5e]"></a>_sputc</STRONG> (Thumb, 10 bytes, Stack size 0 bytes, printfa.o(i._sputc))
<BR><BR>[Called By]<UL><LI><a href="#[192]">&gt;&gt;</a>&nbsp;&nbsp;&nbsp;__0vsprintf
</UL>
<BR>[Address Reference Count : 1]<UL><LI> printfa.o(i.__0vsprintf)
</UL>
<P><STRONG><a name="[54]"></a>_scanf_char_input</STRONG> (Thumb, 12 bytes, Stack size 0 bytes, scanf_char.o(.text))
<BR>[Address Reference Count : 1]<UL><LI> scanf_char.o(.text)
</UL>
<P><STRONG><a name="[56]"></a>[local to arm_exceptions_c]::__default_terminate_handler()</STRONG> (Thumb, 6 bytes, Stack size 8 bytes, arm_exceptions_globs.o(.text))
<BR><BR>[Stack]<UL><LI>Max Depth = 8<LI>Call Chain = [local to arm_exceptions_c]::__default_terminate_handler()
</UL>
<BR>[Address Reference Count : 1]<UL><LI> arm_exceptions_globs.o(.text)
</UL><P>
<H3>
Undefined Global Symbols
</H3><HR></body></html>
