Component: ARM Compiler 5.05 update 1 (build 106) Tool: armlink [4d0efa]

==============================================================================

Section Cross References

    main.o(.text) refers to Timer.o(i._ZN4mbed5Timer7read_usEv) for mbed::Timer::read_us()
    main.o(.text) refers to InterruptIn.o(i._ZN4mbed11InterruptIn11disable_irqEv) for mbed::InterruptIn::disable_irq()
    main.o(.text) refers to Timer.o(i._ZN4mbed5Timer5startEv) for mbed::Timer::start()
    main.o(.text) refers to Timer.o(i._ZN4mbed5Timer5resetEv) for mbed::Timer::reset()
    main.o(.text) refers to InterruptIn.o(i._ZN4mbed11InterruptIn10enable_irqEv) for mbed::InterruptIn::enable_irq()
    main.o(.text) refers to InterruptIn.o(i._ZN4mbed11InterruptIn4riseEPFvvE) for mbed::InterruptIn::rise(void(*)())
    main.o(.text) refers to Stream.o(i._ZN4mbed6Stream6printfEPKcz) for mbed::Stream::printf(const char*, ...)
    main.o(.text) refers to wait_api.o(i.wait_ms) for wait_ms
    main.o(.text) refers to assert.o(i.mbed_assert_internal) for mbed_assert_internal
    main.o(.text) refers to thread.o(.text) for rtos::Thread::Thread(void(*)(const void*), void*, osPriority, unsigned, unsigned char*)
    main.o(.text) refers to Serial.o(i._ZN4mbed6SerialC1E7PinNameS1_PKc) for mbed::Serial::Serial(PinName, PinName, const char*)
    main.o(.text) refers to aeabi_atexit.o(i.__aeabi_atexit) for __aeabi_atexit
    main.o(.text) refers to memseta.o(.text) for __aeabi_memclr4
    main.o(.text) refers to gpio.o(i.gpio_init_out) for gpio_init_out
    main.o(.text) refers to gpio.o(i.gpio_init_in) for gpio_init_in
    main.o(.text) refers to InterruptIn.o(i._ZN4mbed11InterruptInC1E7PinName) for mbed::InterruptIn::InterruptIn(PinName)
    main.o(.text) refers to Timer.o(i._ZN4mbed5TimerC1Ev) for mbed::Timer::Timer()
    main.o(.text) refers to main.o(.bss) for timer
    main.o(.text) refers to main.o(.data) for time1
    main.o(.text) refers to main.o(.conststring) for .conststring
    main.o(.text) refers to Serial.o(i._ZN4mbed6SerialD1Ev) for mbed::Serial::~Serial()
    main.o(.text) refers to InterruptIn.o(i._ZN4mbed11InterruptInD1Ev) for mbed::InterruptIn::~InterruptIn()
    main.o(.ARM.exidx) refers to main.o(.text) for .text
    main.o(.init_array) refers to main.o(.text) for __sti___8_main_cpp_usb
    main.o(.init_array) refers to cpp_init.o(.text) for __cpp_initialize__aeabi_
    rt_semaphore.o(.text) refers to rt_list.o(.text) for rt_get_first
    rt_semaphore.o(.text) refers to hal_cm.o(.text) for rt_ret_val
    rt_semaphore.o(.text) refers to rt_task.o(.text) for rt_dispatch
    rt_semaphore.o(.text) refers to rt_system.o(.text) for rt_psh_req
    rt_semaphore.o(.text) refers to rt_list.o(.bss) for os_rdy
    rt_semaphore.o(.text) refers to rt_task.o(.data) for os_tsk
    rt_event.o(.text) refers to rt_task.o(.text) for rt_block
    rt_event.o(.text) refers to rt_list.o(.text) for rt_rmv_dly
    rt_event.o(.text) refers to hal_cm.o(.text) for rt_ret_val2
    rt_event.o(.text) refers to rt_system.o(.text) for rt_psh_req
    rt_event.o(.text) refers to rt_task.o(.data) for os_tsk
    rt_event.o(.text) refers to rtx_conf_cm.o(.bss) for os_active_TCB
    rt_event.o(.text) refers to rt_list.o(.bss) for os_rdy
    rt_list.o(.text) refers to rtx_conf_cm.o(.text) for os_error
    rt_list.o(.text) refers to rt_list.o(.bss) for os_rdy
    rt_list.o(.text) refers to rt_task.o(.data) for os_tsk
    rt_list.o(.text) refers to rt_time.o(.data) for os_time
    rt_list.o(.text) refers to rtx_conf_cm.o(.bss) for os_fifo
    rt_mutex.o(.text) refers to rt_list.o(.text) for rt_resort_prio
    rt_mutex.o(.text) refers to hal_cm.o(.text) for rt_ret_val
    rt_mutex.o(.text) refers to rt_task.o(.text) for rt_dispatch
    rt_mutex.o(.text) refers to rt_task.o(.data) for os_tsk
    rt_mutex.o(.text) refers to rt_list.o(.bss) for os_rdy
    rt_task.o(.text) refers to hal_cm.o(.text) for rt_init_stack
    rt_task.o(.text) refers to rt_list.o(.text) for rt_get_first
    rt_task.o(.text) refers to hal_cm4.o(.emb_text) for rt_get_PSP
    rt_task.o(.text) refers to rt_system.o(.text) for rt_stk_check
    rt_task.o(.text) refers to rt_robin.o(.text) for rt_init_robin
    rt_task.o(.text) refers to rtx_conf_cm.o(.bss) for os_active_TCB
    rt_task.o(.text) refers to rtx_conf_cm.o(.constdata) for os_maxtaskrun
    rt_task.o(.text) refers to rt_task.o(.data) for os_tsk
    rt_task.o(.text) refers to rt_list.o(.bss) for os_rdy
    rt_task.o(.text) refers to rt_task.o(.bss) for os_idle_TCB
    rt_task.o(.text) refers to rtx_conf_cm.o(.text) for os_idle_demon
    rt_task.o(.text) refers to rt_system.o(.data) for os_tick_irqn
    rt_cmsis.o(.text) refers to rt_task.o(.text) for rt_sys_init
    rt_cmsis.o(.text) refers to rtx_conf_cm.o(.text) for sysThreadError
    rt_cmsis.o(.text) refers to rt_mailbox.o(.text) for rt_mbx_init
    rt_cmsis.o(.text) refers to rtx_conf_cm.o(.constdata) for os_clockrate
    rt_cmsis.o(.text) refers to rt_cmsis.o(.data) for os_initialized
[...]
    _printf_s                                0x00000000   Number         0  stubs.o ABSOLUTE
    _printf_sizespec                         0x00000000   Number         0  stubs.o ABSOLUTE
    _printf_str                              0x00000000   Number         0  stubs.o ABSOLUTE
    _printf_truncate_signed                  0x00000000   Number         0  stubs.o ABSOLUTE
    _printf_truncate_unsigned                0x00000000   Number         0  stubs.o ABSOLUTE
    _printf_u                                0x00000000   Number         0  stubs.o ABSOLUTE
    _printf_wc                               0x00000000   Number         0  stubs.o ABSOLUTE
    _printf_wctomb                           0x00000000   Number         0  stubs.o ABSOLUTE
    _printf_widthprec                        0x00000000   Number         0  stubs.o ABSOLUTE
    _printf_x                                0x00000000   Number         0  stubs.o ABSOLUTE
    __ARM::default_unexpected_handler()       - Undefined Weak Reference
    __ARM_exceptions_buffer_required          - Undefined Weak Reference
    _clock_init                               - Undefined Weak Reference
    _microlib_exit                            - Undefined Weak Reference
    __Vectors_Size                           0x00000194   Number         0  startup_stm32f401xe.o ABSOLUTE
    __RL_RTX_VER                             0x00000450   Number         0  rt_system.o ABSOLUTE
    __Vectors                                0x08000000   Data           4  startup_stm32f401xe.o(RESET)
    __dso_handle                             0x08000000   Number         0  startup_stm32f401xe.o(RESET)
    __Vectors_End                            0x08000194   Data           0  startup_stm32f401xe.o(RESET)
    __main                                   0x08000195   Thumb Code     0  entry.o(.ARM.Collect$$$$00000000)
    _main_stk                                0x08000195   Thumb Code     0  entry2.o(.ARM.Collect$$$$00000001)
    _main_scatterload                        0x08000199   Thumb Code     0  entry5.o(.ARM.Collect$$$$00000004)
    __main_after_scatterload                 0x0800019d   Thumb Code     0  entry5.o(.ARM.Collect$$$$00000004)
    __use_full_stdio                         0x0800019d   Thumb Code     0  entry6b.o(.ARM.Collect$$$$00000006)
    __main_after_initio                      0x080001a1   Thumb Code     0  entry6b.o(.ARM.Collect$$$$00000006)
    _main_clock                              0x080001a1   Thumb Code     0  entry7b.o(.ARM.Collect$$$$00000008)
    _main_cpp_init$empty                     0x080001a1   Thumb Code     0  entry8a.o(.ARM.Collect$$$$00000009)
    __rt_final_cpp                           0x080001a5   Thumb Code     0  entry10a.o(.ARM.Collect$$$$0000000D)
    __rt_final_exit                          0x080001a5   Thumb Code     0  entry11a.o(.ARM.Collect$$$$0000000F)
    _main_cpp_init                           0x080001a5   Thumb Code     0  entry8b.o(.ARM.Collect$$$$0000000A)
    _main_init                               0x080001a5   Thumb Code    22  rtx_conf_cm.o(.ARM.Collect$$$$000000FF)
    rt_set_PSP                               0x080001c5   Thumb Code     6  hal_cm4.o(.emb_text)
    rt_get_PSP                               0x080001cb   Thumb Code     6  hal_cm4.o(.emb_text)
    os_set_env                               0x080001d1   Thumb Code    24  hal_cm4.o(.emb_text)
    _alloc_box                               0x080001ed   Thumb Code    28  hal_cm4.o(.emb_text)
    _free_box                                0x0800020d   Thumb Code    28  hal_cm4.o(.emb_text)
    SVC_Handler                              0x0800022d   Thumb Code   148  hal_cm4.o(.emb_text)
    PendSV_Handler                           0x080002cd   Thumb Code    96  hal_cm4.o(.emb_text)
    SysTick_Handler                          0x08000331   Thumb Code     8  hal_cm4.o(.emb_text)
    OS_Tick_Handler                          0x08000339   Thumb Code    12  hal_cm4.o(.emb_text)
    trigger1()                               0x08000345   Thumb Code    26  main.o(.text)
    trigger2()                               0x0800035f   Thumb Code    26  main.o(.text)
    trigger3()                               0x08000379   Thumb Code    26  main.o(.text)
    ultrason_receive(const void*)            0x08000393   Thumb Code   316  main.o(.text)
    $Super$$main                             0x080004cf   Thumb Code    30  main.o(.text)
    rt_sem_init                              0x0800063d   Thumb Code    16  rt_semaphore.o(.text)
    rt_sem_delete                            0x0800064d   Thumb Code   100  rt_semaphore.o(.text)
    rt_sem_send                              0x080006b1   Thumb Code    50  rt_semaphore.o(.text)
    rt_sem_wait                              0x080006e3   Thumb Code    76  rt_semaphore.o(.text)
    isr_sem_send                             0x0800072f   Thumb Code    20  rt_semaphore.o(.text)
    rt_sem_psh                               0x08000743   Thumb Code    52  rt_semaphore.o(.text)
    rt_evt_wait                              0x08000781   Thumb Code   110  rt_event.o(.text)
    rt_evt_set                               0x080007ef   Thumb Code   100  rt_event.o(.text)
    rt_evt_clr                               0x08000853   Thumb Code    26  rt_event.o(.text)
    isr_evt_set                              0x0800086d   Thumb Code    34  rt_event.o(.text)
    rt_evt_get                               0x0800088f   Thumb Code     8  rt_event.o(.text)
    rt_evt_psh                               0x08000897   Thumb Code    88  rt_event.o(.text)
    rt_put_prio                              0x080008fd   Thumb Code    64  rt_list.o(.text)
    rt_get_first                             0x0800093d   Thumb Code    50  rt_list.o(.text)
    rt_put_rdy_first                         0x0800096f   Thumb Code    16  rt_list.o(.text)
    rt_get_same_rdy_prio                     0x0800097f   Thumb Code    34  rt_list.o(.text)
    rt_rmv_list                              0x080009a1   Thumb Code    48  rt_list.o(.text)
    rt_resort_prio                           0x080009d1   Thumb Code    48  rt_list.o(.text)
    rt_put_dly                               0x08000a01   Thumb Code    88  rt_list.o(.text)
    rt_dec_dly                               0x08000a59   Thumb Code   130  rt_list.o(.text)
    rt_rmv_dly                               0x08000adb   Thumb Code    40  rt_list.o(.text)
    rt_psq_enq                               0x08000b03   Thumb Code   120  rt_list.o(.text)
    rt_mut_init                              0x08000b91   Thumb Code    18  rt_mutex.o(.text)
    rt_mut_delete                            0x08000ba3   Thumb Code   126  rt_mutex.o(.text)
    rt_mut_release                           0x08000c21   Thumb Code   186  rt_mutex.o(.text)
    rt_mut_wait                              0x08000cdb   Thumb Code   132  rt_mutex.o(.text)
    rt_init_stack                            0x08000d69   Thumb Code    70  hal_cm.o(.text)
    rt_ret_val                               0x08000daf   Thumb Code    18  hal_cm.o(.text)
    rt_ret_val2                              0x08000dc1   Thumb Code    26  hal_cm.o(.text)
    rt_get_TID                               0x08000df5   Thumb Code    32  rt_task.o(.text)
    rt_init_context                          0x08000e15   Thumb Code    50  rt_task.o(.text)
    rt_switch_req                            0x08000e47   Thumb Code    10  rt_task.o(.text)
    rt_dispatch                              0x08000e51   Thumb Code    72  rt_task.o(.text)
    rt_block                                 0x08000e99   Thumb Code    48  rt_task.o(.text)
    rt_tsk_pass                              0x08000ec9   Thumb Code    36  rt_task.o(.text)
    rt_tsk_self                              0x08000eed   Thumb Code    18  rt_task.o(.text)
    rt_tsk_prio                              0x08000eff   Thumb Code   126  rt_task.o(.text)
    rt_tsk_delete                            0x08000f7d   Thumb Code   132  rt_task.o(.text)
    rt_sys_init                              0x08001001   Thumb Code   182  rt_task.o(.text)
    rt_sys_start                             0x080010b7   Thumb Code    62  rt_task.o(.text)
    svcKernelInitialize                      0x08001195   Thumb Code    40  rt_cmsis.o(.text)
    svcThreadGetId                           0x080011bd   Thumb Code    24  rt_cmsis.o(.text)
    svcThreadTerminate                       0x080011d5   Thumb Code    38  rt_cmsis.o(.text)
    osThreadExit                             0x080011fb   Thumb Code    22  rt_cmsis.o(.text)
    svcThreadCreate                          0x08001211   Thumb Code   128  rt_cmsis.o(.text)
    svcMessageCreate                         0x08001291   Thumb Code    60  rt_cmsis.o(.text)
    svcKernelStart                           0x080012cd   Thumb Code    80  rt_cmsis.o(.text)
    svcKernelRunning                         0x0800131d   Thumb Code     6  rt_cmsis.o(.text)
    osKernelInitialize                       0x08001323   Thumb Code    40  rt_cmsis.o(.text)
    osKernelStart                            0x0800134b   Thumb Code   150  rt_cmsis.o(.text)
    osKernelRunning                          0x080013e1   Thumb Code    36  rt_cmsis.o(.text)
    svcThreadYield                           0x08001405   Thumb Code    10  rt_cmsis.o(.text)
    svcThreadSetPriority                     0x0800140f   Thumb Code    62  rt_cmsis.o(.text)
    svcThreadGetPriority                     0x0800144d   Thumb Code    24  rt_cmsis.o(.text)
    osThreadCreate                           0x08001465   Thumb Code    58  rt_cmsis.o(.text)
    osThreadGetId                            0x0800149f   Thumb Code    24  rt_cmsis.o(.text)
    osThreadTerminate                        0x080014b7   Thumb Code    28  rt_cmsis.o(.text)
    osThreadYield                            0x080014d3   Thumb Code    24  rt_cmsis.o(.text)
    osThreadSetPriority                      0x080014eb   Thumb Code    32  rt_cmsis.o(.text)
    osThreadGetPriority                      0x0800150b   Thumb Code    72  rt_cmsis.o(.text)
    svcDelay                                 0x08001553   Thumb Code    28  rt_cmsis.o(.text)
    osDelay                                  0x0800156f   Thumb Code    28  rt_cmsis.o(.text)
    osWait                                   0x0800158b   Thumb Code    16  rt_cmsis.o(.text)
    svcTimerCreate                           0x0800161d   Thumb Code   102  rt_cmsis.o(.text)
    svcTimerStart                            0x08001683   Thumb Code    88  rt_cmsis.o(.text)
    svcTimerStop                             0x080016db   Thumb Code    48  rt_cmsis.o(.text)
    svcTimerDelete                           0x0800170b   Thumb Code    52  rt_cmsis.o(.text)
    svcTimerCall                             0x0800173f   Thumb Code    42  rt_cmsis.o(.text)
    sysTimerTick                             0x0800179b   Thumb Code    70  rt_cmsis.o(.text)
    osTimerCreate                            0x080017e1   Thumb Code    64  rt_cmsis.o(.text)
    osTimerStart                             0x08001821   Thumb Code    32  rt_cmsis.o(.text)
    osTimerStop                              0x08001841   Thumb Code    28  rt_cmsis.o(.text)
    osTimerDelete                            0x0800185d   Thumb Code    28  rt_cmsis.o(.text)
    osTimerCall                              0x08001879   Thumb Code    26  rt_cmsis.o(.text)
    svcMessageGet                            0x08001893   Thumb Code    86  rt_cmsis.o(.text)
    osMessageGet                             0x080018e9   Thumb Code   118  rt_cmsis.o(.text)
    osTimerThread                            0x0800195f   Thumb Code    66  rt_cmsis.o(.text)
    svcSignalSet                             0x080019a1   Thumb Code    52  rt_cmsis.o(.text)
    svcSignalClear                           0x080019d5   Thumb Code    52  rt_cmsis.o(.text)
    svcSignalGet                             0x08001a09   Thumb Code    24  rt_cmsis.o(.text)
    svcSignalWait                            0x08001a21   Thumb Code   114  rt_cmsis.o(.text)
    osSignalSet                              0x08001a93   Thumb Code    80  rt_cmsis.o(.text)
    osSignalClear                            0x08001ae3   Thumb Code    32  rt_cmsis.o(.text)
    osSignalGet                              0x08001b03   Thumb Code    28  rt_cmsis.o(.text)
    osSignalWait                             0x08001b1f   Thumb Code    48  rt_cmsis.o(.text)
    svcMutexCreate                           0x08001b4f   Thumb Code    54  rt_cmsis.o(.text)
    svcMutexWait                             0x08001b85   Thumb Code    72  rt_cmsis.o(.text)
    svcMutexRelease                          0x08001bcd   Thumb Code    48  rt_cmsis.o(.text)
    svcMutexDelete                           0x08001bfd   Thumb Code    38  rt_cmsis.o(.text)
    osMutexCreate                            0x08001c23   Thumb Code    52  rt_cmsis.o(.text)
    osMutexWait                              0x08001c57   Thumb Code    32  rt_cmsis.o(.text)
    osMutexRelease                           0x08001c77   Thumb Code    28  rt_cmsis.o(.text)
    osMutexDelete                            0x08001c93   Thumb Code    28  rt_cmsis.o(.text)
    svcSemaphoreCreate                       0x08001caf   Thumb Code    74  rt_cmsis.o(.text)
    svcSemaphoreWait                         0x08001cf9   Thumb Code    72  rt_cmsis.o(.text)
    svcSemaphoreRelease                      0x08001d41   Thumb Code    52  rt_cmsis.o(.text)
    svcSemaphoreDelete                       0x08001d75   Thumb Code    38  rt_cmsis.o(.text)
    osSemaphoreCreate                        0x08001d9b   Thumb Code    58  rt_cmsis.o(.text)
    osSemaphoreWait                          0x08001dd5   Thumb Code    34  rt_cmsis.o(.text)
    osSemaphoreRelease                       0x08001df7   Thumb Code    74  rt_cmsis.o(.text)
    osSemaphoreDelete                        0x08001e41   Thumb Code    36  rt_cmsis.o(.text)
    svcPoolCreate                            0x08001e7d   Thumb Code    56  rt_cmsis.o(.text)
    sysPoolAlloc                             0x08001eb5   Thumb Code    34  rt_cmsis.o(.text)
    sysPoolFree                              0x08001ed7   Thumb Code    32  rt_cmsis.o(.text)
    osPoolCreate                             0x08001ef7   Thumb Code    52  rt_cmsis.o(.text)
    osPoolAlloc                              0x08001f2b   Thumb Code    46  rt_cmsis.o(.text)
    osPoolCAlloc                             0x08001f59   Thumb Code    46  rt_cmsis.o(.text)
    osPoolFree                               0x08001f87   Thumb Code    48  rt_cmsis.o(.text)
    svcMessagePut                            0x08001fb7   Thumb Code    68  rt_cmsis.o(.text)
    osMessageCreate                          0x08001ffb   Thumb Code    58  rt_cmsis.o(.text)
    osMessagePut                             0x08002035   Thumb Code    44  rt_cmsis.o(.text)
    svcMailCreate                            0x08002061   Thumb Code   102  rt_cmsis.o(.text)
    sysMailAlloc                             0x080020c7   Thumb Code   138  rt_cmsis.o(.text)
    sysMailFree                              0x08002151   Thumb Code   126  rt_cmsis.o(.text)
    osMailCreate                             0x080021cf   Thumb Code    58  rt_cmsis.o(.text)
    osMailAlloc                              0x08002209   Thumb Code    52  rt_cmsis.o(.text)
    osMailCAlloc                             0x0800223d   Thumb Code    52  rt_cmsis.o(.text)
    osMailFree                               0x08002271   Thumb Code    42  rt_cmsis.o(.text)
    osMailPut                                0x0800229b   Thumb Code    30  rt_cmsis.o(.text)
    osMailGet                                0x080022b9   Thumb Code    56  rt_cmsis.o(.text)
    rt_tsk_lock                              0x080022fd   Thumb Code    98  rt_system.o(.text)
    rt_suspend                               0x0800235f   Thumb Code    24  rt_system.o(.text)
    rt_tsk_unlock                            0x08002377   Thumb Code   106  rt_system.o(.text)
    rt_resume                                0x080023e1   Thumb Code   152  rt_system.o(.text)
    rt_psh_req                               0x08002479   Thumb Code    24  rt_system.o(.text)
    rt_pop_req                               0x08002491   Thumb Code   154  rt_system.o(.text)
    os_tick_init                             0x0800252b   Thumb Code    42  rt_system.o(.text)
    os_tick_irqack                           0x08002555   Thumb Code     2  rt_system.o(.text)
    rt_systick                               0x08002557   Thumb Code    56  rt_system.o(.text)
    rt_stk_check                             0x0800258f   Thumb Code    50  rt_system.o(.text)
    rt_time_get                              0x080025f5   Thumb Code     6  rt_time.o(.text)
    rt_dly_wait                              0x080025fb   Thumb Code    14  rt_time.o(.text)
    rt_itv_set                               0x08002609   Thumb Code    20  rt_time.o(.text)
    rt_itv_wait                              0x0800261d   Thumb Code    52  rt_time.o(.text)
    _init_box                                0x08002659   Thumb Code    88  rt_membox.o(.text)
    rt_alloc_box                             0x080026b1   Thumb Code    30  rt_membox.o(.text)
    _calloc_box                              0x080026cf   Thumb Code    40  rt_membox.o(.text)
    rt_free_box                              0x080026f7   Thumb Code    36  rt_membox.o(.text)
    rt_init_robin                            0x0800271d   Thumb Code    14  rt_robin.o(.text)
    rt_chk_robin                             0x0800272b   Thumb Code    76  rt_robin.o(.text)
    os_idle_demon                            0x08002789   Thumb Code     4  rtx_conf_cm.o(.text)
    os_error                                 0x0800278d   Thumb Code    10  rtx_conf_cm.o(.text)
    sysThreadError                           0x08002797   Thumb Code    12  rtx_conf_cm.o(.text)
    set_main_stack                           0x080027a3   Thumb Code    14  rtx_conf_cm.o(.text)
    rt_mbx_init                              0x080027bd   Thumb Code    34  rt_mailbox.o(.text)
    rt_mbx_send                              0x080027df   Thumb Code   186  rt_mailbox.o(.text)
    rt_mbx_wait                              0x08002899   Thumb Code   210  rt_mailbox.o(.text)
    rt_mbx_check                             0x0800296b   Thumb Code    12  rt_mailbox.o(.text)
    isr_mbx_send                             0x08002977   Thumb Code    22  rt_mailbox.o(.text)
    isr_mbx_receive                          0x0800298d   Thumb Code    94  rt_mailbox.o(.text)
    rt_mbx_psh                               0x080029eb   Thumb Code   282  rt_mailbox.o(.text)
    rtos::Thread::Thread(void(*)(const void*), void*, osPriority, unsigned, unsigned char*) 0x08002b0d   Thumb Code    92  thread.o(.text)
    rtos::Thread::Thread__sub_object(void(*)(const void*), void*, osPriority, unsigned, unsigned char*) 0x08002b0d   Thumb Code     0  thread.o(.text)
    rtos::Thread::terminate()                0x08002b69   Thumb Code    12  thread.o(.text)
    rtos::Thread::set_priority(osPriority)   0x08002b75   Thumb Code    16  thread.o(.text)
    rtos::Thread::get_priority()             0x08002b85   Thumb Code    12  thread.o(.text)
    rtos::Thread::signal_set(int)            0x08002b91   Thumb Code    16  thread.o(.text)
    rtos::Thread::get_state()                0x08002ba1   Thumb Code     6  thread.o(.text)
    rtos::Thread::signal_wait(int, unsigned) 0x08002ba7   Thumb Code    22  thread.o(.text)
    rtos::Thread::wait(unsigned)             0x08002bbd   Thumb Code    12  thread.o(.text)
    rtos::Thread::yield()                    0x08002bc9   Thumb Code     8  thread.o(.text)
    rtos::Thread::gettid()                   0x08002bd1   Thumb Code     8  thread.o(.text)
    rtos::Thread::~Thread()                  0x08002bd9   Thumb Code    30  thread.o(.text)
    rtos::Thread::~Thread__sub_object()      0x08002bd9   Thumb Code     0  thread.o(.text)
    rtos::Thread::~Thread__deallocating()    0x08002bf7   Thumb Code    18  thread.o(.text)
    Reset_Handler                            0x08002c31   Thumb Code     8  startup_stm32f401xe.o(.text)
    NMI_Handler                              0x08002c39   Thumb Code     2  startup_stm32f401xe.o(.text)
    HardFault_Handler                        0x08002c3b   Thumb Code     2  startup_stm32f401xe.o(.text)
    MemManage_Handler                        0x08002c3d   Thumb Code     2  startup_stm32f401xe.o(.text)
    BusFault_Handler                         0x08002c3f   Thumb Code     2  startup_stm32f401xe.o(.text)
    UsageFault_Handler                       0x08002c41   Thumb Code     2  startup_stm32f401xe.o(.text)
    DebugMon_Handler                         0x08002c45   Thumb Code     2  startup_stm32f401xe.o(.text)
    ADC_IRQHandler                           0x08002c4b   Thumb Code     0  startup_stm32f401xe.o(.text)
    DMA1_Stream0_IRQHandler                  0x08002c4b   Thumb Code     0  startup_stm32f401xe.o(.text)
    DMA1_Stream1_IRQHandler                  0x08002c4b   Thumb Code     0  startup_stm32f401xe.o(.text)
    DMA1_Stream2_IRQHandler                  0x08002c4b   Thumb Code     0  startup_stm32f401xe.o(.text)
    DMA1_Stream3_IRQHandler                  0x08002c4b   Thumb Code     0  startup_stm32f401xe.o(.text)
    DMA1_Stream4_IRQHandler                  0x08002c4b   Thumb Code     0  startup_stm32f401xe.o(.text)
    DMA1_Stream5_IRQHandler                  0x08002c4b   Thumb Code     0  startup_stm32f401xe.o(.text)
    DMA1_Stream6_IRQHandler                  0x08002c4b   Thumb Code     0  startup_stm32f401xe.o(.text)
    DMA1_Stream7_IRQHandler                  0x08002c4b   Thumb Code     0  startup_stm32f401xe.o(.text)
    DMA2_Stream0_IRQHandler                  0x08002c4b   Thumb Code     0  startup_stm32f401xe.o(.text)
    DMA2_Stream1_IRQHandler                  0x08002c4b   Thumb Code     0  startup_stm32f401xe.o(.text)
    DMA2_Stream2_IRQHandler                  0x08002c4b   Thumb Code     0  startup_stm32f401xe.o(.text)
    DMA2_Stream3_IRQHandler                  0x08002c4b   Thumb Code     0  startup_stm32f401xe.o(.text)
    DMA2_Stream4_IRQHandler                  0x08002c4b   Thumb Code     0  startup_stm32f401xe.o(.text)
    DMA2_Stream5_IRQHandler                  0x08002c4b   Thumb Code     0  startup_stm32f401xe.o(.text)
    DMA2_Stream6_IRQHandler                  0x08002c4b   Thumb Code     0  startup_stm32f401xe.o(.text)
    DMA2_Stream7_IRQHandler                  0x08002c4b   Thumb Code     0  startup_stm32f401xe.o(.text)
    EXTI0_IRQHandler                         0x08002c4b   Thumb Code     0  startup_stm32f401xe.o(.text)
    EXTI15_10_IRQHandler                     0x08002c4b   Thumb Code     0  startup_stm32f401xe.o(.text)
    EXTI1_IRQHandler                         0x08002c4b   Thumb Code     0  startup_stm32f401xe.o(.text)
    EXTI2_IRQHandler                         0x08002c4b   Thumb Code     0  startup_stm32f401xe.o(.text)
    EXTI3_IRQHandler                         0x08002c4b   Thumb Code     0  startup_stm32f401xe.o(.text)
    EXTI4_IRQHandler                         0x08002c4b   Thumb Code     0  startup_stm32f401xe.o(.text)
    EXTI9_5_IRQHandler                       0x08002c4b   Thumb Code     0  startup_stm32f401xe.o(.text)
    FLASH_IRQHandler                         0x08002c4b   Thumb Code     0  startup_stm32f401xe.o(.text)
    FPU_IRQHandler                           0x08002c4b   Thumb Code     0  startup_stm32f401xe.o(.text)
    I2C1_ER_IRQHandler                       0x08002c4b   Thumb Code     0  startup_stm32f401xe.o(.text)
    I2C1_EV_IRQHandler                       0x08002c4b   Thumb Code     0  startup_stm32f401xe.o(.text)
    I2C2_ER_IRQHandler                       0x08002c4b   Thumb Code     0  startup_stm32f401xe.o(.text)
    I2C2_EV_IRQHandler                       0x08002c4b   Thumb Code     0  startup_stm32f401xe.o(.text)
    I2C3_ER_IRQHandler                       0x08002c4b   Thumb Code     0  startup_stm32f401xe.o(.text)
    I2C3_EV_IRQHandler                       0x08002c4b   Thumb Code     0  startup_stm32f401xe.o(.text)
    OTG_FS_IRQHandler                        0x08002c4b   Thumb Code     0  startup_stm32f401xe.o(.text)
    OTG_FS_WKUP_IRQHandler                   0x08002c4b   Thumb Code     0  startup_stm32f401xe.o(.text)
    PVD_IRQHandler                           0x08002c4b   Thumb Code     0  startup_stm32f401xe.o(.text)
    RCC_IRQHandler                           0x08002c4b   Thumb Code     0  startup_stm32f401xe.o(.text)
    RTC_Alarm_IRQHandler                     0x08002c4b   Thumb Code     0  startup_stm32f401xe.o(.text)
    RTC_WKUP_IRQHandler                      0x08002c4b   Thumb Code     0  startup_stm32f401xe.o(.text)
    SDIO_IRQHandler                          0x08002c4b   Thumb Code     0  startup_stm32f401xe.o(.text)
    SPI1_IRQHandler                          0x08002c4b   Thumb Code     0  startup_stm32f401xe.o(.text)
    SPI2_IRQHandler                          0x08002c4b   Thumb Code     0  startup_stm32f401xe.o(.text)
    SPI3_IRQHandler                          0x08002c4b   Thumb Code     0  startup_stm32f401xe.o(.text)
    SPI4_IRQHandler                          0x08002c4b   Thumb Code     0  startup_stm32f401xe.o(.text)
    TAMP_STAMP_IRQHandler                    0x08002c4b   Thumb Code     0  startup_stm32f401xe.o(.text)
    TIM1_BRK_TIM9_IRQHandler                 0x08002c4b   Thumb Code     0  startup_stm32f401xe.o(.text)
    TIM1_CC_IRQHandler                       0x08002c4b   Thumb Code     0  startup_stm32f401xe.o(.text)
    TIM1_TRG_COM_TIM11_IRQHandler            0x08002c4b   Thumb Code     0  startup_stm32f401xe.o(.text)
    TIM1_UP_TIM10_IRQHandler                 0x08002c4b   Thumb Code     0  startup_stm32f401xe.o(.text)
    TIM2_IRQHandler                          0x08002c4b   Thumb Code     0  startup_stm32f401xe.o(.text)
    TIM3_IRQHandler                          0x08002c4b   Thumb Code     0  startup_stm32f401xe.o(.text)
    TIM4_IRQHandler                          0x08002c4b   Thumb Code     0  startup_stm32f401xe.o(.text)
    TIM5_IRQHandler                          0x08002c4b   Thumb Code     0  startup_stm32f401xe.o(.text)
    USART1_IRQHandler                        0x08002c4b   Thumb Code     0  startup_stm32f401xe.o(.text)
    USART2_IRQHandler                        0x08002c4b   Thumb Code     0  startup_stm32f401xe.o(.text)
    USART6_IRQHandler                        0x08002c4b   Thumb Code     0  startup_stm32f401xe.o(.text)
    WWDG_IRQHandler                          0x08002c4b   Thumb Code     0  startup_stm32f401xe.o(.text)
    _initio                                  0x08002c55   Thumb Code    20  initio_oe.o(.text)
    fputc                                    0x08002c75   Thumb Code    40  fputc_fp.o(.text)
    setbuf                                   0x08002c9d   Thumb Code     2  setbuf.o(.text)
    ___aeabi_memcpy4$move                    0x08002c9f   Thumb Code     0  memmovea.o(.text)
    ___aeabi_memcpy8$move                    0x08002c9f   Thumb Code     0  memmovea.o(.text)
    __aeabi_memcpy                           0x08002c9f   Thumb Code    64  memmovea.o(.text)
    __aeabi_memmove                          0x08002c9f   Thumb Code     0  memmovea.o(.text)
    __aeabi_memmove4                         0x08002c9f   Thumb Code     0  memmovea.o(.text)
    __aeabi_memmove8                         0x08002c9f   Thumb Code     0  memmovea.o(.text)
    __aeabi_memset                           0x08002cdf   Thumb Code    14  memseta.o(.text)
    __aeabi_memset4                          0x08002cdf   Thumb Code     0  memseta.o(.text)
    __aeabi_memset8                          0x08002cdf   Thumb Code     0  memseta.o(.text)
    __aeabi_memclr                           0x08002ced   Thumb Code     4  memseta.o(.text)
    __aeabi_memclr4                          0x08002ced   Thumb Code     0  memseta.o(.text)
    __aeabi_memclr8                          0x08002ced   Thumb Code     0  memseta.o(.text)
    _memset$wrapper                          0x08002cf1   Thumb Code    18  memseta.o(.text)
    strlen                                   0x08002d03   Thumb Code    14  strlen.o(.text)
    strcmp                                   0x08002d11   Thumb Code    28  strcmp.o(.text)
    strncmp                                  0x08002d2d   Thumb Code    30  strncmp.o(.text)
    __0sscanf                                0x08002d4d   Thumb Code    48  __0sscanf.o(.text)
    _scanf_int                               0x08002d85   Thumb Code   332  _scanf_int.o(.text)
    __cpp_initialize__aeabi_                 0x08002ed1   Thumb Code    22  cpp_init.o(.text)
    __default_new_handler()                  0x08002ef1   Thumb Code     4  arm_newhandler_noexceptions.o(.text)
    __aeabi_uidiv                            0x08002ef5   Thumb Code     0  uidiv.o(.text)
    __aeabi_uidivmod                         0x08002ef5   Thumb Code    44  uidiv.o(.text)
    __aeabi_uldivmod                         0x08002f21   Thumb Code    98  uldiv.o(.text)
    _chval                                   0x08002f83   Thumb Code    28  _chval.o(.text)
    __vfscanf_char                           0x08002fad   Thumb Code    20  scanf_char.o(.text)
    _sgetc                                   0x08002fc9   Thumb Code    30  _sgetc.o(.text)
    _sbackspace                              0x08002fe7   Thumb Code    34  _sgetc.o(.text)
    __I$use$fp                               0x08003009   Thumb Code     0  iusefp.o(.text)
    __rt_ddtor_pointer_addr                  0x08003009   Thumb Code     4  cpp_dtor.o(.text)
    __rt_lib_shutdown_cpp_1                  0x08003011   Thumb Code     2  cpp_final.o(.text)
    __rt_new_handler_addr                    0x08003015   Thumb Code     4  cpp_memory.o(.text)
    __rt_SIGPVFN                             0x0800301d   Thumb Code     2  cpp_signal.o(.text)
    __aeabi_unwind_cpp_pr0                   0x08003021   Thumb Code     4  cpp_unwinder.o(.text)
    __aeabi_unwind_cpp_pr1                   0x08003025   Thumb Code     4  cpp_unwinder.o(.text)
    _Unwind_DeleteException                  0x08003029   Thumb Code     2  cpp_unwinder.o(.text)
    _Unwind_Activity                         0x0800302b   Thumb Code     2  cpp_unwinder.o(.text)
    _Unwind_RaiseException                   0x0800302d   Thumb Code     4  cpp_unwinder.o(.text)
    __rt_eh_globals_addr                     0x08003031   Thumb Code    10  cpp_unwinder.o(.text)
    __aeabi_dadd                             0x08003041   Thumb Code   322  dadd.o(.text)
    __aeabi_dsub                             0x08003183   Thumb Code     6  dadd.o(.text)
    __aeabi_drsub                            0x08003189   Thumb Code     6  dadd.o(.text)
    __aeabi_dmul                             0x0800318f   Thumb Code   228  dmul.o(.text)
    __aeabi_ddiv                             0x08003273   Thumb Code   222  ddiv.o(.text)
    __aeabi_d2ulz                            0x08003351   Thumb Code    48  dfixul.o(.text)
    __aeabi_cdrcmple                         0x08003381   Thumb Code    48  cdrcmple.o(.text)
    std::terminate()                         0x080033b1   Thumb Code    26  arm_exceptions_terminate.o(.text)
    __cxa_get_globals                        0x080033d3   Thumb Code    62  arm_exceptions_globs.o(.text)
    __scatterload                            0x0800341d   Thumb Code    28  init.o(.text)
    __scatterload_rt2                        0x0800341d   Thumb Code     0  init.o(.text)
    __aeabi_llsl                             0x08003441   Thumb Code    30  llshl.o(.text)
    _ll_shift_l                              0x08003441   Thumb Code     0  llshl.o(.text)
    __aeabi_llsr                             0x0800345f   Thumb Code    32  llushr.o(.text)
    _ll_ushift_r                             0x0800345f   Thumb Code     0  llushr.o(.text)
    __aeabi_lasr                             0x0800347f   Thumb Code    36  llsshr.o(.text)
    _ll_sshift_r                             0x0800347f   Thumb Code     0  llsshr.o(.text)
    isspace                                  0x080034a3   Thumb Code    10  isspace_c.o(.text)
    __vfscanf                                0x080034ad   Thumb Code   808  _scanf.o(.text)
    _double_round                            0x080037d9   Thumb Code    30  depilogue.o(.text)
    _double_epilogue                         0x080037f7   Thumb Code   156  depilogue.o(.text)
    __ARM_exceptions_buffer_init             0x08003893   Thumb Code    18  arm_exceptions_mem.o(.text)
    __ARM_exceptions_buffer_allocate         0x080038a5   Thumb Code    22  arm_exceptions_mem.o(.text)
    __ARM_exceptions_buffer_free             0x080038bb   Thumb Code    20  arm_exceptions_mem.o(.text)
    __ctype_lookup                           0x080038d1   Thumb Code    34  ctype_c.o(.text)
    __decompress                             0x080038f9   Thumb Code     0  __dczerorl2.o(.text)
    __decompress1                            0x080038f9   Thumb Code    86  __dczerorl2.o(.text)
    SVC_Count                                0x08003950   Data           4  svc_table.o(SVC_TABLE)
    SVC_Table                                0x08003954   Data           0  svc_table.o(SVC_TABLE)
    main                                     0x08003955   Thumb Code    18  retarget.o(i.$Sub$$main)
    HAL_GPIO_Init                            0x0800396d   Thumb Code   560  stm32f4xx_hal_gpio.o(i.HAL_GPIO_Init)
    HAL_GetTick                              0x08003bb5   Thumb Code     6  stm32f4xx_hal.o(i.HAL_GetTick)
    HAL_IncTick                              0x08003bc1   Thumb Code    10  stm32f4xx_hal.o(i.HAL_IncTick)
    HAL_Init                                 0x08003bd1   Thumb Code    48  stm32f4xx_hal.o(i.HAL_Init)
    HAL_InitTick                             0x08003c05   Thumb Code   134  hal_tick.o(i.HAL_InitTick)
    HAL_MspInit                              0x08003cb1   Thumb Code     2  stm32f4xx_hal.o(i.HAL_MspInit)
    HAL_NVIC_SetPriorityGrouping             0x08003cb5   Thumb Code    30  stm32f4xx_hal_cortex.o(i.HAL_NVIC_SetPriorityGrouping)
    HAL_RCC_ClockConfig                      0x08003cd9   Thumb Code   498  stm32f4xx_hal_rcc.o(i.HAL_RCC_ClockConfig)
    HAL_RCC_GetHCLKFreq                      0x08003ed9   Thumb Code   172  stm32f4xx_hal_rcc.o(i.HAL_RCC_GetHCLKFreq)
    HAL_RCC_GetPCLK1Freq                     0x08003f99   Thumb Code    36  stm32f4xx_hal_rcc.o(i.HAL_RCC_GetPCLK1Freq)
    HAL_RCC_GetPCLK2Freq                     0x08003fc5   Thumb Code    36  stm32f4xx_hal_rcc.o(i.HAL_RCC_GetPCLK2Freq)
    HAL_RCC_OscConfig                        0x08003ff1   Thumb Code   962  stm32f4xx_hal_rcc.o(i.HAL_RCC_OscConfig)
    HAL_TIM_OC_Init                          0x080043dd   Thumb Code    50  stm32f4xx_hal_tim.o(i.HAL_TIM_OC_Init)
    HAL_TIM_OC_MspInit                       0x0800440f   Thumb Code     2  stm32f4xx_hal_tim.o(i.HAL_TIM_OC_MspInit)
    HAL_TIM_OC_Start                         0x08004411   Thumb Code    54  stm32f4xx_hal_tim.o(i.HAL_TIM_OC_Start)
    HAL_UART_Init                            0x08004447   Thumb Code    94  stm32f4xx_hal_uart.o(i.HAL_UART_Init)
    HAL_UART_MspInit                         0x080044a5   Thumb Code     2  stm32f4xx_hal_uart.o(i.HAL_UART_MspInit)
    NVIC_SetVector                           0x080044a9   Thumb Code   102  cmsis_nvic.o(i.NVIC_SetVector)
    SetSysClock_PLL_HSE                      0x08004515   Thumb Code   116  system_stm32f4xx.o(i.SetSysClock_PLL_HSE)
    Set_GPIO_Clock                           0x08004591   Thumb Code    94  pinmap.o(i.Set_GPIO_Clock)
    SystemCoreClockUpdate                    0x08004611   Thumb Code   112  system_stm32f4xx.o(i.SystemCoreClockUpdate)
    SystemInit                               0x08004695   Thumb Code   210  system_stm32f4xx.o(i.SystemInit)
    TIM_Base_SetConfig                       0x08004795   Thumb Code   132  stm32f4xx_hal_tim.o(i.TIM_Base_SetConfig)
    mbed::FileHandle::~FileHandle()          0x08004a41   Thumb Code     0  retarget.o(i._ZN4mbed10FileHandleD2Ev)
    mbed::FileHandle::~FileHandle__sub_object() 0x08004a41   Thumb Code    38  retarget.o(i._ZN4mbed10FileHandleD2Ev)
    mbed::SerialBase::_base_putc(int)        0x08004a71   Thumb Code    14  SerialBase.o(i._ZN4mbed10SerialBase10_base_putcEi)
    mbed::SerialBase::_irq_handler(unsigned, SerialIrq) 0x08004a7f   Thumb Code    14  SerialBase.o(i._ZN4mbed10SerialBase12_irq_handlerEj9SerialIrq)
    mbed::SerialBase::SerialBase(PinName, PinName) 0x08004a8d   Thumb Code    72  SerialBase.o(i._ZN4mbed10SerialBaseC1E7PinNameS1_)
    mbed::SerialBase::SerialBase__sub_object(PinName, PinName) 0x08004a8d   Thumb Code     0  SerialBase.o(i._ZN4mbed10SerialBaseC1E7PinNameS1_)
    mbed::InterruptIn::enable_irq()          0x08004ae1   Thumb Code     6  InterruptIn.o(i._ZN4mbed11InterruptIn10enable_irqEv)
    mbed::InterruptIn::disable_irq()         0x08004ae7   Thumb Code     6  InterruptIn.o(i._ZN4mbed11InterruptIn11disable_irqEv)
    mbed::InterruptIn::_irq_handler(unsigned, gpio_irq_event) 0x08004aed   Thumb Code    28  InterruptIn.o(i._ZN4mbed11InterruptIn12_irq_handlerEj14gpio_irq_event)
    mbed::InterruptIn::rise(void(*)())       0x08004b09   Thumb Code    44  InterruptIn.o(i._ZN4mbed11InterruptIn4riseEPFvvE)
    mbed::InterruptIn::InterruptIn(PinName)  0x08004b35   Thumb Code    72  InterruptIn.o(i._ZN4mbed11InterruptInC1E7PinName)
    mbed::InterruptIn::InterruptIn__sub_object(PinName) 0x08004b35   Thumb Code     0  InterruptIn.o(i._ZN4mbed11InterruptInC1E7PinName)
    mbed::InterruptIn::~InterruptIn()        0x08004b85   Thumb Code    20  InterruptIn.o(i._ZN4mbed11InterruptInD1Ev)
    mbed::InterruptIn::~InterruptIn__sub_object() 0x08004b85   Thumb Code     0  InterruptIn.o(i._ZN4mbed11InterruptInD1Ev)
    mbed::FunctionPointer::call()            0x08004b9d   Thumb Code    24  FunctionPointer.o(i._ZN4mbed15FunctionPointer4callEv)
    mbed::FunctionPointer::attach(void(*)()) 0x08004bb5   Thumb Code     8  FunctionPointer.o(i._ZN4mbed15FunctionPointer6attachEPFvvE)
    mbed::FunctionPointer::FunctionPointer(void(*)()) 0x08004bbd   Thumb Code    10  FunctionPointer.o(i._ZN4mbed15FunctionPointerC1EPFvvE)
    mbed::FunctionPointer::FunctionPointer__sub_object(void(*)()) 0x08004bbd   Thumb Code     0  FunctionPointer.o(i._ZN4mbed15FunctionPointerC1EPFvvE)
    mbed::mbed_set_unbuffered_stream(std::__FILE*) 0x08004bc7   Thumb Code     6  retarget.o(i._ZN4mbed26mbed_set_unbuffered_streamEPSt6__FILE)
    mbed::Timer::reset()                     0x08004bcd   Thumb Code    16  Timer.o(i._ZN4mbed5Timer5resetEv)
    mbed::Timer::start()                     0x08004bdd   Thumb Code    24  Timer.o(i._ZN4mbed5Timer5startEv)
    mbed::Timer::read_us()                   0x08004bf5   Thumb Code    22  Timer.o(i._ZN4mbed5Timer7read_usEv)
    mbed::Timer::Timer()                     0x08004c0b   Thumb Code    24  Timer.o(i._ZN4mbed5TimerC1Ev)
    mbed::Timer::Timer__sub_object()         0x08004c0b   Thumb Code     0  Timer.o(i._ZN4mbed5TimerC1Ev)
    mbed::Serial::Serial(PinName, PinName, const char*) 0x08004c25   Thumb Code    32  Serial.o(i._ZN4mbed6SerialC1E7PinNameS1_PKc)
    mbed::Serial::Serial__sub_object(PinName, PinName, const char*) 0x08004c25   Thumb Code     0  Serial.o(i._ZN4mbed6SerialC1E7PinNameS1_PKc)
    mbed::Serial::~Serial()                  0x08004c49   Thumb Code    12  Serial.o(i._ZN4mbed6SerialD1Ev)
    mbed::Serial::~Serial__sub_object()      0x08004c49   Thumb Code     0  Serial.o(i._ZN4mbed6SerialD1Ev)
    mbed::Stream::close()                    0x08004c55   Thumb Code     4  Stream.o(i._ZN4mbed6Stream5closeEv)
    mbed::Stream::lseek(long, int)           0x08004c59   Thumb Code     4  Stream.o(i._ZN4mbed6Stream5lseekEli)
    mbed::Stream::write(const void*, unsigned) 0x08004c5d   Thumb Code    42  Stream.o(i._ZN4mbed6Stream5writeEPKvj)
    mbed::Stream::printf(const char*, ...)   0x08004c87   Thumb Code    30  Stream.o(i._ZN4mbed6Stream6printfEPKcz)
    mbed::Stream::Stream__sub_object(const char*) 0x08004ca5   Thumb Code    52  Stream.o(i._ZN4mbed6StreamC2EPKc)
    mbed::Stream::~Stream()                  0x08004ce5   Thumb Code     0  Stream.o(i._ZN4mbed6StreamD2Ev)
    mbed::Stream::~Stream__sub_object()      0x08004ce5   Thumb Code    28  Stream.o(i._ZN4mbed6StreamD2Ev)
    mbed::FileBase::getPathType()            0x08004d05   Thumb Code     4  FileBase.o(i._ZN4mbed8FileBase11getPathTypeEv)
    mbed::FileBase::lookup(const char*, unsigned) 0x08004d09   Thumb Code    50  FileBase.o(i._ZN4mbed8FileBase6lookupEPKcj)
    mbed::FileBase::FileBase(const char*, mbed::PathType) 0x08004d41   Thumb Code    28  FileBase.o(i._ZN4mbed8FileBaseC1EPKcNS_8PathTypeE)
    mbed::FileBase::FileBase__sub_object(const char*, mbed::PathType) 0x08004d41   Thumb Code     0  FileBase.o(i._ZN4mbed8FileBaseC1EPKcNS_8PathTypeE)
    mbed::FileBase::~FileBase()              0x08004d65   Thumb Code    46  FileBase.o(i._ZN4mbed8FileBaseD1Ev)
    mbed::FileBase::~FileBase__sub_object()  0x08004d65   Thumb Code     0  FileBase.o(i._ZN4mbed8FileBaseD1Ev)
    mbed::FileLike::FileLike__sub_object(const char*) 0x08004d9d   Thumb Code    26  FileLike.o(i._ZN4mbed8FileLikeC2EPKc)
    mbed::FileLike::~FileLike()              0x08004dc1   Thumb Code     0  FileLike.o(i._ZN4mbed8FileLikeD2Ev)
    mbed::FileLike::~FileLike__sub_object()  0x08004dc1   Thumb Code    18  FileLike.o(i._ZN4mbed8FileLikeD2Ev)
    mbed::FilePath::fileSystem()             0x08004dd3   Thumb Code    24  FilePath.o(i._ZN4mbed8FilePath10fileSystemEv)
    mbed::FilePath::file()                   0x08004deb   Thumb Code    28  FilePath.o(i._ZN4mbed8FilePath4fileEv)
    mbed::FilePath::exists()                 0x08004e07   Thumb Code    10  FilePath.o(i._ZN4mbed8FilePath6existsEv)
    mbed::FilePath::isFile()                 0x08004e11   Thumb Code    24  FilePath.o(i._ZN4mbed8FilePath6isFileEv)
    mbed::FilePath::fileName()               0x08004e29   Thumb Code     4  FilePath.o(i._ZN4mbed8FilePath8fileNameEv)
    mbed::FilePath::FilePath(const char*)    0x08004e2d   Thumb Code    64  FilePath.o(i._ZN4mbed8FilePathC1EPKc)
    mbed::FilePath::FilePath__sub_object(const char*) 0x08004e2d   Thumb Code     0  FilePath.o(i._ZN4mbed8FilePathC1EPKc)
    thunk{-92} to mbed::Serial::_putc(int)   0x08004e6d   Thumb Code     6  Serial.o(i._ZThn92_N4mbed6Serial5_putcEi)
    operator delete[] (void*)                0x08004e73   Thumb Code     8  array_del.o(i._ZdaPv)
    operator delete (void*)                  0x08004e7b   Thumb Code     8  delete.o(i._ZdlPv)
    operator new[] (unsigned)                0x08004e83   Thumb Code     8  array_new.o(i._Znaj)
    operator new(unsigned)                   0x08004e8d   Thumb Code    34  new.o(i._Znwj)
    __0fprintf                               0x08004eb5   Thumb Code    22  printfa.o(i.__0fprintf)
    __1fprintf                               0x08004eb5   Thumb Code     0  printfa.o(i.__0fprintf)
    __2fprintf                               0x08004eb5   Thumb Code     0  printfa.o(i.__0fprintf)
    __c89fprintf                             0x08004eb5   Thumb Code     0  printfa.o(i.__0fprintf)
    fprintf                                  0x08004eb5   Thumb Code     0  printfa.o(i.__0fprintf)
    __0sprintf                               0x08004ed1   Thumb Code    34  printfa.o(i.__0sprintf)
    __1sprintf                               0x08004ed1   Thumb Code     0  printfa.o(i.__0sprintf)
    __2sprintf                               0x08004ed1   Thumb Code     0  printfa.o(i.__0sprintf)
    __c89sprintf                             0x08004ed1   Thumb Code     0  printfa.o(i.__0sprintf)
    sprintf                                  0x08004ed1   Thumb Code     0  printfa.o(i.__0sprintf)
    __0vfprintf                              0x08004ef9   Thumb Code    20  printfa.o(i.__0vfprintf)
    __1vfprintf                              0x08004ef9   Thumb Code     0  printfa.o(i.__0vfprintf)
    __2vfprintf                              0x08004ef9   Thumb Code     0  printfa.o(i.__0vfprintf)
    __c89vfprintf                            0x08004ef9   Thumb Code     0  printfa.o(i.__0vfprintf)
    vfprintf                                 0x08004ef9   Thumb Code     0  printfa.o(i.__0vfprintf)
    __aeabi_atexit                           0x08004f11   Thumb Code    50  aeabi_atexit.o(i.__aeabi_atexit)
    __aeabi_vec_ctor_nocookie_nodtor         0x08004f43   Thumb Code    36  aeabi_vec_ctor_nocookie_nodtor.o(i.__aeabi_vec_ctor_nocookie_nodtor)
    __cxa_finalize                           0x08004f67   Thumb Code    66  cxa_finalize.o(i.__cxa_finalize)
    __cxa_pure_virtual                       0x08004fa9   Thumb Code     6  pure_virt.o(i.__cxa_pure_virtual)
    __scatterload_copy                       0x08004faf   Thumb Code    14  handlers.o(i.__scatterload_copy)
    __scatterload_null                       0x08004fbd   Thumb Code     2  handlers.o(i.__scatterload_null)
    __scatterload_zeroinit                   0x08004fbf   Thumb Code    14  handlers.o(i.__scatterload_zeroinit)
    fclose                                   0x08004fcd   Thumb Code     6  fclose_f.o(i._fclose$full)
    fflush                                   0x08004fd3   Thumb Code    24  fflush_f.o(i._fflush$full)
    fopen                                    0x08004feb   Thumb Code    40  fopen_f.o(i._fopen$full)
    freopen                                  0x08005179   Thumb Code    94  fopen_f.o(i._freopen$full)
    _sys_close                               0x08005911   Thumb Code    40  retarget.o(i._sys_close)
    _sys_open                                0x0800593d   Thumb Code   212  retarget.o(i._sys_open)
    _sys_seek                                0x08005a21   Thumb Code    36  retarget.o(i._sys_seek)
    _sys_write                               0x08005a49   Thumb Code    82  retarget.o(i._sys_write)
    error                                    0x08005aa9   Thumb Code    20  error.o(i.error)
    exit                                     0x08005ac1   Thumb Code    24  retarget.o(i.exit)
    free                                     0x08005ae1   Thumb Code    76  malloc.o(i.free)
    gpio_dir                                 0x08005b31   Thumb Code    52  gpio_api.o(i.gpio_dir)
    gpio_init                                0x08005b81   Thumb Code    60  gpio_api.o(i.gpio_init)
    gpio_init_in                             0x08005bbd   Thumb Code    38  gpio.o(i.gpio_init_in)
    gpio_init_out                            0x08005be5   Thumb Code    64  gpio.o(i.gpio_init_out)
    gpio_irq_disable                         0x08005c61   Thumb Code    34  gpio_irq_api.o(i.gpio_irq_disable)
    gpio_irq_enable                          0x08005c83   Thumb Code    30  gpio_irq_api.o(i.gpio_irq_enable)
    gpio_irq_free                            0x08005ca1   Thumb Code    68  gpio_irq_api.o(i.gpio_irq_free)
    gpio_irq_init                            0x08005ced   Thumb Code   252  gpio_irq_api.o(i.gpio_irq_init)
    gpio_irq_set                             0x08005e39   Thumb Code   114  gpio_irq_api.o(i.gpio_irq_set)
    gpio_mode                                0x08005eab   Thumb Code     8  gpio_api.o(i.gpio_mode)
    malloc                                   0x08005f35   Thumb Code    92  malloc.o(i.malloc)
    mbed_assert_internal                     0x08005fa1   Thumb Code    24  assert.o(i.mbed_assert_internal)
    mbed_die                                 0x08005ff1   Thumb Code    16  board.o(i.mbed_die)
    mbed_main                                0x08006001   Thumb Code     2  retarget.o(i.mbed_main)
    mbed_sdk_init                            0x08006003   Thumb Code    14  mbed_overrides.o(i.mbed_sdk_init)
    pin_function                             0x08006011   Thumb Code    78  pinmap.o(i.pin_function)
    pin_mode                                 0x0800607d   Thumb Code    62  pinmap.o(i.pin_mode)
    pinmap_merge                             0x080060d5   Thumb Code    34  pinmap_common.o(i.pinmap_merge)
    pinmap_peripheral                        0x0800610d   Thumb Code    58  pinmap_common.o(i.pinmap_peripheral)
    pinmap_pinout                            0x08006169   Thumb Code    66  pinmap_common.o(i.pinmap_pinout)
    serial_init                              0x080061c1   Thumb Code   294  serial_api.o(i.serial_init)
    serial_irq_handler                       0x08006325   Thumb Code    14  serial_api.o(i.serial_irq_handler)
    serial_putc                              0x0800633d   Thumb Code    30  serial_api.o(i.serial_putc)
    timer_irq_handler                        0x08006361   Thumb Code    76  hal_tick.o(i.timer_irq_handler)
    us_ticker_clear_interrupt                0x080063b5   Thumb Code    12  us_ticker.o(i.us_ticker_clear_interrupt)
    us_ticker_disable_interrupt              0x080063c5   Thumb Code    14  us_ticker.o(i.us_ticker_disable_interrupt)
    us_ticker_irq_handler                    0x080063d9   Thumb Code    60  us_ticker_api.o(i.us_ticker_irq_handler)
    us_ticker_read                           0x08006419   Thumb Code    30  us_ticker.o(i.us_ticker_read)
    us_ticker_set_interrupt                  0x08006449   Thumb Code    16  us_ticker.o(i.us_ticker_set_interrupt)
    wait_ms                                  0x0800645d   Thumb Code    28  wait_api.o(i.wait_ms)
    os_maxtaskrun                            0x08006478   Data           2  rtx_conf_cm.o(.constdata)
    os_rrobin                                0x0800647c   Data           4  rtx_conf_cm.o(.constdata)
    os_trv                                   0x08006480   Data           4  rtx_conf_cm.o(.constdata)
    os_flags                                 0x08006484   Data           1  rtx_conf_cm.o(.constdata)
    os_clockrate                             0x08006488   Data           4  rtx_conf_cm.o(.constdata)
    os_timernum                              0x0800648c   Data           4  rtx_conf_cm.o(.constdata)
    idle_task_stack_size                     0x08006490   Data           2  rtx_conf_cm.o(.constdata)
    os_fifo_size                             0x08006492   Data           1  rtx_conf_cm.o(.constdata)
    APBAHBPrescTable                         0x08006493   Data          16  stm32f4xx_hal_rcc.o(.constdata)
    AHBPrescTable                            0x080064a3   Data          16  system_stm32f4xx.o(.constdata)
    PinMap_UART_TX                           0x080065a4   Data          72  PeripheralPins.o(.constdata)
    PinMap_UART_RX                           0x080065ec   Data          72  PeripheralPins.o(.constdata)
    __ctype_categories                       0x0800676c   Data          64  ctype_c.o(.constdata)
    vtable for mbed::FileHandle              0x080067ac   Data          44  retarget.o(.constdata__ZTVN4mbed10FileHandleE)
    vtable for mbed::SerialBase              0x080067d8   Data          16  SerialBase.o(.constdata__ZTVN4mbed10SerialBaseE)
    vtable for mbed::InterruptIn             0x080067e8   Data          16  InterruptIn.o(.constdata__ZTVN4mbed11InterruptInE)
    vtable for mbed::Serial                  0x080067f8   Data          92  Serial.o(.constdata__ZTVN4mbed6SerialE)
    vtable for mbed::Stream                  0x08006854   Data          68  Stream.o(.constdata__ZTVN4mbed6StreamE)
    vtable for mbed::FileBase                0x08006898   Data          16  FileBase.o(.constdata__ZTVN4mbed8FileBaseE)
    vtable for mbed::FileLike                0x080068a8   Data          60  FileLike.o(.constdata__ZTVN4mbed8FileLikeE)
    vtable for rtos::Thread                  0x080068e4   Data          16  thread.o(.constdata__ZTVN4rtos6ThreadE)
    Region$$Table$$Base                      0x08006938   Number         0  anon$$obj.o(Region$$Table)
    Region$$Table$$Limit                     0x08006958   Number         0  anon$$obj.o(Region$$Table)
    SHT$$INIT_ARRAY$$Base                    0x08006958   Number         0  main.o(.init_array)
    SHT$$INIT_ARRAY$$Limit                   0x0800695c   Number         0  cpp_init.o(.init_array)
    time1                                    0x20000194   Data           4  main.o(.data)
    time2                                    0x20000198   Data           4  main.o(.data)
    time3                                    0x2000019c   Data           4  main.o(.data)
    reach1                                   0x200001a0   Data           1  main.o(.data)
    reach2                                   0x200001a1   Data           1  main.o(.data)
    reach3                                   0x200001a2   Data           1  main.o(.data)
    os_tsk                                   0x200001a4   Data           8  rt_task.o(.data)
    os_initialized                           0x200001ac   Data           1  rt_cmsis.o(.data)
    os_running                               0x200001ad   Data           1  rt_cmsis.o(.data)
    os_timer_head                            0x200001b0   Data           4  rt_cmsis.o(.data)
    os_tick_irqn                             0x200001b4   Data           4  rt_system.o(.data)
    os_time                                  0x200001bc   Data           4  rt_time.o(.data)
    os_robin                                 0x200001c0   Data           8  rt_robin.o(.data)
    os_thread_def_osTimerThread              0x200001c8   Data          68  rtx_conf_cm.o(.data)
    osThreadId_osTimerThread                 0x2000020c   Data           4  rtx_conf_cm.o(.data)
    os_messageQ_def_osTimerMessageQ          0x20000210   Data           8  rtx_conf_cm.o(.data)
    osMessageQId_osTimerMessageQ             0x20000218   Data           4  rtx_conf_cm.o(.data)
    os_thread_def_main                       0x2000021c   Data          68  rtx_conf_cm.o(.data)
    SystemCoreClock                          0x20000268   Data           4  system_stm32f4xx.o(.data)
    PreviousVal                              0x2000026c   Data           4  hal_tick.o(.data)
    stdio_uart_inited                        0x20000270   Data           4  serial_api.o(.data)
    mbed::FileBase::_head                    0x200002c8   Data           4  FileBase.o(.data)
    __microlib_freelist                      0x200002dc   Data           4  mvars.o(.data)
    __microlib_freelist_initialised          0x200002e0   Data           4  mvars.o(.data)
    usb                                      0x200002e4   Data         116  main.o(.bss)
    myled                                    0x20000358   Data          20  main.o(.bss)
    mybutton                                 0x2000036c   Data          20  main.o(.bss)
    detect1                                  0x20000380   Data          96  main.o(.bss)
    detect2                                  0x200003e0   Data          96  main.o(.bss)
    detect3                                  0x20000440   Data          96  main.o(.bss)
    timer                                    0x200004a0   Data          12  main.o(.bss)
    os_rdy                                   0x200004ac   Data          24  rt_list.o(.bss)
    os_dly                                   0x200004c4   Data          24  rt_list.o(.bss)
    os_idle_TCB                              0x200004dc   Data          52  rt_task.o(.bss)
    idle_task_stack                          0x20000510   Data         512  rtx_conf_cm.o(.bss)
    os_fifo                                  0x20000710   Data         132  rtx_conf_cm.o(.bss)
    os_active_TCB                            0x20000794   Data          60  rtx_conf_cm.o(.bss)
    os_thread_def_stack_osTimerThread        0x200007d0   Data         512  rtx_conf_cm.o(.bss)
    os_messageQ_q_osTimerMessageQ            0x200009d0   Data          32  rtx_conf_cm.o(.bss)
    TimMasterHandle                          0x20000a30   Data          60  hal_tick.o(.bss)
    UartHandle                               0x20000a84   Data          60  serial_api.o(.bss)
    stdio_uart                               0x20000ac0   Data          28  serial_api.o(.bss)
    __stdout                                 0x20000d2c   Data          20  stdout_f.o(.bss)
    __stderr                                 0x20000d40   Data          20  stderr_f.o(.bss)
    __heap_base                              0x20000d58   Data           0  startup_stm32f401xe.o(HEAP)
    Image$$RW_IRAM1$$ZI$$Limit               0x20001158   Number         0  anon$$obj.o ABSOLUTE
    __heap_limit                             0x20017c00   Number         0  startup_stm32f401xe.o ABSOLUTE
    __initial_sp                             0x20018000   Number         0  startup_stm32f401xe.o ABSOLUTE



==============================================================================

Memory Map of the image

  Image Entry point : 0x08000195

  Load Region LR_IROM1 (Base: 0x08000000, Size: 0x00006aac, Max: 0x00080000, ABSOLUTE, COMPRESSED[0x0000698c])

    Execution Region ER_IROM1 (Base: 0x08000000, Size: 0x0000695c, Max: 0x00080000, ABSOLUTE)

    Base Addr    Size         Type   Attr      Idx    E Section Name        Object

    0x08000000   0x00000194   Data   RO          866    RESET               startup_stm32f401xe.o
    0x08000194   0x00000000   Code   RO         3408  * .ARM.Collect$$$$00000000  mc_w.l(entry.o)
    0x08000194   0x00000004   Code   RO         3794    .ARM.Collect$$$$00000001  mc_w.l(entry2.o)
    0x08000198   0x00000004   Code   RO         3797    .ARM.Collect$$$$00000004  mc_w.l(entry5.o)
    0x0800019c   0x00000004   Code   RO         3410    .ARM.Collect$$$$00000006  mc_w.l(entry6b.o)
    0x080001a0   0x00000000   Code   RO         3799    .ARM.Collect$$$$00000008  mc_w.l(entry7b.o)
    0x080001a0   0x00000004   Code   RO         3800    .ARM.Collect$$$$00000009  mc_w.l(entry8a.o)
    0x080001a4   0x00000000   Code   RO         3801    .ARM.Collect$$$$0000000A  mc_w.l(entry8b.o)
    0x080001a4   0x00000000   Code   RO         3802    .ARM.Collect$$$$0000000D  mc_w.l(entry10a.o)
    0x080001a4   0x00000000   Code   RO         3804    .ARM.Collect$$$$0000000F  mc_w.l(entry11a.o)
    0x080001a4   0x0000001c   Code   RO          710    .ARM.Collect$$$$000000FF  rtx_conf_cm.o
    0x080001c0   0x00000004   Code   RO         3795    .ARM.Collect$$$$00002712  mc_w.l(entry2.o)
    0x080001c4   0x00000180   Code   RO          755    .emb_text           hal_cm4.o
    0x08000344   0x000002f8   Code   RO            3    .text               main.o
    0x0800063c   0x00000144   Code   RO          473    .text               rt_semaphore.o
    0x08000780   0x0000017c   Code   RO          512    .text               rt_event.o
    0x080008fc   0x00000294   Code   RO          524    .text               rt_list.o
    0x08000b90   0x000001d8   Code   RO          548    .text               rt_mutex.o
    0x08000d68   0x0000008c   Code   RO          560    .text               hal_cm.o
    0x08000df4   0x00000334   Code   RO          572    .text               rt_task.o
    0x08001128   0x000011d4   Code   RO          602    .text               rt_cmsis.o
    0x080022fc   0x000002f8   Code   RO          646    .text               rt_system.o
    0x080025f4   0x00000064   Code   RO          668    .text               rt_time.o
    0x08002658   0x000000c2   Code   RO          683    .text               rt_membox.o
    0x0800271a   0x00000002   PAD
    0x0800271c   0x0000006c   Code   RO          695    .text               rt_robin.o
    0x08002788   0x00000034   Code   RO          711    .text               rtx_conf_cm.o
    0x080027bc   0x00000350   Code   RO          743    .text               rt_mailbox.o
    0x08002b0c   0x00000124   Code   RO          765    .text               thread.o
    0x08002c30   0x00000024   Code   RO          867    .text               startup_stm32f401xe.o
    0x08002c54   0x00000020   Code   RO         3454    .text               mc_w.l(initio_oe.o)
    0x08002c74   0x00000028   Code   RO         3460    .text               mc_w.l(fputc_fp.o)
    0x08002c9c   0x00000002   Code   RO         3470    .text               mc_w.l(setbuf.o)
    0x08002c9e   0x00000040   Code   RO         3476    .text               mc_w.l(memmovea.o)
    0x08002cde   0x00000024   Code   RO         3478    .text               mc_w.l(memseta.o)
    0x08002d02   0x0000000e   Code   RO         3482    .text               mc_w.l(strlen.o)
    0x08002d10   0x0000001c   Code   RO         3484    .text               mc_w.l(strcmp.o)
    0x08002d2c   0x0000001e   Code   RO         3486    .text               mc_w.l(strncmp.o)
    0x08002d4a   0x00000002   PAD
    0x08002d4c   0x00000038   Code   RO         3753    .text               mc_w.l(__0sscanf.o)
    0x08002d84   0x0000014c   Code   RO         3755    .text               mc_w.l(_scanf_int.o)
    0x08002ed0   0x00000020   Code   RO         3760    .text               mc_w.l(cpp_init.o)
    0x08002ef0   0x00000004   Code   RO         3765    .text               cpprt_w.l(arm_newhandler_noexceptions.o)
    0x08002ef4   0x0000002c   Code   RO         3811    .text               mc_w.l(uidiv.o)
    0x08002f20   0x00000062   Code   RO         3813    .text               mc_w.l(uldiv.o)
    0x08002f82   0x0000001c   Code   RO         3843    .text               mc_w.l(_chval.o)
    0x08002f9e   0x00000002   PAD
    0x08002fa0   0x00000028   Code   RO         3853    .text               mc_w.l(scanf_char.o)
    0x08002fc8   0x00000040   Code   RO         3855    .text               mc_w.l(_sgetc.o)
    0x08003008   0x00000000   Code   RO         3859    .text               mc_w.l(iusefp.o)
    0x08003008   0x00000008   Code   RO         3862    .text               mc_w.l(cpp_dtor.o)
    0x08003010   0x00000002   Code   RO         3865    .text               mc_w.l(cpp_final.o)
    0x08003012   0x00000002   PAD
    0x08003014   0x00000008   Code   RO         3867    .text               mc_w.l(cpp_memory.o)
    0x0800301c   0x00000002   Code   RO         3870    .text               mc_w.l(cpp_signal.o)
    0x0800301e   0x00000002   PAD
    0x08003020   0x00000020   Code   RO         3872    .text               mc_w.l(cpp_unwinder.o)
    0x08003040   0x0000014e   Code   RO         3875    .text               mf_w.l(dadd.o)
    0x0800318e   0x000000e4   Code   RO         3877    .text               mf_w.l(dmul.o)
    0x08003272   0x000000de   Code   RO         3879    .text               mf_w.l(ddiv.o)
    0x08003350   0x00000030   Code   RO         3881    .text               mf_w.l(dfixul.o)
    0x08003380   0x00000030   Code   RO         3883    .text               mf_w.l(cdrcmple.o)
    0x080033b0   0x0000001a   Code   RO         3905    .text               cpprt_w.l(arm_exceptions_terminate.o)
    0x080033ca   0x00000002   PAD
    0x080033cc   0x00000050   Code   RO         3908    .text               cpprt_w.l(arm_exceptions_globs.o)
    0x0800341c   0x00000024   Code   RO         3911    .text               mc_w.l(init.o)
    0x08003440   0x0000001e   Code   RO         3913    .text               mc_w.l(llshl.o)
    0x0800345e   0x00000020   Code   RO         3915    .text               mc_w.l(llushr.o)
    0x0800347e   0x00000024   Code   RO         3917    .text               mc_w.l(llsshr.o)
    0x080034a2   0x0000000a   Code   RO         3919    .text               mc_w.l(isspace_c.o)
    0x080034ac   0x0000032c   Code   RO         3927    .text               mc_w.l(_scanf.o)
    0x080037d8   0x000000ba   Code   RO         3930    .text               mf_w.l(depilogue.o)
    0x08003892   0x0000003c   Code   RO         3939    .text               cpprt_w.l(arm_exceptions_mem.o)
    0x080038ce   0x00000002   PAD
    0x080038d0   0x00000028   Code   RO         3942    .text               mc_w.l(ctype_c.o)
    0x080038f8   0x00000056   Code   RO         3956    .text               mc_w.l(__dczerorl2.o)
    0x0800394e   0x00000002   PAD
    0x08003950   0x00000004   Code   RO          470    SVC_TABLE           svc_table.o
    0x08003954   0x00000012   Code   RO          871    i.$Sub$$main        retarget.o
    0x08003966   0x00000006   Code   RO         3224    i.<Func1>           mbed.ar(SerialBase.o)
    0x0800396c   0x00000248   Code   RO         1981    i.HAL_GPIO_Init     stm32f4xx_hal_gpio.o
    0x08003bb4   0x0000000c   Code   RO         2023    i.HAL_GetTick       stm32f4xx_hal.o
    0x08003bc0   0x00000010   Code   RO         2024    i.HAL_IncTick       stm32f4xx_hal.o
    0x08003bd0   0x00000034   Code   RO         2025    i.HAL_Init          stm32f4xx_hal.o
    0x08003c04   0x000000ac   Code   RO         2338    i.HAL_InitTick      hal_tick.o
    0x08003cb0   0x00000002   Code   RO         2028    i.HAL_MspInit       stm32f4xx_hal.o
    0x08003cb2   0x00000002   PAD
    0x08003cb4   0x00000024   Code   RO         1263    i.HAL_NVIC_SetPriorityGrouping  stm32f4xx_hal_cortex.o
    0x08003cd8   0x00000200   Code   RO         1822    i.HAL_RCC_ClockConfig  stm32f4xx_hal_rcc.o
    0x08003ed8   0x000000c0   Code   RO         1827    i.HAL_RCC_GetHCLKFreq  stm32f4xx_hal_rcc.o
    0x08003f98   0x0000002c   Code   RO         1829    i.HAL_RCC_GetPCLK1Freq  stm32f4xx_hal_rcc.o
    0x08003fc4   0x0000002c   Code   RO         1830    i.HAL_RCC_GetPCLK2Freq  stm32f4xx_hal_rcc.o
    0x08003ff0   0x000003ec   Code   RO         1834    i.HAL_RCC_OscConfig  stm32f4xx_hal_rcc.o
    0x080043dc   0x00000032   Code   RO         1474    i.HAL_TIM_OC_Init   stm32f4xx_hal_tim.o
    0x0800440e   0x00000002   Code   RO         1476    i.HAL_TIM_OC_MspInit  stm32f4xx_hal_tim.o
    0x08004410   0x00000036   Code   RO         1477    i.HAL_TIM_OC_Start  stm32f4xx_hal_tim.o
    0x08004446   0x0000005e   Code   RO         2186    i.HAL_UART_Init     stm32f4xx_hal_uart.o
    0x080044a4   0x00000002   Code   RO         2188    i.HAL_UART_MspInit  stm32f4xx_hal_uart.o
    0x080044a6   0x00000002   PAD
    0x080044a8   0x0000006c   Code   RO         1724    i.NVIC_SetVector    cmsis_nvic.o
    0x08004514   0x0000007c   Code   RO         2062    i.SetSysClock_PLL_HSE  system_stm32f4xx.o
    0x08004590   0x00000080   Code   RO         3135    i.Set_GPIO_Clock    mbed.ar(pinmap.o)
    0x08004610   0x00000084   Code   RO         2064    i.SystemCoreClockUpdate  system_stm32f4xx.o
    0x08004694   0x00000100   Code   RO         2065    i.SystemInit        system_stm32f4xx.o
    0x08004794   0x00000094   Code   RO         1510    i.TIM_Base_SetConfig  stm32f4xx_hal_tim.o
    0x08004828   0x00000218   Code   RO         2204    i.UART_SetConfig    stm32f4xx_hal_uart.o
    0x08004a40   0x00000030   Code   RO          873    i._ZN4mbed10FileHandleD2Ev  retarget.o
    0x08004a70   0x0000000e   Code   RO         3226    i._ZN4mbed10SerialBase10_base_putcEi  mbed.ar(SerialBase.o)
    0x08004a7e   0x0000000e   Code   RO         3228    i._ZN4mbed10SerialBase12_irq_handlerEj9SerialIrq  mbed.ar(SerialBase.o)
    0x08004a8c   0x00000054   Code   RO         3234    i._ZN4mbed10SerialBaseC1E7PinNameS1_  mbed.ar(SerialBase.o)
    0x08004ae0   0x00000006   Code   RO         2849    i._ZN4mbed11InterruptIn10enable_irqEv  mbed.ar(InterruptIn.o)
    0x08004ae6   0x00000006   Code   RO         2850    i._ZN4mbed11InterruptIn11disable_irqEv  mbed.ar(InterruptIn.o)
    0x08004aec   0x0000001c   Code   RO         2851    i._ZN4mbed11InterruptIn12_irq_handlerEj14gpio_irq_event  mbed.ar(InterruptIn.o)
    0x08004b08   0x0000002c   Code   RO         2855    i._ZN4mbed11InterruptIn4riseEPFvvE  mbed.ar(InterruptIn.o)
    0x08004b34   0x00000050   Code   RO         2856    i._ZN4mbed11InterruptInC1E7PinName  mbed.ar(InterruptIn.o)
    0x08004b84   0x00000018   Code   RO         2858    i._ZN4mbed11InterruptInD1Ev  mbed.ar(InterruptIn.o)
    0x08004b9c   0x00000018   Code   RO         3213    i._ZN4mbed15FunctionPointer4callEv  mbed.ar(FunctionPointer.o)
    0x08004bb4   0x00000008   Code   RO         3214    i._ZN4mbed15FunctionPointer6attachEPFvvE  mbed.ar(FunctionPointer.o)
    0x08004bbc   0x0000000a   Code   RO         3215    i._ZN4mbed15FunctionPointerC1EPFvvE  mbed.ar(FunctionPointer.o)
    0x08004bc6   0x00000006   Code   RO          874    i._ZN4mbed26mbed_set_unbuffered_streamEPSt6__FILE  retarget.o
    0x08004bcc   0x00000010   Code   RO         3001    i._ZN4mbed5Timer5resetEv  mbed.ar(Timer.o)
    0x08004bdc   0x00000018   Code   RO         3002    i._ZN4mbed5Timer5startEv  mbed.ar(Timer.o)
    0x08004bf4   0x00000016   Code   RO         3004    i._ZN4mbed5Timer7read_usEv  mbed.ar(Timer.o)
    0x08004c0a   0x00000018   Code   RO         3006    i._ZN4mbed5TimerC1Ev  mbed.ar(Timer.o)
    0x08004c22   0x00000002   PAD
    0x08004c24   0x00000024   Code   RO         2893    i._ZN4mbed6SerialC1E7PinNameS1_PKc  mbed.ar(Serial.o)
    0x08004c48   0x0000000c   Code   RO         2911    i._ZN4mbed6SerialD1Ev  mbed.ar(Serial.o)
    0x08004c54   0x00000004   Code   RO         2941    i._ZN4mbed6Stream5closeEv  mbed.ar(Stream.o)
    0x08004c58   0x00000004   Code   RO         2943    i._ZN4mbed6Stream5lseekEli  mbed.ar(Stream.o)
    0x08004c5c   0x0000002a   Code   RO         2945    i._ZN4mbed6Stream5writeEPKvj  mbed.ar(Stream.o)
    0x08004c86   0x0000001e   Code   RO         2947    i._ZN4mbed6Stream6printfEPKcz  mbed.ar(Stream.o)
    0x08004ca4   0x00000040   Code   RO         2948    i._ZN4mbed6StreamC2EPKc  mbed.ar(Stream.o)
    0x08004ce4   0x00000020   Code   RO         2950    i._ZN4mbed6StreamD2Ev  mbed.ar(Stream.o)
    0x08004d04   0x00000004   Code   RO         3162    i._ZN4mbed8FileBase11getPathTypeEv  mbed.ar(FileBase.o)
    0x08004d08   0x00000038   Code   RO         3164    i._ZN4mbed8FileBase6lookupEPKcj  mbed.ar(FileBase.o)
    0x08004d40   0x00000024   Code   RO         3166    i._ZN4mbed8FileBaseC1EPKcNS_8PathTypeE  mbed.ar(FileBase.o)
    0x08004d64   0x00000038   Code   RO         3168    i._ZN4mbed8FileBaseD1Ev  mbed.ar(FileBase.o)
    0x08004d9c   0x00000024   Code   RO         3192    i._ZN4mbed8FileLikeC2EPKc  mbed.ar(FileLike.o)
    0x08004dc0   0x00000012   Code   RO         3194    i._ZN4mbed8FileLikeD2Ev  mbed.ar(FileLike.o)
    0x08004dd2   0x00000018   Code   RO         2764    i._ZN4mbed8FilePath10fileSystemEv  mbed.ar(FilePath.o)
    0x08004dea   0x0000001c   Code   RO         2766    i._ZN4mbed8FilePath4fileEv  mbed.ar(FilePath.o)
    0x08004e06   0x0000000a   Code   RO         2767    i._ZN4mbed8FilePath6existsEv  mbed.ar(FilePath.o)
    0x08004e10   0x00000018   Code   RO         2768    i._ZN4mbed8FilePath6isFileEv  mbed.ar(FilePath.o)
    0x08004e28   0x00000004   Code   RO         2769    i._ZN4mbed8FilePath8fileNameEv  mbed.ar(FilePath.o)
    0x08004e2c   0x00000040   Code   RO         2770    i._ZN4mbed8FilePathC1EPKc  mbed.ar(FilePath.o)
    0x08004e6c   0x00000006   Code   RO         2895    i._ZThn92_N4mbed6Serial5_putcEi  mbed.ar(Serial.o)
    0x08004e72   0x00000008   Code   RO         3279    i._ZdaPv            cpprt_w.l(array_del.o)
    0x08004e7a   0x00000008   Code   RO         3286    i._ZdlPv            cpprt_w.l(delete.o)
    0x08004e82   0x00000008   Code   RO         3282    i._Znaj             cpprt_w.l(array_new.o)
    0x08004e8a   0x00000002   PAD
    0x08004e8c   0x00000028   Code   RO         3289    i._Znwj             cpprt_w.l(new.o)
    0x08004eb4   0x0000001c   Code   RO         3722    i.__0fprintf        mc_w.l(printfa.o)
    0x08004ed0   0x00000028   Code   RO         3725    i.__0sprintf        mc_w.l(printfa.o)
    0x08004ef8   0x00000018   Code   RO         3726    i.__0vfprintf       mc_w.l(printfa.o)
    0x08004f10   0x00000032   Code   RO         3402    i.__aeabi_atexit    cpprt_w.l(aeabi_atexit.o)
    0x08004f42   0x00000024   Code   RO         3405    i.__aeabi_vec_ctor_nocookie_nodtor  cpprt_w.l(aeabi_vec_ctor_nocookie_nodtor.o)
    0x08004f66   0x00000042   Code   RO         3778    i.__cxa_finalize    cpprt_w.l(cxa_finalize.o)
    0x08004fa8   0x00000006   Code   RO         3293    i.__cxa_pure_virtual  cpprt_w.l(pure_virt.o)
    0x08004fae   0x0000000e   Code   RO         3950    i.__scatterload_copy  mc_w.l(handlers.o)
    0x08004fbc   0x00000002   Code   RO         3951    i.__scatterload_null  mc_w.l(handlers.o)
    0x08004fbe   0x0000000e   Code   RO         3952    i.__scatterload_zeroinit  mc_w.l(handlers.o)
    0x08004fcc   0x00000006   Code   RO         3450    i._fclose$full      mc_w.l(fclose_f.o)
    0x08004fd2   0x00000018   Code   RO         3452    i._fflush$full      mc_w.l(fflush_f.o)
    0x08004fea   0x00000028   Code   RO         3446    i._fopen$full       mc_w.l(fopen_f.o)
    0x08005012   0x00000002   PAD
    0x08005014   0x00000164   Code   RO         3730    i._fp_digits        mc_w.l(printfa.o)
    0x08005178   0x0000005e   Code   RO         3447    i._freopen$full     mc_w.l(fopen_f.o)
    0x080051d6   0x00000002   PAD
    0x080051d8   0x000006dc   Code   RO         3731    i._printf_core      mc_w.l(printfa.o)
    0x080058b4   0x00000024   Code   RO         3732    i._printf_post_padding  mc_w.l(printfa.o)
    0x080058d8   0x0000002e   Code   RO         3733    i._printf_pre_padding  mc_w.l(printfa.o)
    0x08005906   0x0000000a   Code   RO         3735    i._sputc            mc_w.l(printfa.o)
    0x08005910   0x0000002c   Code   RO          877    i._sys_close        retarget.o
    0x0800593c   0x000000e4   Code   RO          882    i._sys_open         retarget.o
    0x08005a20   0x00000028   Code   RO          884    i._sys_seek         retarget.o
    0x08005a48   0x00000060   Code   RO          885    i._sys_write        retarget.o
    0x08005aa8   0x00000018   Code   RO         3036    i.error             mbed.ar(error.o)
    0x08005ac0   0x00000020   Code   RO          887    i.exit              retarget.o
    0x08005ae0   0x00000050   Code   RO         3815    i.free              mc_w.l(malloc.o)
    0x08005b30   0x00000050   Code   RO         3090    i.gpio_dir          mbed.ar(gpio_api.o)
    0x08005b80   0x0000003c   Code   RO         3091    i.gpio_init         mbed.ar(gpio_api.o)
    0x08005bbc   0x00000026   Code   RO         3042    i.gpio_init_in      mbed.ar(gpio.o)
    0x08005be2   0x00000002   PAD
    0x08005be4   0x00000044   Code   RO         3045    i.gpio_init_out     mbed.ar(gpio.o)
    0x08005c28   0x00000008   Code   RO         3103    i.gpio_irq0         mbed.ar(gpio_irq_api.o)
    0x08005c30   0x00000008   Code   RO         3104    i.gpio_irq1         mbed.ar(gpio_irq_api.o)
    0x08005c38   0x00000008   Code   RO         3105    i.gpio_irq2         mbed.ar(gpio_irq_api.o)
    0x08005c40   0x00000008   Code   RO         3106    i.gpio_irq3         mbed.ar(gpio_irq_api.o)
    0x08005c48   0x00000008   Code   RO         3107    i.gpio_irq4         mbed.ar(gpio_irq_api.o)
    0x08005c50   0x00000008   Code   RO         3108    i.gpio_irq5         mbed.ar(gpio_irq_api.o)
    0x08005c58   0x00000008   Code   RO         3109    i.gpio_irq6         mbed.ar(gpio_irq_api.o)
    0x08005c60   0x00000022   Code   RO         3110    i.gpio_irq_disable  mbed.ar(gpio_irq_api.o)
    0x08005c82   0x0000001e   Code   RO         3111    i.gpio_irq_enable   mbed.ar(gpio_irq_api.o)
    0x08005ca0   0x0000004c   Code   RO         3112    i.gpio_irq_free     mbed.ar(gpio_irq_api.o)
    0x08005cec   0x0000014c   Code   RO         3113    i.gpio_irq_init     mbed.ar(gpio_irq_api.o)
    0x08005e38   0x00000072   Code   RO         3114    i.gpio_irq_set      mbed.ar(gpio_irq_api.o)
    0x08005eaa   0x00000008   Code   RO         3092    i.gpio_mode         mbed.ar(gpio_api.o)
    0x08005eb2   0x00000002   PAD
    0x08005eb4   0x00000080   Code   RO         3115    i.handle_interrupt_in  mbed.ar(gpio_irq_api.o)
    0x08005f34   0x0000006c   Code   RO         3816    i.malloc            mc_w.l(malloc.o)
    0x08005fa0   0x00000050   Code   RO         3030    i.mbed_assert_internal  mbed.ar(assert.o)
    0x08005ff0   0x00000010   Code   RO         1416    i.mbed_die          board.o
    0x08006000   0x00000002   Code   RO          888    i.mbed_main         retarget.o
    0x08006002   0x0000000e   Code   RO         1854    i.mbed_sdk_init     mbed_overrides.o
    0x08006010   0x0000006c   Code   RO         3136    i.pin_function      mbed.ar(pinmap.o)
    0x0800607c   0x00000058   Code   RO         3137    i.pin_mode          mbed.ar(pinmap.o)
    0x080060d4   0x00000038   Code   RO         3270    i.pinmap_merge      mbed.ar(pinmap_common.o)
    0x0800610c   0x0000005c   Code   RO         3271    i.pinmap_peripheral  mbed.ar(pinmap_common.o)
    0x08006168   0x00000058   Code   RO         3272    i.pinmap_pinout     mbed.ar(pinmap_common.o)
    0x080061c0   0x00000164   Code   RO         2730    i.serial_init       mbed.ar(serial_api.o)
    0x08006324   0x00000018   Code   RO         2731    i.serial_irq_handler  mbed.ar(serial_api.o)
    0x0800633c   0x00000024   Code   RO         2734    i.serial_putc       mbed.ar(serial_api.o)
    0x08006360   0x00000054   Code   RO         2339    i.timer_irq_handler  hal_tick.o
    0x080063b4   0x00000010   Code   RO         3146    i.us_ticker_clear_interrupt  mbed.ar(us_ticker.o)
    0x080063c4   0x00000014   Code   RO         3147    i.us_ticker_disable_interrupt  mbed.ar(us_ticker.o)
    0x080063d8   0x00000040   Code   RO         3064    i.us_ticker_irq_handler  mbed.ar(us_ticker_api.o)
    0x08006418   0x00000030   Code   RO         3149    i.us_ticker_read    mbed.ar(us_ticker.o)
    0x08006448   0x00000014   Code   RO         3150    i.us_ticker_set_interrupt  mbed.ar(us_ticker.o)
    0x0800645c   0x0000001c   Code   RO         3056    i.wait_ms           mbed.ar(wait_api.o)
    0x08006478   0x0000001b   Data   RO          713    .constdata          rtx_conf_cm.o
    0x08006493   0x00000010   Data   RO         1835    .constdata          stm32f4xx_hal_rcc.o
    0x080064a3   0x00000010   Data   RO         2066    .constdata          system_stm32f4xx.o
    0x080064b3   0x00000001   PAD
    0x080064b4   0x00000068   Data   RO         2741    .constdata          mbed.ar(serial_api.o)
    0x0800651c   0x00000086   Data   RO         3047    .constdata          mbed.ar(gpio.o)
    0x080065a2   0x00000002   PAD
    0x080065a4   0x00000048   Data   RO         3080    .constdata          mbed.ar(PeripheralPins.o)
    0x080065ec   0x00000048   Data   RO         3081    .constdata          mbed.ar(PeripheralPins.o)
    0x08006634   0x0000007c   Data   RO         3094    .constdata          mbed.ar(gpio_api.o)
    0x080066b0   0x000000bc   Data   RO         3138    .constdata          mbed.ar(pinmap.o)
    0x0800676c   0x00000040   Data   RO         3943    .constdata          mc_w.l(ctype_c.o)
    0x080067ac   0x0000002c   Data   RO          983    .constdata__ZTVN4mbed10FileHandleE  retarget.o
    0x080067d8   0x00000010   Data   RO         3260    .constdata__ZTVN4mbed10SerialBaseE  mbed.ar(SerialBase.o)
    0x080067e8   0x00000010   Data   RO         2886    .constdata__ZTVN4mbed11InterruptInE  mbed.ar(InterruptIn.o)
    0x080067f8   0x0000005c   Data   RO         2909    .constdata__ZTVN4mbed6SerialE  mbed.ar(Serial.o)
    0x08006854   0x00000044   Data   RO         2994    .constdata__ZTVN4mbed6StreamE  mbed.ar(Stream.o)
    0x08006898   0x00000010   Data   RO         3187    .constdata__ZTVN4mbed8FileBaseE  mbed.ar(FileBase.o)
    0x080068a8   0x0000003c   Data   RO         3210    .constdata__ZTVN4mbed8FileLikeE  mbed.ar(FileLike.o)
    0x080068e4   0x00000010   Data   RO          775    .constdata__ZTVN4rtos6ThreadE  thread.o
    0x080068f4   0x00000042   Data   RO            6    .conststring        main.o
    0x08006936   0x00000002   PAD
    0x08006938   0x00000020   Data   RO         3949    Region$$Table       anon$$obj.o
    0x08006958   0x00000004   Data   RO            8    .init_array         main.o
    0x0800695c   0x00000000   Data   RO         3758    .init_array         mc_w.l(cpp_init.o)


    Execution Region RW_IRAM1 (Base: 0x20000194, Size: 0x00000fc4, Max: 0x00017e6c, ABSOLUTE, COMPRESSED[0x00000030])

    Base Addr    Size         Type   Attr      Idx    E Section Name        Object

    0x20000194   0x0000000f   Data   RW            7    .data               main.o
    0x200001a3   0x00000001   PAD
    0x200001a4   0x00000008   Data   RW          574    .data               rt_task.o
    0x200001ac   0x00000008   Data   RW          603    .data               rt_cmsis.o
    0x200001b4   0x00000007   Data   RW          647    .data               rt_system.o
    0x200001bb   0x00000001   PAD
    0x200001bc   0x00000004   Data   RW          669    .data               rt_time.o
    0x200001c0   0x00000008   Data   RW          696    .data               rt_robin.o
    0x200001c8   0x00000098   Data   RW          714    .data               rtx_conf_cm.o
    0x20000260   0x00000004   Data   RW          933    .data               retarget.o
    0x20000264   0x00000004   Data   RW         2031    .data               stm32f4xx_hal.o
    0x20000268   0x00000004   Data   RW         2067    .data               system_stm32f4xx.o
    0x2000026c   0x00000004   Data   RW         2341    .data               hal_tick.o
    0x20000270   0x00000008   Data   RW         2742    .data               mbed.ar(serial_api.o)
    0x20000278   0x00000008   Data   RW         3067    .data               mbed.ar(us_ticker_api.o)
    0x20000280   0x00000044   Data   RW         3117    .data               mbed.ar(gpio_irq_api.o)
    0x200002c4   0x00000004   Data   RW         3152    .data               mbed.ar(us_ticker.o)
    0x200002c8   0x00000004   Data   RW         3176    .data               mbed.ar(FileBase.o)
    0x200002cc   0x00000004   Data   RW         3863    .data               mc_w.l(cpp_dtor.o)
    0x200002d0   0x00000004   Data   RW         3868    .data               mc_w.l(cpp_memory.o)
    0x200002d4   0x00000008   Data   RW         3873    .data               mc_w.l(cpp_unwinder.o)
    0x200002dc   0x00000004   Data   RW         3925    .data               mc_w.l(mvars.o)
    0x200002e0   0x00000004   Data   RW         3926    .data               mc_w.l(mvars.o)
    0x200002e4   0x000001c8   Zero   RW            5    .bss                main.o
    0x200004ac   0x00000030   Zero   RW          525    .bss                rt_list.o
    0x200004dc   0x00000034   Zero   RW          573    .bss                rt_task.o
    0x20000510   0x000004e0   Zero   RW          712    .bss                rtx_conf_cm.o
    0x200009f0   0x00000040   Zero   RW          929    .bss                retarget.o
    0x20000a30   0x0000003c   Zero   RW         2340    .bss                hal_tick.o
    0x20000a6c   0x00000070   Zero   RW         2740    .bss                mbed.ar(serial_api.o)
    0x20000adc   0x00000214   Zero   RW         3116    .bss                mbed.ar(gpio_irq_api.o)
    0x20000cf0   0x0000003c   Zero   RW         3151    .bss                mbed.ar(us_ticker.o)
    0x20000d2c   0x00000014   Zero   RW         3474    .bss                mc_w.l(stdout_f.o)
    0x20000d40   0x00000014   Zero   RW         3475    .bss                mc_w.l(stderr_f.o)
    0x20000d54   0x00000004   PAD
    0x20000d58   0x00000400   Zero   RW          865    HEAP                startup_stm32f401xe.o


==============================================================================

Image component sizes


      Code (inc. data)   RO Data    RW Data    ZI Data      Debug   Object Name

        16          0          0          0          0        120   board.o
       108          6          0          0          0        132   cmsis_nvic.o
       140          6          0          0          0       2143   hal_cm.o
       384         28          0          0          0        972   hal_cm4.o
       256         46          0          4         60        252   hal_tick.o
       760        204         70         15        456     169056   main.o
        14          0          0          0          0        128   mbed_overrides.o
       514         56         44          4         64       1120   retarget.o
      4564         76          0          8          0      43285   rt_cmsis.o
       380         14          0          0          0       2278   rt_event.o
       660         22          0          0         48       6110   rt_list.o
       848          8          0          0          0       2871   rt_mailbox.o
       194          0          0          0          0       1861   rt_membox.o
       472         10          0          0          0       1799   rt_mutex.o
       108         18          0          8          0       1068   rt_robin.o
       324         10          0          0          0       5952   rt_semaphore.o
       760         52          0          7          0       5708   rt_system.o
       820         52          0          8         52       5958   rt_task.o
       100          8          0          4          0       1567   rt_time.o
        80         18         27        152       1248       7917   rtx_conf_cm.o
        36          8        404          0       1024        276   startup_stm32f401xe.o
        82         16          0          4          0        472   stm32f4xx_hal.o
        36          6          0          0          0        116   stm32f4xx_hal_cortex.o
       584         24          0          0          0        140   stm32f4xx_hal_gpio.o
      1796         92         16          0          0        656   stm32f4xx_hal_rcc.o
       254         16          0          0          0        488   stm32f4xx_hal_tim.o
       632         14          0          0          0        372   stm32f4xx_hal_uart.o
         4          4          0          0          0        320   svc_table.o
       512         74         16          4          0        400   system_stm32f4xx.o
       292         40         16          0          0      10208   thread.o

    ----------------------------------------------------------------------
     15736        928        628        220       2952     273745   Object Totals
         0          0         32          0          0          0   (incl. Generated)
         6          0          3          2          0          0   (incl. Padding)

    ----------------------------------------------------------------------

      Code (inc. data)   RO Data    RW Data    ZI Data      Debug   Library Member Name

        50          0          0          0          0         84   aeabi_atexit.o
        36          0          0          0          0         84   aeabi_vec_ctor_nocookie_nodtor.o
        80         12          0          0          0        104   arm_exceptions_globs.o
        60          0          0          0          0        108   arm_exceptions_mem.o
        26          0          0          0          0         76   arm_exceptions_terminate.o
         4          0          0          0          0         68   arm_newhandler_noexceptions.o
         8          0          0          0          0         76   array_del.o
         8          0          0          0          0         76   array_new.o
        66          0          0          0          0         84   cxa_finalize.o
         8          0          0          0          0         76   delete.o
        40          6          0          0          0         76   new.o
         6          0          0          0          0         68   pure_virt.o
       152         24         16          4          0        476   FileBase.o
        54         10         60          0          0        252   FileLike.o
       154          0          0          0          0        728   FilePath.o
        42          0          0          0          0        348   FunctionPointer.o
       188         12         16          0          0        736   InterruptIn.o
         0          0        144          0          0          0   PeripheralPins.o
        54          4         92          0          0        364   Serial.o
       118         12         16          0          0        484   SerialBase.o
       176         16         68          0          0        760   Stream.o
        86          0          0          0          0        500   Timer.o
        80         56          0          0          0        128   assert.o
        24          4          0          0          0        128   error.o
       106          4        134          0          0        272   gpio.o
       148         28        124          0          0        388   gpio_api.o
       770        118          0         68        532       1580   gpio_irq_api.o
       324         98        188          0          0        388   pinmap.o
       236         78          0          0          0        384   pinmap_common.o
       416         78        104          8        112        364   serial_api.o
       104         32          0          4         60        472   us_ticker.o
        64          4          0          8          0        136   us_ticker_api.o
        28          0          0          0          0        128   wait_api.o
        56          8          0          0          0         84   __0sscanf.o
        86          0          0          0          0          0   __dczerorl2.o
        28          0          0          0          0         68   _chval.o
       812          4          0          0          0        112   _scanf.o
       332          0          0          0          0         96   _scanf_int.o
        64          0          0          0          0         84   _sgetc.o
         8          4          0          4          0         68   cpp_dtor.o
         2          0          0          0          0         68   cpp_final.o
        32         10          0          0          0         80   cpp_init.o
         8          4          0          4          0         68   cpp_memory.o
         2          0          0          0          0         68   cpp_signal.o
        32          6          0          8          0        252   cpp_unwinder.o
        40          6         64          0          0         68   ctype_c.o
         0          0          0          0          0          0   entry.o
         0          0          0          0          0          0   entry10a.o
         0          0          0          0          0          0   entry11a.o
         8          4          0          0          0          0   entry2.o
         4          0          0          0          0          0   entry5.o
         4          0          0          0          0          0   entry6b.o
         0          0          0          0          0          0   entry7b.o
         4          0          0          0          0          0   entry8a.o
         0          0          0          0          0          0   entry8b.o
         6          0          0          0          0         68   fclose_f.o
        24          0          0          0          0         76   fflush_f.o
       134          0          0          0          0        172   fopen_f.o
        40          0          0          0          0         80   fputc_fp.o
        30          0          0          0          0          0   handlers.o
        36          8          0          0          0         68   init.o
        32         12          0          0          0         72   initio_oe.o
        10          0          0          0          0         68   isspace_c.o
         0          0          0          0          0          0   iusefp.o
        30          0          0          0          0         68   llshl.o
        36          0          0          0          0         68   llsshr.o
        32          0          0          0          0         68   llushr.o
       188         20          0          0          0        160   malloc.o
        64          0          0          0          0         76   memmovea.o
        36          0          0          0          0        108   memseta.o
         0          0          0          8          0          0   mvars.o
      2296         96          0          0          0        676   printfa.o
        40          8          0          0          0         84   scanf_char.o
         2          0          0          0          0         68   setbuf.o
         0          0          0          0         20          0   stderr_f.o
         0          0          0          0         20          0   stdout_f.o
        28          0          0          0          0         76   strcmp.o
        14          0          0          0          0         68   strlen.o
        30          0          0          0          0         80   strncmp.o
        44          0          0          0          0         80   uidiv.o
        98          0          0          0          0         92   uldiv.o
        48          0          0          0          0         68   cdrcmple.o
       334          0          0          0          0        148   dadd.o
       222          0          0          0          0        100   ddiv.o
       186          0          0          0          0        176   depilogue.o
        48          0          0          0          0         68   dfixul.o
       228          0          0          0          0         96   dmul.o

    ----------------------------------------------------------------------
      9580        786       1028        116        748      14144   Library Totals
        26          0          2          0          4          0   (incl. Padding)

    ----------------------------------------------------------------------

      Code (inc. data)   RO Data    RW Data    ZI Data      Debug   Library Name

       392         18          0          0          0        980   cpprt_w.l
      3324        578        962         92        704       9016   mbed.ar
      4772        190         64         24         40       3492   mc_w.l
      1066          0          0          0          0        656   mf_w.l

    ----------------------------------------------------------------------
      9580        786       1028        116        748      14144   Library Totals

    ----------------------------------------------------------------------

==============================================================================


      Code (inc. data)   RO Data    RW Data    ZI Data      Debug   

     25316       1714       1656        336       3700     271461   Grand Totals
     25316       1714       1656         48       3700     271461   ELF Image Totals (compressed)
     25316       1714       1656         48          0          0   ROM Totals

==============================================================================

    Total RO  Size (Code + RO Data)                26972 (  26.34kB)
    Total RW  Size (RW Data + ZI Data)              4036 (   3.94kB)
    Total ROM Size (Code + RO Data + RW Data)      27020 (  26.39kB)

==============================================================================

